Archive member included because of file (symbol)

d:/devkitPro/libogc/lib/wii\libwiiuse.a(wpad.o)
                              template.o (WPAD_Init)
d:/devkitPro/libogc/lib/wii\libwiiuse.a(motion_plus.o)
                              d:/devkitPro/libogc/lib/wii\libwiiuse.a(wpad.o) (wiiuse_set_motion_plus)
d:/devkitPro/libogc/lib/wii\libwiiuse.a(dynamics.o)
                              d:/devkitPro/libogc/lib/wii\libwiiuse.a(wpad.o) (calculate_gforce)
d:/devkitPro/libogc/lib/wii\libwiiuse.a(io.o)
                              d:/devkitPro/libogc/lib/wii\libwiiuse.a(motion_plus.o) (wiiuse_disable_expansion)
d:/devkitPro/libogc/lib/wii\libwiiuse.a(io_wii.o)
                              d:/devkitPro/libogc/lib/wii\libwiiuse.a(wpad.o) (__wiiuse_sensorbar_enable)
d:/devkitPro/libogc/lib/wii\libwiiuse.a(ir.o)
                              d:/devkitPro/libogc/lib/wii\libwiiuse.a(motion_plus.o) (wiiuse_set_ir_mode)
d:/devkitPro/libogc/lib/wii\libwiiuse.a(nunchuk.o)
                              d:/devkitPro/libogc/lib/wii\libwiiuse.a(io.o) (nunchuk_handshake)
d:/devkitPro/libogc/lib/wii\libwiiuse.a(wiiboard.o)
                              d:/devkitPro/libogc/lib/wii\libwiiuse.a(io.o) (wii_board_handshake)
d:/devkitPro/libogc/lib/wii\libwiiuse.a(wiiuse.o)
                              d:/devkitPro/libogc/lib/wii\libwiiuse.a(io_wii.o) (wiiuse_send_next_command)
d:/devkitPro/libogc/lib/wii\libwiiuse.a(speaker.o)
                              d:/devkitPro/libogc/lib/wii\libwiiuse.a(wpad.o) (wencdata)
d:/devkitPro/libogc/lib/wii\libwiiuse.a(classic.o)
                              d:/devkitPro/libogc/lib/wii\libwiiuse.a(io.o) (classic_ctrl_handshake)
d:/devkitPro/libogc/lib/wii\libwiiuse.a(events.o)
                              d:/devkitPro/libogc/lib/wii\libwiiuse.a(io_wii.o) (parse_event)
d:/devkitPro/libogc/lib/wii\libwiiuse.a(guitar_hero_3.o)
                              d:/devkitPro/libogc/lib/wii\libwiiuse.a(io.o) (guitar_hero_3_handshake)
d:/devkitPro/libogc/lib/wii\libbte.a(bte.o)
                              d:/devkitPro/libogc/lib/wii\libwiiuse.a(wpad.o) (BTE_Init)
d:/devkitPro/libogc/lib/wii\libbte.a(hci.o)
                              d:/devkitPro/libogc/lib/wii\libbte.a(bte.o) (hci_init)
d:/devkitPro/libogc/lib/wii\libbte.a(l2cap.o)
                              d:/devkitPro/libogc/lib/wii\libbte.a(bte.o) (l2cap_init)
d:/devkitPro/libogc/lib/wii\libbte.a(btmemb.o)
                              d:/devkitPro/libogc/lib/wii\libbte.a(bte.o) (btmemb_init)
d:/devkitPro/libogc/lib/wii\libbte.a(btmemr.o)
                              d:/devkitPro/libogc/lib/wii\libbte.a(hci.o) (btmemr_init)
d:/devkitPro/libogc/lib/wii\libbte.a(btpbuf.o)
                              d:/devkitPro/libogc/lib/wii\libbte.a(hci.o) (btpbuf_init)
d:/devkitPro/libogc/lib/wii\libbte.a(physbusif.o)
                              d:/devkitPro/libogc/lib/wii\libbte.a(bte.o) (physbusif_init)
d:/devkitPro/libogc/lib/wii\libogc.a(console.o)
                              template.o (CON_Init)
d:/devkitPro/libogc/lib/wii\libogc.a(lwp_queue.o)
                              d:/devkitPro/libogc/lib/wii\libwiiuse.a(io_wii.o) (__lwp_queue_initialize)
d:/devkitPro/libogc/lib/wii\libogc.a(lwp_threads.o)
                              d:/devkitPro/libogc/lib/wii\libwiiuse.a(wpad.o) (_thread_dispatch_disable_level)
d:/devkitPro/libogc/lib/wii\libogc.a(lwp.o)
                              d:/devkitPro/libogc/lib/wii\libbte.a(bte.o) (LWP_InitQueue)
d:/devkitPro/libogc/lib/wii\libogc.a(lwp_handler.o)
                              d:/devkitPro/libogc/lib/wii\libogc.a(lwp_threads.o) (_cpu_context_save_fp)
d:/devkitPro/libogc/lib/wii\libogc.a(lwp_stack.o)
                              d:/devkitPro/libogc/lib/wii\libogc.a(lwp_threads.o) (__lwp_stack_allocate)
d:/devkitPro/libogc/lib/wii\libogc.a(lwp_watchdog.o)
                              d:/devkitPro/libogc/lib/wii\libogc.a(lwp_threads.o) (_wd_ticks_queue)
d:/devkitPro/libogc/lib/wii\libogc.a(lwp_wkspace.o)
                              d:/devkitPro/libogc/lib/wii\libwiiuse.a(io.o) (__wkspace_heap)
d:/devkitPro/libogc/lib/wii\libogc.a(lwp_objmgr.o)
                              d:/devkitPro/libogc/lib/wii\libogc.a(lwp.o) (__lwp_objmgr_initinfo)
d:/devkitPro/libogc/lib/wii\libogc.a(lwp_heap.o)
                              d:/devkitPro/libogc/lib/wii\libogc.a(lwp_wkspace.o) (__lwp_heap_init)
d:/devkitPro/libogc/lib/wii\libogc.a(sys_state.o)
                              d:/devkitPro/libogc/lib/wii\libogc.a(lwp_threads.o) (_sys_state_curr)
d:/devkitPro/libogc/lib/wii\libogc.a(irq.o)
                              d:/devkitPro/libogc/lib/wii\libwiiuse.a(io_wii.o) (IRQ_Disable)
d:/devkitPro/libogc/lib/wii\libogc.a(video.o)
                              d:/devkitPro/libogc/lib/wii\libogc.a(console.o) (VIDEO_GetCurrentFramebuffer)
d:/devkitPro/libogc/lib/wii\libogc.a(system.o)
[...]
Memory Configuration

Name             Origin             Length             Attributes
*default*        0x00000000         0xffffffff

Linker script and memory map

                0x00003400                . = 0x3400

.stub
 *(.stub)
                0x80004000                . = 0x80004000

.init           0x80004000      0x194
 *crt0.o(*.init)
 .init          0x80004000      0x170 d:/devkitPro/libogc/lib/wii\libogc.a(ogc_crt0.o)
                0x80004000                _start
                0x80004140                _memset
 *(.init)
 .init          0x80004170        0xc d:/devkitpro/devkitppc/bin/../lib/gcc/powerpc-eabi/4.5.1/ecrti.o
                0x80004170                __init
 .init          0x8000417c        0x4 d:/devkitpro/devkitppc/bin/../lib/gcc/powerpc-eabi/4.5.1/crtbegin.o
 .init          0x80004180        0x4 d:/devkitpro/devkitppc/bin/../lib/gcc/powerpc-eabi/4.5.1/crtend.o
 .init          0x80004184       0x10 d:/devkitpro/devkitppc/bin/../lib/gcc/powerpc-eabi/4.5.1/ecrtn.o

.rela.dyn       0x80004194        0x0
 .rela.iplt     0x00000000        0x0 d:/devkitpro/devkitppc/bin/../lib/gcc/powerpc-eabi/4.5.1/crtbegin.o

.plt
 *(.plt)

.interp
 *(.interp)

.hash
 *(.hash)

.dynsym
 *(.dynsym)

.dynstr
 *(.dynstr)

.gnu.version
 *(.gnu.version)

.gnu.version_d
 *(.gnu.version_d)

.gnu.version_r
 *(.gnu.version_r)

.rel.init
 *(.rel.init)

.rela.init      0x80004194        0x0
 *(.rela.init)
 .rela.init     0x00000000        0x0 d:/devkitpro/devkitppc/bin/../lib/gcc/powerpc-eabi/4.5.1/crtbegin.o

.rel.text
 *(.rel.text .rel.text.* .rel.gnu.linkonce.t.*)

.rela.text      0x80004194        0x0
 *(.rela.text .rela.text.* .rela.gnu.linkonce.t.*)
 .rela.text     0x00000000        0x0 d:/devkitpro/devkitppc/bin/../lib/gcc/powerpc-eabi/4.5.1/crtbegin.o
 .rela.text.wiiuse_handshake_expansion
                0x00000000        0x0 d:/devkitpro/devkitppc/bin/../lib/gcc/powerpc-eabi/4.5.1/crtbegin.o
 .rela.text.wiiuse_handshake
                0x00000000        0x0 d:/devkitpro/devkitppc/bin/../lib/gcc/powerpc-eabi/4.5.1/crtbegin.o
 .rela.text.wiiuse_init_cmd_queue
                0x00000000        0x0 d:/devkitpro/devkitppc/bin/../lib/gcc/powerpc-eabi/4.5.1/crtbegin.o
 .rela.text.wiiuse_init
                0x00000000        0x0 d:/devkitpro/devkitppc/bin/../lib/gcc/powerpc-eabi/4.5.1/crtbegin.o
 .rela.text.bt_alarmhandler
                0x00000000        0x0 d:/devkitpro/devkitppc/bin/../lib/gcc/powerpc-eabi/4.5.1/crtbegin.o
 .rela.text.__console_init
                0x00000000        0x0 d:/devkitpro/devkitppc/bin/../lib/gcc/powerpc-eabi/4.5.1/crtbegin.o
 .rela.text.__console_init_ex
                0x00000000        0x0 d:/devkitpro/devkitppc/bin/../lib/gcc/powerpc-eabi/4.5.1/crtbegin.o
 .rela.text.CON_EnableGecko
                0x00000000        0x0 d:/devkitpro/devkitppc/bin/../lib/gcc/powerpc-eabi/4.5.1/crtbegin.o
 .rela.text.__lwp_thread_calcheir
                0x00000000        0x0 d:/devkitpro/devkitppc/bin/../lib/gcc/powerpc-eabi/4.5.1/crtbegin.o
 .rela.text.__lwp_wd_insert_ticks.clone.2
                0x00000000        0x0 d:/devkitpro/devkitppc/bin/../lib/gcc/powerpc-eabi/4.5.1/crtbegin.o
 .rela.text.__lwp_rotate_readyqueue
                0x00000000        0x0 d:/devkitpro/devkitppc/bin/../lib/gcc/powerpc-eabi/4.5.1/crtbegin.o
 .rela.text.__lwp_thread_setpriority
                0x00000000        0x0 d:/devkitpro/devkitppc/bin/../lib/gcc/powerpc-eabi/4.5.1/crtbegin.o
 .rela.text.__lwp_thread_close
                0x00000000        0x0 d:/devkitpro/devkitppc/bin/../lib/gcc/powerpc-eabi/4.5.1/crtbegin.o
 .rela.text.__lwp_thread_closeall
                0x00000000        0x0 d:/devkitpro/devkitppc/bin/../lib/gcc/powerpc-eabi/4.5.1/crtbegin.o
 .rela.text.__lwp_thread_startmultitasking
                0x00000000        0x0 d:/devkitpro/devkitppc/bin/../lib/gcc/powerpc-eabi/4.5.1/crtbegin.o
 .rela.text.__lwp_thread_stopmultitasking
                0x00000000        0x0 d:/devkitpro/devkitppc/bin/../lib/gcc/powerpc-eabi/4.5.1/crtbegin.o
 .rela.text.__lwp_thread_coreinit
                0x00000000        0x0 d:/devkitpro/devkitppc/bin/../lib/gcc/powerpc-eabi/4.5.1/crtbegin.o
 .rela.text.__lwp_tqueue_open
                0x00000000        0x0 d:/devkitpro/devkitppc/bin/../lib/gcc/powerpc-eabi/4.5.1/crtbegin.o
 .rela.text.__lwp_cntrl_open
                0x00000000        0x0 d:/devkitpro/devkitppc/bin/../lib/gcc/powerpc-eabi/4.5.1/crtbegin.o
 .rela.text.__lwp_cntrl_free
                0x00000000        0x0 d:/devkitpro/devkitppc/bin/../lib/gcc/powerpc-eabi/4.5.1/crtbegin.o
 .rela.text.__lwp_sysinit
                0x00000000        0x0 d:/devkitpro/devkitppc/bin/../lib/gcc/powerpc-eabi/4.5.1/crtbegin.o
 .rela.text.__lwp_thread_isalive
                0x00000000        0x0 d:/devkitpro/devkitppc/bin/../lib/gcc/powerpc-eabi/4.5.1/crtbegin.o
 .rela.text.__lwp_thread_exists
                0x00000000        0x0 d:/devkitpro/devkitppc/bin/../lib/gcc/powerpc-eabi/4.5.1/crtbegin.o
 .rela.text.__lwp_thread_context
                0x00000000        0x0 d:/devkitpro/devkitppc/bin/../lib/gcc/powerpc-eabi/4.5.1/crtbegin.o
 .rela.text.LWP_CreateThread
                0x00000000        0x0 d:/devkitpro/devkitppc/bin/../lib/gcc/powerpc-eabi/4.5.1/crtbegin.o
 .rela.text.LWP_InitQueue
                0x00000000        0x0 d:/devkitpro/devkitppc/bin/../lib/gcc/powerpc-eabi/4.5.1/crtbegin.o
 .rela.text.LWP_CloseQueue
                0x00000000        0x0 d:/devkitpro/devkitppc/bin/../lib/gcc/powerpc-eabi/4.5.1/crtbegin.o
 .rela.text.__lwp_stack_allocate
                0x00000000        0x0 d:/devkitpro/devkitppc/bin/../lib/gcc/powerpc-eabi/4.5.1/crtbegin.o
 .rela.text.__lwp_stack_free
                0x00000000        0x0 d:/devkitpro/devkitppc/bin/../lib/gcc/powerpc-eabi/4.5.1/crtbegin.o
 .rela.text.__lwp_watchdog_init
                0x00000000        0x0 d:/devkitpro/devkitppc/bin/../lib/gcc/powerpc-eabi/4.5.1/crtbegin.o
 .rela.text.__lwp_wd_tickle
                0x00000000        0x0 d:/devkitpro/devkitppc/bin/../lib/gcc/powerpc-eabi/4.5.1/crtbegin.o
 .rela.text.__lwp_wkspace_heapfree
                0x00000000        0x0 d:/devkitpro/devkitppc/bin/../lib/gcc/powerpc-eabi/4.5.1/crtbegin.o
 .rela.text.__lwp_wkspace_heapused
                0x00000000        0x0 d:/devkitpro/devkitppc/bin/../lib/gcc/powerpc-eabi/4.5.1/crtbegin.o
 .rela.text.__lwp_wkspace_init
                0x00000000        0x0 d:/devkitpro/devkitppc/bin/../lib/gcc/powerpc-eabi/4.5.1/crtbegin.o
 .rela.text.__lwp_objmgr_initinfo
                0x00000000        0x0 d:/devkitpro/devkitppc/bin/../lib/gcc/powerpc-eabi/4.5.1/crtbegin.o
 .rela.text.__irq_init
                0x00000000        0x0 d:/devkitpro/devkitppc/bin/../lib/gcc/powerpc-eabi/4.5.1/crtbegin.o
 .rela.text.__call_resetfuncs
                0x00000000        0x0 d:/devkitpro/devkitppc/bin/../lib/gcc/powerpc-eabi/4.5.1/crtbegin.o
 .rela.text.__locksram
                0x00000000        0x0 d:/devkitpro/devkitppc/bin/../lib/gcc/powerpc-eabi/4.5.1/crtbegin.o
 .rela.text.__sys_alarmhandler
                0x00000000        0x0 d:/devkitpro/devkitppc/bin/../lib/gcc/powerpc-eabi/4.5.1/crtbegin.o
 .rela.text.__unlocksram
                0x00000000        0x0 d:/devkitpro/devkitppc/bin/../lib/gcc/powerpc-eabi/4.5.1/crtbegin.o
 .rela.text.__sram_writecallback
                0x00000000        0x0 d:/devkitpro/devkitppc/bin/../lib/gcc/powerpc-eabi/4.5.1/crtbegin.o
 .rela.text.__sram_init
                0x00000000        0x0 d:/devkitpro/devkitppc/bin/../lib/gcc/powerpc-eabi/4.5.1/crtbegin.o
 .rela.text.__SYS_SyncSram
                0x00000000        0x0 d:/devkitpro/devkitppc/bin/../lib/gcc/powerpc-eabi/4.5.1/crtbegin.o
 .rela.text.SYS_Init
                0x00000000        0x0 d:/devkitpro/devkitppc/bin/../lib/gcc/powerpc-eabi/4.5.1/crtbegin.o
 .rela.text.SYS_SetAlarm
                0x00000000        0x0 d:/devkitpro/devkitppc/bin/../lib/gcc/powerpc-eabi/4.5.1/crtbegin.o
 .rela.text.SYS_SetPeriodicAlarm
                0x00000000        0x0 d:/devkitpro/devkitppc/bin/../lib/gcc/powerpc-eabi/4.5.1/crtbegin.o
 .rela.text.SYS_RemoveAlarm
                0x00000000        0x0 d:/devkitpro/devkitppc/bin/../lib/gcc/powerpc-eabi/4.5.1/crtbegin.o
 .rela.text.SYS_CancelAlarm
                0x00000000        0x0 d:/devkitpro/devkitppc/bin/../lib/gcc/powerpc-eabi/4.5.1/crtbegin.o
 .rela.text.__lwp_cond_open
                0x00000000        0x0 d:/devkitpro/devkitppc/bin/../lib/gcc/powerpc-eabi/4.5.1/crtbegin.o
 .rela.text.__lwp_cond_init
                0x00000000        0x0 d:/devkitpro/devkitppc/bin/../lib/gcc/powerpc-eabi/4.5.1/crtbegin.o
 .rela.text.LWP_CondInit
                0x00000000        0x0 d:/devkitpro/devkitppc/bin/../lib/gcc/powerpc-eabi/4.5.1/crtbegin.o
 .rela.text.LWP_CondDestroy
                0x00000000        0x0 d:/devkitpro/devkitppc/bin/../lib/gcc/powerpc-eabi/4.5.1/crtbegin.o
 .rela.text.c_decrementer_handler
                0x00000000        0x0 d:/devkitpro/devkitppc/bin/../lib/gcc/powerpc-eabi/4.5.1/crtbegin.o
 .rela.text.__lwp_mqbox_open
                0x00000000        0x0 d:/devkitpro/devkitppc/bin/../lib/gcc/powerpc-eabi/4.5.1/crtbegin.o
 .rela.text.__lwp_mqbox_free
                0x00000000        0x0 d:/devkitpro/devkitppc/bin/../lib/gcc/powerpc-eabi/4.5.1/crtbegin.o
 .rela.text.__lwp_mqbox_init
                0x00000000        0x0 d:/devkitpro/devkitppc/bin/../lib/gcc/powerpc-eabi/4.5.1/crtbegin.o
 .rela.text.MQ_Init
                0x00000000        0x0 d:/devkitpro/devkitppc/bin/../lib/gcc/powerpc-eabi/4.5.1/crtbegin.o
 .rela.text.__lwp_wkspace_free
                0x00000000        0x0 d:/devkitpro/devkitppc/bin/../lib/gcc/powerpc-eabi/4.5.1/crtbegin.o
 .rela.text.__ios_ioctlvformat_parse
                0x00000000        0x0 d:/devkitpro/devkitppc/bin/../lib/gcc/powerpc-eabi/4.5.1/crtbegin.o
 .rela.text.IOS_IoctlvFormat
                0x00000000        0x0 d:/devkitpro/devkitppc/bin/../lib/gcc/powerpc-eabi/4.5.1/crtbegin.o
 .rela.text.IOS_IoctlvFormatAsync
                0x00000000        0x0 d:/devkitpro/devkitppc/bin/../lib/gcc/powerpc-eabi/4.5.1/crtbegin.o
 .rela.text.nanosleep
                0x00000000        0x0 d:/devkitpro/devkitppc/bin/../lib/gcc/powerpc-eabi/4.5.1/crtbegin.o
 .rela.text.__libc_delete_hook
                0x00000000        0x0 d:/devkitpro/devkitppc/bin/../lib/gcc/powerpc-eabi/4.5.1/crtbegin.o
 .rela.text.__libc_init
                0x00000000        0x0 d:/devkitpro/devkitppc/bin/../lib/gcc/powerpc-eabi/4.5.1/crtbegin.o
 .rela.text.__libc_wrapup
                0x00000000        0x0 d:/devkitpro/devkitppc/bin/../lib/gcc/powerpc-eabi/4.5.1/crtbegin.o
 .rela.text.__CheckARGV
                0x00000000        0x0 d:/devkitpro/devkitppc/bin/../lib/gcc/powerpc-eabi/4.5.1/crtbegin.o
 .rela.text.__lwp_priority_init
                0x00000000        0x0 d:/devkitpro/devkitppc/bin/../lib/gcc/powerpc-eabi/4.5.1/crtbegin.o
 .rela.text.__lwp_wd_remove_ticks
                0x00000000        0x0 d:/devkitpro/devkitppc/bin/../lib/gcc/powerpc-eabi/4.5.1/crtbegin.o
 .rela.text.__lwp_threadqueue_enqueue
                0x00000000        0x0 d:/devkitpro/devkitppc/bin/../lib/gcc/powerpc-eabi/4.5.1/crtbegin.o
 .rela.text.__lwpmq_initialize
                0x00000000        0x0 d:/devkitpro/devkitppc/bin/../lib/gcc/powerpc-eabi/4.5.1/crtbegin.o
 .rela.text.__lwpmq_close
                0x00000000        0x0 d:/devkitpro/devkitppc/bin/../lib/gcc/powerpc-eabi/4.5.1/crtbegin.o
 .rela.text.__systemcall_init
                0x00000000        0x0 d:/devkitpro/devkitppc/bin/../lib/gcc/powerpc-eabi/4.5.1/crtbegin.o
 .rela.text.__exception_init
                0x00000000        0x0 d:/devkitpro/devkitppc/bin/../lib/gcc/powerpc-eabi/4.5.1/crtbegin.o
 .rela.text.__exception_close
                0x00000000        0x0 d:/devkitpro/devkitppc/bin/../lib/gcc/powerpc-eabi/4.5.1/crtbegin.o
 .rela.text.__exception_sethandler
                0x00000000        0x0 d:/devkitpro/devkitppc/bin/../lib/gcc/powerpc-eabi/4.5.1/crtbegin.o
 .rela.text.__lwp_sema_open
                0x00000000        0x0 d:/devkitpro/devkitppc/bin/../lib/gcc/powerpc-eabi/4.5.1/crtbegin.o
 .rela.text.__lwp_sema_init
                0x00000000        0x0 d:/devkitpro/devkitppc/bin/../lib/gcc/powerpc-eabi/4.5.1/crtbegin.o
 .rela.text.LWP_SemInit
                0x00000000        0x0 d:/devkitpro/devkitppc/bin/../lib/gcc/powerpc-eabi/4.5.1/crtbegin.o
 .rela.text.LWP_SemDestroy
                0x00000000        0x0 d:/devkitpro/devkitppc/bin/../lib/gcc/powerpc-eabi/4.5.1/crtbegin.o
 .rela.text.__lwp_mutex_open
                0x00000000        0x0 d:/devkitpro/devkitppc/bin/../lib/gcc/powerpc-eabi/4.5.1/crtbegin.o
 .rela.text.__lwp_mutex_locksupp.clone.6
                0x00000000        0x0 d:/devkitpro/devkitppc/bin/../lib/gcc/powerpc-eabi/4.5.1/crtbegin.o
 .rela.text.__lwp_mutex_init
                0x00000000        0x0 d:/devkitpro/devkitppc/bin/../lib/gcc/powerpc-eabi/4.5.1/crtbegin.o
 .rela.text.LWP_MutexInit
                0x00000000        0x0 d:/devkitpro/devkitppc/bin/../lib/gcc/powerpc-eabi/4.5.1/crtbegin.o
 .rela.text.LWP_MutexDestroy
                0x00000000        0x0 d:/devkitpro/devkitppc/bin/../lib/gcc/powerpc-eabi/4.5.1/crtbegin.o
 .rela.text.__GX_FifoLink
                0x00000000        0x0 d:/devkitpro/devkitppc/bin/../lib/gcc/powerpc-eabi/4.5.1/crtbegin.o
 .rela.text.__GX_WriteFifoIntEnable
                0x00000000        0x0 d:/devkitpro/devkitppc/bin/../lib/gcc/powerpc-eabi/4.5.1/crtbegin.o
 .rela.text.__GX_FifoReadEnable
                0x00000000        0x0 d:/devkitpro/devkitppc/bin/../lib/gcc/powerpc-eabi/4.5.1/crtbegin.o
 .rela.text.__GX_FifoReadDisable
                0x00000000        0x0 d:/devkitpro/devkitppc/bin/../lib/gcc/powerpc-eabi/4.5.1/crtbegin.o
 .rela.text.__GX_InitRevBits
                0x00000000        0x0 d:/devkitpro/devkitppc/bin/../lib/gcc/powerpc-eabi/4.5.1/crtbegin.o
 .rela.text.__GXDefTexRegionCallback
                0x00000000        0x0 d:/devkitpro/devkitppc/bin/../lib/gcc/powerpc-eabi/4.5.1/crtbegin.o
 .rela.text.__GXDefTlutRegionCallback
                0x00000000        0x0 d:/devkitpro/devkitppc/bin/../lib/gcc/powerpc-eabi/4.5.1/crtbegin.o
 .rela.text.__GX_FlushTextureState
                0x00000000        0x0 d:/devkitpro/devkitppc/bin/../lib/gcc/powerpc-eabi/4.5.1/crtbegin.o
 .rela.text.__GX_SetMatrixIndex
                0x00000000        0x0 d:/devkitpro/devkitppc/bin/../lib/gcc/powerpc-eabi/4.5.1/crtbegin.o
 .rela.text.__SetSURegs
                0x00000000        0x0 d:/devkitpro/devkitppc/bin/../lib/gcc/powerpc-eabi/4.5.1/crtbegin.o
 .rela.text.__GX_SetDirtyState
                0x00000000        0x0 d:/devkitpro/devkitppc/bin/../lib/gcc/powerpc-eabi/4.5.1/crtbegin.o
 .rela.text.__SETVCDATTR
                0x00000000        0x0 d:/devkitpro/devkitppc/bin/../lib/gcc/powerpc-eabi/4.5.1/crtbegin.o
 .rela.text.__SETVCDFMT
                0x00000000        0x0 d:/devkitpro/devkitppc/bin/../lib/gcc/powerpc-eabi/4.5.1/crtbegin.o
 .rela.text.__GX_WriteFifoIntReset.clone.1
                0x00000000        0x0 d:/devkitpro/devkitppc/bin/../lib/gcc/powerpc-eabi/4.5.1/crtbegin.o
 .rela.text.__GXCPInterruptHandler
                0x00000000        0x0 d:/devkitpro/devkitppc/bin/../lib/gcc/powerpc-eabi/4.5.1/crtbegin.o
 .rela.text.GX_Flush
                0x00000000        0x0 d:/devkitpro/devkitppc/bin/../lib/gcc/powerpc-eabi/4.5.1/crtbegin.o
 .rela.text.GX_EnableBreakPt
                0x00000000        0x0 d:/devkitpro/devkitppc/bin/../lib/gcc/powerpc-eabi/4.5.1/crtbegin.o
 .rela.text.GX_DisableBreakPt
                0x00000000        0x0 d:/devkitpro/devkitppc/bin/../lib/gcc/powerpc-eabi/4.5.1/crtbegin.o
 .rela.text.GX_AbortFrame
                0x00000000        0x0 d:/devkitpro/devkitppc/bin/../lib/gcc/powerpc-eabi/4.5.1/crtbegin.o
 .rela.text.GX_PixModeSync
                0x00000000        0x0 d:/devkitpro/devkitppc/bin/../lib/gcc/powerpc-eabi/4.5.1/crtbegin.o
 .rela.text.GX_SetMisc
                0x00000000        0x0 d:/devkitpro/devkitppc/bin/../lib/gcc/powerpc-eabi/4.5.1/crtbegin.o
 .rela.text.GX_SetCopyClamp
                0x00000000        0x0 d:/devkitpro/devkitppc/bin/../lib/gcc/powerpc-eabi/4.5.1/crtbegin.o
 .rela.text.GX_SetDispCopyGamma
                0x00000000        0x0 d:/devkitpro/devkitppc/bin/../lib/gcc/powerpc-eabi/4.5.1/crtbegin.o
 .rela.text.GX_SetDispCopyFrame2Field
                0x00000000        0x0 d:/devkitpro/devkitppc/bin/../lib/gcc/powerpc-eabi/4.5.1/crtbegin.o
 .rela.text.GX_SetDispCopyYScale
                0x00000000        0x0 d:/devkitpro/devkitppc/bin/../lib/gcc/powerpc-eabi/4.5.1/crtbegin.o
 .rela.text.GX_SetDispCopyDst
                0x00000000        0x0 d:/devkitpro/devkitppc/bin/../lib/gcc/powerpc-eabi/4.5.1/crtbegin.o
 .rela.text.GX_SetDispCopySrc
                0x00000000        0x0 d:/devkitpro/devkitppc/bin/../lib/gcc/powerpc-eabi/4.5.1/crtbegin.o
 .rela.text.GX_CopyDisp
                0x00000000        0x0 d:/devkitpro/devkitppc/bin/../lib/gcc/powerpc-eabi/4.5.1/crtbegin.o
 .rela.text.GX_CopyTex
                0x00000000        0x0 d:/devkitpro/devkitppc/bin/../lib/gcc/powerpc-eabi/4.5.1/crtbegin.o
 .rela.text.GX_SetTexCopySrc
                0x00000000        0x0 d:/devkitpro/devkitppc/bin/../lib/gcc/powerpc-eabi/4.5.1/crtbegin.o
 .rela.text.GX_SetTexCopyDst
                0x00000000        0x0 d:/devkitpro/devkitppc/bin/../lib/gcc/powerpc-eabi/4.5.1/crtbegin.o
 .rela.text.GX_BeginDispList
                0x00000000        0x0 d:/devkitpro/devkitppc/bin/../lib/gcc/powerpc-eabi/4.5.1/crtbegin.o
 .rela.text.GX_EndDispList
                0x00000000        0x0 d:/devkitpro/devkitppc/bin/../lib/gcc/powerpc-eabi/4.5.1/crtbegin.o
 .rela.text.GX_CallDispList
                0x00000000        0x0 d:/devkitpro/devkitppc/bin/../lib/gcc/powerpc-eabi/4.5.1/crtbegin.o
 .rela.text.GX_SetChanCtrl
                0x00000000        0x0 d:/devkitpro/devkitppc/bin/../lib/gcc/powerpc-eabi/4.5.1/crtbegin.o
 .rela.text.GX_SetChanAmbColor
                0x00000000        0x0 d:/devkitpro/devkitppc/bin/../lib/gcc/powerpc-eabi/4.5.1/crtbegin.o
 .rela.text.GX_SetChanMatColor
                0x00000000        0x0 d:/devkitpro/devkitppc/bin/../lib/gcc/powerpc-eabi/4.5.1/crtbegin.o
 .rela.text.GX_SetVtxDesc
                0x00000000        0x0 d:/devkitpro/devkitppc/bin/../lib/gcc/powerpc-eabi/4.5.1/crtbegin.o
 .rela.text.GX_SetVtxDescv
                0x00000000        0x0 d:/devkitpro/devkitppc/bin/../lib/gcc/powerpc-eabi/4.5.1/crtbegin.o
 .rela.text.GX_GetVtxDescv
                0x00000000        0x0 d:/devkitpro/devkitppc/bin/../lib/gcc/powerpc-eabi/4.5.1/crtbegin.o
 .rela.text.GX_SetVtxAttrFmt
                0x00000000        0x0 d:/devkitpro/devkitppc/bin/../lib/gcc/powerpc-eabi/4.5.1/crtbegin.o
 .rela.text.GX_SetVtxAttrFmtv
                0x00000000        0x0 d:/devkitpro/devkitppc/bin/../lib/gcc/powerpc-eabi/4.5.1/crtbegin.o
 .rela.text.GX_Begin
                0x00000000        0x0 d:/devkitpro/devkitppc/bin/../lib/gcc/powerpc-eabi/4.5.1/crtbegin.o
 .rela.text.GX_SetTexCoordGen2
                0x00000000        0x0 d:/devkitpro/devkitppc/bin/../lib/gcc/powerpc-eabi/4.5.1/crtbegin.o
 .rela.text.GX_SetCurrentMtx
                0x00000000        0x0 d:/devkitpro/devkitppc/bin/../lib/gcc/powerpc-eabi/4.5.1/crtbegin.o
 .rela.text.GX_SetNumTexGens
                0x00000000        0x0 d:/devkitpro/devkitppc/bin/../lib/gcc/powerpc-eabi/4.5.1/crtbegin.o
 .rela.text.GX_SetZMode
                0x00000000        0x0 d:/devkitpro/devkitppc/bin/../lib/gcc/powerpc-eabi/4.5.1/crtbegin.o
 .rela.text.GX_LoadTexObjPreloaded
                0x00000000        0x0 d:/devkitpro/devkitppc/bin/../lib/gcc/powerpc-eabi/4.5.1/crtbegin.o
 .rela.text.GX_SetTexCoordScaleManually
                0x00000000        0x0 d:/devkitpro/devkitppc/bin/../lib/gcc/powerpc-eabi/4.5.1/crtbegin.o
 .rela.text.GX_SetTexCoordCylWrap
                0x00000000        0x0 d:/devkitpro/devkitppc/bin/../lib/gcc/powerpc-eabi/4.5.1/crtbegin.o
 .rela.text.GX_SetTexCoordBias
                0x00000000        0x0 d:/devkitpro/devkitppc/bin/../lib/gcc/powerpc-eabi/4.5.1/crtbegin.o
 .rela.text.GX_SetBlendMode
                0x00000000        0x0 d:/devkitpro/devkitppc/bin/../lib/gcc/powerpc-eabi/4.5.1/crtbegin.o
 .rela.text.GX_ClearVtxDesc
                0x00000000        0x0 d:/devkitpro/devkitppc/bin/../lib/gcc/powerpc-eabi/4.5.1/crtbegin.o
 .rela.text.GX_SetLineWidth
                0x00000000        0x0 d:/devkitpro/devkitppc/bin/../lib/gcc/powerpc-eabi/4.5.1/crtbegin.o
 .rela.text.GX_SetPointSize
                0x00000000        0x0 d:/devkitpro/devkitppc/bin/../lib/gcc/powerpc-eabi/4.5.1/crtbegin.o
 .rela.text.GX_SetTevColorIn
                0x00000000        0x0 d:/devkitpro/devkitppc/bin/../lib/gcc/powerpc-eabi/4.5.1/crtbegin.o
 .rela.text.GX_SetTevAlphaIn
                0x00000000        0x0 d:/devkitpro/devkitppc/bin/../lib/gcc/powerpc-eabi/4.5.1/crtbegin.o
 .rela.text.GX_SetTevColorOp
                0x00000000        0x0 d:/devkitpro/devkitppc/bin/../lib/gcc/powerpc-eabi/4.5.1/crtbegin.o
 .rela.text.GX_SetTevAlphaOp
                0x00000000        0x0 d:/devkitpro/devkitppc/bin/../lib/gcc/powerpc-eabi/4.5.1/crtbegin.o
 .rela.text.GX_SetCullMode
                0x00000000        0x0 d:/devkitpro/devkitppc/bin/../lib/gcc/powerpc-eabi/4.5.1/crtbegin.o
 .rela.text.GX_SetCoPlanar
                0x00000000        0x0 d:/devkitpro/devkitppc/bin/../lib/gcc/powerpc-eabi/4.5.1/crtbegin.o
 .rela.text.GX_EnableTexOffsets
                0x00000000        0x0 d:/devkitpro/devkitppc/bin/../lib/gcc/powerpc-eabi/4.5.1/crtbegin.o
 .rela.text.GX_SetScissor
                0x00000000        0x0 d:/devkitpro/devkitppc/bin/../lib/gcc/powerpc-eabi/4.5.1/crtbegin.o
 .rela.text.GX_SetNumChans
                0x00000000        0x0 d:/devkitpro/devkitppc/bin/../lib/gcc/powerpc-eabi/4.5.1/crtbegin.o
 .rela.text.GX_SetTevOrder
                0x00000000        0x0 d:/devkitpro/devkitppc/bin/../lib/gcc/powerpc-eabi/4.5.1/crtbegin.o
 .rela.text.GX_SetNumTevStages
                0x00000000        0x0 d:/devkitpro/devkitppc/bin/../lib/gcc/powerpc-eabi/4.5.1/crtbegin.o
 .rela.text.GX_SetTevKColorSel
                0x00000000        0x0 d:/devkitpro/devkitppc/bin/../lib/gcc/powerpc-eabi/4.5.1/crtbegin.o
 .rela.text.GX_SetTevKAlphaSel
                0x00000000        0x0 d:/devkitpro/devkitppc/bin/../lib/gcc/powerpc-eabi/4.5.1/crtbegin.o
 .rela.text.GX_SetTevSwapMode
                0x00000000        0x0 d:/devkitpro/devkitppc/bin/../lib/gcc/powerpc-eabi/4.5.1/crtbegin.o
 .rela.text.GX_SetTevSwapModeTable
                0x00000000        0x0 d:/devkitpro/devkitppc/bin/../lib/gcc/powerpc-eabi/4.5.1/crtbegin.o
 .rela.text.GX_SetNumIndStages
                0x00000000        0x0 d:/devkitpro/devkitppc/bin/../lib/gcc/powerpc-eabi/4.5.1/crtbegin.o
 .rela.text.GX_SetIndTexCoordScale
                0x00000000        0x0 d:/devkitpro/devkitppc/bin/../lib/gcc/powerpc-eabi/4.5.1/crtbegin.o
 .rela.text.GX_SetColorUpdate
                0x00000000        0x0 d:/devkitpro/devkitppc/bin/../lib/gcc/powerpc-eabi/4.5.1/crtbegin.o
 .rela.text.GX_SetAlphaUpdate
                0x00000000        0x0 d:/devkitpro/devkitppc/bin/../lib/gcc/powerpc-eabi/4.5.1/crtbegin.o
 .rela.text.GX_SetZCompLoc
                0x00000000        0x0 d:/devkitpro/devkitppc/bin/../lib/gcc/powerpc-eabi/4.5.1/crtbegin.o
 .rela.text.GX_SetPixelFmt
                0x00000000        0x0 d:/devkitpro/devkitppc/bin/../lib/gcc/powerpc-eabi/4.5.1/crtbegin.o
 .rela.text.GX_SetDither
                0x00000000        0x0 d:/devkitpro/devkitppc/bin/../lib/gcc/powerpc-eabi/4.5.1/crtbegin.o
 .rela.text.GX_SetDstAlpha
                0x00000000        0x0 d:/devkitpro/devkitppc/bin/../lib/gcc/powerpc-eabi/4.5.1/crtbegin.o
 .rela.text.GX_SetFieldMode
                0x00000000        0x0 d:/devkitpro/devkitppc/bin/../lib/gcc/powerpc-eabi/4.5.1/crtbegin.o
 .rela.text.GX_SetIndTexOrder
                0x00000000        0x0 d:/devkitpro/devkitppc/bin/../lib/gcc/powerpc-eabi/4.5.1/crtbegin.o
 .rela.text.GX_SetGPMetric
                0x00000000        0x0 d:/devkitpro/devkitppc/bin/../lib/gcc/powerpc-eabi/4.5.1/crtbegin.o
 .rela.text.GX_Init
                0x00000000        0x0 d:/devkitpro/devkitppc/bin/../lib/gcc/powerpc-eabi/4.5.1/crtbegin.o
 .rela.text.GX_ReadGPMetric
                0x00000000        0x0 d:/devkitpro/devkitppc/bin/../lib/gcc/powerpc-eabi/4.5.1/crtbegin.o
 .rela.text.kprintf
                0x00000000        0x0 d:/devkitpro/devkitppc/bin/../lib/gcc/powerpc-eabi/4.5.1/crtbegin.o
 .rela.text.atangent
                0x00000000        0x0 d:/devkitpro/devkitppc/bin/../lib/gcc/powerpc-eabi/4.5.1/crtbegin.o
 .rela.text.calloc
                0x00000000        0x0 d:/devkitpro/devkitppc/bin/../lib/gcc/powerpc-eabi/4.5.1/crtbegin.o
 .rela.text.__errno
                0x00000000        0x0 d:/devkitpro/devkitppc/bin/../lib/gcc/powerpc-eabi/4.5.1/crtbegin.o
 .rela.text.exit
                0x00000000        0x0 d:/devkitpro/devkitppc/bin/../lib/gcc/powerpc-eabi/4.5.1/crtbegin.o
 .rela.text.fprintf
                0x00000000        0x0 d:/devkitpro/devkitppc/bin/../lib/gcc/powerpc-eabi/4.5.1/crtbegin.o
 .rela.text.fputs
                0x00000000        0x0 d:/devkitpro/devkitppc/bin/../lib/gcc/powerpc-eabi/4.5.1/crtbegin.o
 .rela.text._malloc_trim_r
                0x00000000        0x0 d:/devkitpro/devkitppc/bin/../lib/gcc/powerpc-eabi/4.5.1/crtbegin.o
 .rela.text._free_r
                0x00000000        0x0 d:/devkitpro/devkitppc/bin/../lib/gcc/powerpc-eabi/4.5.1/crtbegin.o
 .rela.text.setvbuf
                0x00000000        0x0 d:/devkitpro/devkitppc/bin/../lib/gcc/powerpc-eabi/4.5.1/crtbegin.o
 .rela.text._svfprintf_r
                0x00000000        0x0 d:/devkitpro/devkitppc/bin/../lib/gcc/powerpc-eabi/4.5.1/crtbegin.o
 .rela.text._vfprintf_r
                0x00000000        0x0 d:/devkitpro/devkitppc/bin/../lib/gcc/powerpc-eabi/4.5.1/crtbegin.o
 .rela.text._wcrtomb_r
                0x00000000        0x0 d:/devkitpro/devkitppc/bin/../lib/gcc/powerpc-eabi/4.5.1/crtbegin.o
 .rela.text.wcrtomb
                0x00000000        0x0 d:/devkitpro/devkitppc/bin/../lib/gcc/powerpc-eabi/4.5.1/crtbegin.o
 .rela.text._dtoa_r
                0x00000000        0x0 d:/devkitpro/devkitppc/bin/../lib/gcc/powerpc-eabi/4.5.1/crtbegin.o
 .rela.text._cleanup_r
                0x00000000        0x0 d:/devkitpro/devkitppc/bin/../lib/gcc/powerpc-eabi/4.5.1/crtbegin.o
 .rela.text.__sinit
                0x00000000        0x0 d:/devkitpro/devkitppc/bin/../lib/gcc/powerpc-eabi/4.5.1/crtbegin.o
 .rela.text.loadlocale
                0x00000000        0x0 d:/devkitpro/devkitppc/bin/../lib/gcc/powerpc-eabi/4.5.1/crtbegin.o
 .rela.text.__smakebuf_r
                0x00000000        0x0 d:/devkitpro/devkitppc/bin/../lib/gcc/powerpc-eabi/4.5.1/crtbegin.o
 .rela.text._findenv_r
                0x00000000        0x0 d:/devkitpro/devkitppc/bin/../lib/gcc/powerpc-eabi/4.5.1/crtbegin.o

.rel.fini
 *(.rel.fini)

.rela.fini
 *(.rela.fini)

.rel.rodata
 *(.rel.rodata .rel.rodata.* .rel.gnu.linkonce.r.*)

.rela.rodata
 *(.rela.rodata .rela.rodata.* .rela.gnu.linkonce.r.*)

.rel.data
 *(.rel.data .rel.data.* .rel.gnu.linkonce.d.*)

.rela.data
 *(.rela.data .rela.data.* .rela.gnu.linkonce.d.*)

.rel.tdata
 *(.rel.tdata .rel.tdata.* .rel.gnu.linkonce.td.*)

.rela.tdata
 *(.rela.tdata .rela.tdata.* .rela.gnu.linkonce.td.*)

.rel.tbss
 *(.rel.tbss .rel.tbss.* .rel.gnu.linkonce.tb.*)

.rela.tbss
 *(.rela.tbss .rela.tbss.* .rela.gnu.linkonce.tb.*)

.rel.ctors
 *(.rel.ctors)

.rela.ctors
 *(.rela.ctors)

.rel.dtors
 *(.rel.dtors)

.rela.dtors
 *(.rela.dtors)

.rel.got
 *(.rel.got)

.rela.got
 *(.rela.got)

.rela.got1
 *(.rela.got1)

.rela.got2      0x80004194        0x0
 *(.rela.got2)
 .rela.got2     0x00000000        0x0 d:/devkitpro/devkitppc/bin/../lib/gcc/powerpc-eabi/4.5.1/crtbegin.o

.rel.sdata
 *(.rel.sdata .rel.sdata.* .rel.gnu.linkonce.s.*)

.rela.sdata
 *(.rela.sdata .rela.sdata.* .rela.gnu.linkonce.s.*)

.rel.sbss
 *(.rel.sbss .rel.sbss.* .rel.gnu.linkonce.sb.*)

.rela.sbss
 *(.rela.sbss .rela.sbss.* .rel.gnu.linkonce.sb.*)

.rel.sdata2
 *(.rel.sdata2 .rel.sdata2.* .rel.gnu.linkonce.s2.*)

.rela.sdata2
 *(.rela.sdata2 .rela.sdata2.* .rela.gnu.linkonce.s2.*)

.rel.sbss2
 *(.rel.sbss2 .rel.sbss2.* .rel.gnu.linkonce.sb2.*)

.rela.sbss2
 *(.rela.sbss2 .rela.sbss2.* .rela.gnu.linkonce.sb2.*)

.rel.bss
 *(.rel.bss .rel.bss.* .rel.gnu.linkonce.b.*)

.rela.bss
 *(.rela.bss .rela.bss.* .rela.gnu.linkonce.b.*)

.rel.plt
 *(.rel.plt)

.rela.plt
 *(.rela.plt)

.text           0x800041a0    0x2dac0
 *(.text)
 .text          0x800041a0      0x168 d:/devkitpro/devkitppc/bin/../lib/gcc/powerpc-eabi/4.5.1/crtbegin.o
 .text          0x80004308       0x44 d:/devkitpro/devkitppc/bin/../lib/gcc/powerpc-eabi/4.5.1/../../../../powerpc-eabi/lib/crtmain.o
                0x8000430c                __crtmain
 *fill*         0x8000434c       0x14 00000000
 .text          0x80004360      0x4ec d:/devkitPro/libogc/lib/wii\libogc.a(lwp_handler.o)
                0x80004360                _cpu_context_save_fp
                0x800044a0                _cpu_context_restore_fp
                0x800045e0                _cpu_context_switch
                0x80004760                _cpu_context_save
                0x800047e0                _cpu_context_restore
 .text          0x8000484c      0x4b0 d:/devkitPro/libogc/lib/wii\libogc.a(system_asm.o)
                0x8000484c                __realmode
                0x80004864                __configBATS
                0x80004994                __InitFPRS
                0x80004ac0                __InitPS
                0x80004b1c                __InitCache
                0x80004b74                __InitSystem
                0x80004c0c                __flush_cache
                0x80004c40                __reset
                0x80004cb0                __InitBATS
                0x80004ccc                SYS_SwitchFiber
 .text          0x80004cfc      0x1ac d:/devkitPro/libogc/lib/wii\libogc.a(irq_handler.o)
                0x80004cfc                irq_exceptionhandler
 .text          0x80004ea8      0x4f0 d:/devkitPro/libogc/lib/wii\libogc.a(cache_asm.o)
                0x80004ea8                DCFlashInvalidate
                0x80004ebc                DCEnable
                0x80004ed0                DCDisable
                0x80004ee4                DCFreeze
                0x80004ef8                DCUnfreeze
                0x80004f0c                DCTouchLoad
                0x80004f14                DCBlockZero
                0x80004f1c                DCBlockStore
                0x80004f24                DCBlockFlush
                0x80004f2c                DCBlockInvalidate
                0x80004f34                DCInvalidateRange
                0x80004f64                DCFlushRange
                0x80004f98                DCStoreRange
                0x80004fcc                DCFlushRangeNoSync
                0x80004ffc                DCStoreRangeNoSync
                0x8000502c                DCZeroRange
                0x8000505c                DCTouchRange
                0x8000508c                ICInvalidateRange
                0x800050c4                ICFlashInvalidate
                0x800050d8                ICEnable
                0x800050ec                ICDisable
                0x80005100                ICFreeze
                0x80005114                ICUnfreeze
                0x80005128                ICBlockInvalidate
                0x80005130                ICSync
                0x80005138                L2Init
                0x80005180                L2Enable
                0x8000519c                L2Disable
                0x800051b4                L2GlobalInvalidate
                0x8000520c                __LCEnable
                0x800052d4                LCDisable
                0x800052fc                LCAllocOneTag
                0x80005310                LCAllocTags
                0x80005350                LCLoadBlocks
                0x80005374                LCStoreBlocks
 .text          0x80005398      0x1ac d:/devkitPro/libogc/lib/wii\libogc.a(decrementer_handler.o)
                0x80005398                dec_exceptionhandler
 .text          0x80005544      0x35c d:/devkitPro/libogc/lib/wii\libogc.a(exception_handler.o)
                0x80005544                exceptionhandler_start
                0x800055c0                exceptionhandler_patch
                0x800055f4                exceptionhandler_end
                0x800055f8                default_exceptionhandler
                0x80005728                fpu_exceptionhandler
                0x80005870                systemcallhandler_start
                0x8000589c                systemcallhandler_end
 .text          0x800058a0       0x40 d:/devkitpro/devkitppc/bin/../lib/gcc/powerpc-eabi/4.5.1\libgcc.a(_ashldi3.o)
                0x800058a0                __ashldi3
 .text          0x800058e0      0x3f0 d:/devkitpro/devkitppc/bin/../lib/gcc/powerpc-eabi/4.5.1\libgcc.a(_udivdi3.o)
                0x800058e0                __udivdi3
 .text          0x80005cd0      0x3c0 d:/devkitpro/devkitppc/bin/../lib/gcc/powerpc-eabi/4.5.1\libgcc.a(_umoddi3.o)
                0x80005cd0                __umoddi3
 .text          0x80006090       0x48 d:/devkitpro/devkitppc/bin/../lib/gcc/powerpc-eabi/4.5.1\libgcc.a(eabi.o)
                0x80006090                __eabi
 .text          0x800060d8       0x4c d:/devkitpro/devkitppc/bin/../lib/gcc/powerpc-eabi/4.5.1\libgcc.a(crtsavfpr.o)
                0x800060d8                _savefpr_14
                0x800060dc                _savefpr_15
                0x800060e0                _savefpr_16
                0x800060e4                _savefpr_17
                0x800060e8                _savefpr_18
                0x800060ec                _savefpr_19
                0x800060f0                _savefpr_20
                0x800060f4                _savefpr_21
                0x800060f8                _savefpr_22
                0x800060fc                _savefpr_23
                0x80006100                _savefpr_24
                0x80006104                _savefpr_25
                0x80006108                _savefpr_26
                0x8000610c                _savefpr_27
                0x80006110                _savefpr_28
                0x80006114                _savefpr_29
                0x80006118                _savefpr_30
                0x8000611c                _savefpr_31
 .text          0x80006124       0x4c d:/devkitpro/devkitppc/bin/../lib/gcc/powerpc-eabi/4.5.1\libgcc.a(crtsavgpr.o)
                0x80006124                _savegpr_14
                0x80006128                _savegpr_15
                0x8000612c                _savegpr_16
                0x80006130                _savegpr_17
                0x80006134                _savegpr_18
                0x80006138                _savegpr_19
                0x8000613c                _savegpr_20
                0x80006140                _savegpr_21
                0x80006144                _savegpr_22
                0x80006148                _savegpr_23
                0x8000614c                _savegpr_24
                0x80006150                _savegpr_25
                0x80006154                _savegpr_26
                0x80006158                _savegpr_27
                0x8000615c                _savegpr_28
                0x80006160                _savegpr_29
                0x80006164                _savegpr_30
                0x80006168                _savegpr_31
 .text          0x80006170       0x4c d:/devkitpro/devkitppc/bin/../lib/gcc/powerpc-eabi/4.5.1\libgcc.a(crtresgpr.o)
                0x80006170                _restgpr_14
                0x80006174                _restgpr_15
                0x80006178                _restgpr_16
                0x8000617c                _restgpr_17
                0x80006180                _restgpr_18
                0x80006184                _restgpr_19
                0x80006188                _restgpr_20
                0x8000618c                _restgpr_21
                0x80006190                _restgpr_22
                0x80006194                _restgpr_23
                0x80006198                _restgpr_24
                0x8000619c                _restgpr_25
                0x800061a0                _restgpr_26
                0x800061a4                _restgpr_27
                0x800061a8                _restgpr_28
                0x800061ac                _restgpr_29
                0x800061b0                _restgpr_30
                0x800061b4                _restgpr_31
 .text          0x800061bc       0x58 d:/devkitpro/devkitppc/bin/../lib/gcc/powerpc-eabi/4.5.1\libgcc.a(crtresxfpr.o)
                0x800061bc                _restfpr_14_x
                0x800061c0                _restfpr_15_x
                0x800061c4                _restfpr_16_x
                0x800061c8                _restfpr_17_x
                0x800061cc                _restfpr_18_x
                0x800061d0                _restfpr_19_x
                0x800061d4                _restfpr_20_x
                0x800061d8                _restfpr_21_x
                0x800061dc                _restfpr_22_x
                0x800061e0                _restfpr_23_x
                0x800061e4                _restfpr_24_x
                0x800061e8                _restfpr_25_x
                0x800061ec                _restfpr_26_x
                0x800061f0                _restfpr_27_x
                0x800061f4                _restfpr_28_x
                0x800061f8                _restfpr_29_x
                0x800061fc                _restfpr_30_x
                0x80006200                _restfpr_31_x
 .text          0x80006214       0x58 d:/devkitpro/devkitppc/bin/../lib/gcc/powerpc-eabi/4.5.1\libgcc.a(crtresxgpr.o)
                0x80006214                _restgpr_14_x
                0x80006218                _restgpr_15_x
                0x8000621c                _restgpr_16_x
                0x80006220                _restgpr_17_x
                0x80006224                _restgpr_18_x
                0x80006228                _restgpr_19_x
                0x8000622c                _restgpr_20_x
                0x80006230                _restgpr_21_x
                0x80006234                _restgpr_22_x
                0x80006238                _restgpr_23_x
                0x8000623c                _restgpr_24_x
                0x80006240                _restgpr_25_x
                0x80006244                _restgpr_26_x
                0x80006248                _restgpr_27_x
                0x8000624c                _restgpr_28_x
                0x80006250                _restgpr_29_x
                0x80006254                _restgpr_30_x
                0x80006258                _restgpr_31_x
 .text          0x8000626c       0x28 d:/devkitpro/devkitppc/bin/../lib/gcc/powerpc-eabi/4.5.1/../../../../powerpc-eabi/lib\libsysbase.a(abort.o)
                0x8000626c                abort
 .text          0x80006294      0x2ec d:/devkitpro/devkitppc/bin/../lib/gcc/powerpc-eabi/4.5.1/../../../../powerpc-eabi/lib\libsysbase.a(iosupport.o)
                0x80006294                setDefaultDevice
                0x800062ac                FindDevice
                0x800063d0                RemoveDevice
                0x80006420                AddDevice
                0x8000653c                GetDeviceOpTab
 .text          0x80006580       0x28 d:/devkitpro/devkitppc/bin/../lib/gcc/powerpc-eabi/4.5.1/../../../../powerpc-eabi/lib\libsysbase.a(_exit.o)
                0x80006580                _exit
 .text          0x800065a8       0xa0 d:/devkitpro/devkitppc/bin/../lib/gcc/powerpc-eabi/4.5.1/../../../../powerpc-eabi/lib\libsysbase.a(build_argv.o)
                0x800065a8                build_argv
 .text          0x80006648      0x168 d:/devkitpro/devkitppc/bin/../lib/gcc/powerpc-eabi/4.5.1/../../../../powerpc-eabi/lib\libsysbase.a(syscall_support.o)
                0x80006648                __libc_lock_init
                0x80006688                __libc_lock_close
                0x800066c8                __libc_lock_release
                0x80006708                __libc_lock_acquire
                0x80006748                __malloc_lock
                0x8000677c                __malloc_unlock
 .text          0x800067b0       0x9c d:/devkitpro/devkitppc/bin/../lib/gcc/powerpc-eabi/4.5.1/../../../../powerpc-eabi/lib\libsysbase.a(close.o)
                0x800067b0                _close_r
 .text          0x8000684c       0xc8 d:/devkitpro/devkitppc/bin/../lib/gcc/powerpc-eabi/4.5.1/../../../../powerpc-eabi/lib\libsysbase.a(fstat.o)
                0x8000684c                _fstat_r
 .text          0x80006914        0x8 d:/devkitpro/devkitppc/bin/../lib/gcc/powerpc-eabi/4.5.1/../../../../powerpc-eabi/lib\libsysbase.a(isatty.o)
                0x80006914                _isatty_r
 .text          0x8000691c       0xcc d:/devkitpro/devkitppc/bin/../lib/gcc/powerpc-eabi/4.5.1/../../../../powerpc-eabi/lib\libsysbase.a(lseek.o)
                0x8000691c                _lseek_r
 .text          0x800069e8       0xac d:/devkitpro/devkitppc/bin/../lib/gcc/powerpc-eabi/4.5.1/../../../../powerpc-eabi/lib\libsysbase.a(read.o)
                0x800069e8                _read_r
 .text          0x80006a94       0x50 d:/devkitpro/devkitppc/bin/../lib/gcc/powerpc-eabi/4.5.1/../../../../powerpc-eabi/lib\libsysbase.a(sbrk.o)
                0x80006a94                _sbrk_r
 .text          0x80006ae4       0xac d:/devkitpro/devkitppc/bin/../lib/gcc/powerpc-eabi/4.5.1/../../../../powerpc-eabi/lib\libsysbase.a(write.o)
                0x80006ae4                _write_r
 .text          0x80006b90       0x6c d:/devkitpro/devkitppc/bin/../lib/gcc/powerpc-eabi/4.5.1/../../../../powerpc-eabi/lib\libsysbase.a(flock.o)
                0x80006b90                __flockfile
                0x80006bd8                __funlockfile
 .text          0x80006bfc      0x174 d:/devkitpro/devkitppc/bin/../lib/gcc/powerpc-eabi/4.5.1/../../../../powerpc-eabi/lib\libsysbase.a(handle_manager.o)
                0x80006bfc                __release_handle
                0x80006c58                __alloc_handle
                0x80006d4c                __get_handle
 .text          0x80006d70       0x6c d:/devkitpro/devkitppc/bin/../lib/gcc/powerpc-eabi/4.5.1/crtend.o
 *(.text.*)
 .text.main     0x80006ddc      0x14c template.o
                0x80006ddc                main
 .text.__wpad_assign_slot
                0x80006f28      0x22c d:/devkitPro/libogc/lib/wii\libwiiuse.a(wpad.o)
                0x80006f28                __wpad_assign_slot
 .text.__wpad_disconnectCB
                0x80007154       0xe8 d:/devkitPro/libogc/lib/wii\libwiiuse.a(wpad.o)
                0x80007154                __wpad_disconnectCB
 .text.__wpad_disconnect
                0x8000723c       0x44 d:/devkitPro/libogc/lib/wii\libwiiuse.a(wpad.o)
 .text.__wpad_timeouthandler
                0x80007280       0x94 d:/devkitPro/libogc/lib/wii\libwiiuse.a(wpad.o)
 .text.__wpad_def_powcb
                0x80007314       0x20 d:/devkitPro/libogc/lib/wii\libwiiuse.a(wpad.o)
 .text.__wpad_setfmt
                0x80007334       0xe0 d:/devkitPro/libogc/lib/wii\libwiiuse.a(wpad.o)
 .text.__initcore_finished
                0x80007414       0x40 d:/devkitPro/libogc/lib/wii\libwiiuse.a(wpad.o)
 .text.__readlinkkey_finished
                0x80007454       0x30 d:/devkitPro/libogc/lib/wii\libwiiuse.a(wpad.o)
 .text.__wpad_patch_finished
                0x80007484       0x2c d:/devkitPro/libogc/lib/wii\libwiiuse.a(wpad.o)
 .text.__wpad_init_finished
                0x800074b0      0x138 d:/devkitPro/libogc/lib/wii\libwiiuse.a(wpad.o)
 .text.__wpad_eventCB
                0x800075e8      0xa20 d:/devkitPro/libogc/lib/wii\libwiiuse.a(wpad.o)
 .text.WPAD_ReadEvent
                0x80008008      0x5dc d:/devkitPro/libogc/lib/wii\libwiiuse.a(wpad.o)
                0x80008008                WPAD_ReadEvent
 .text.WPAD_ReadPending
                0x800085e4      0x108 d:/devkitPro/libogc/lib/wii\libwiiuse.a(wpad.o)
                0x800085e4                WPAD_ReadPending
 .text.WPAD_Shutdown
                0x800086ec       0xc4 d:/devkitPro/libogc/lib/wii\libwiiuse.a(wpad.o)
                0x800086ec                WPAD_Shutdown
 .text.WPAD_Init
                0x800087b0      0x26c d:/devkitPro/libogc/lib/wii\libwiiuse.a(wpad.o)
                0x800087b0                WPAD_Init
 .text.__wpad_onreset
                0x80008a1c       0x2c d:/devkitPro/libogc/lib/wii\libwiiuse.a(wpad.o)
 .text.WPAD_ScanPads
                0x80008a48        0xc d:/devkitPro/libogc/lib/wii\libwiiuse.a(wpad.o)
                0x80008a48                WPAD_ScanPads
 .text.WPAD_ButtonsDown
                0x80008a54       0x28 d:/devkitPro/libogc/lib/wii\libwiiuse.a(wpad.o)
                0x80008a54                WPAD_ButtonsDown
 .text.motion_plus_disconnected
                0x80008a7c       0x10 d:/devkitPro/libogc/lib/wii\libwiiuse.a(motion_plus.o)
                0x80008a7c                motion_plus_disconnected
 .text.motion_plus_event
                0x80008a8c       0x64 d:/devkitPro/libogc/lib/wii\libwiiuse.a(motion_plus.o)
                0x80008a8c                motion_plus_event
 .text.calculate_gforce
                0x80008af0      0x114 d:/devkitPro/libogc/lib/wii\libwiiuse.a(dynamics.o)
                0x80008af0                calculate_gforce
 .text.calc_joystick_state
                0x80008c04      0x224 d:/devkitPro/libogc/lib/wii\libwiiuse.a(dynamics.o)
                0x80008c04                calc_joystick_state
 .text.apply_smoothing
                0x80008e28      0x148 d:/devkitPro/libogc/lib/wii\libwiiuse.a(dynamics.o)
                0x80008e28                apply_smoothing
 .text.calculate_orientation
                0x80008f70      0x2a0 d:/devkitPro/libogc/lib/wii\libwiiuse.a(dynamics.o)
                0x80008f70                calculate_orientation
 .text.calc_balanceboard_state
                0x80009210      0x35c d:/devkitPro/libogc/lib/wii\libwiiuse.a(dynamics.o)
                0x80009210                calc_balanceboard_state
 .text.wiiuse_handshake_expansion
                0x8000956c      0x248 d:/devkitPro/libogc/lib/wii\libwiiuse.a(io.o)
                0x8000956c                wiiuse_handshake_expansion
 .text.wiiuse_handshake
                0x800097b4      0x150 d:/devkitPro/libogc/lib/wii\libwiiuse.a(io.o)
                0x800097b4                wiiuse_handshake
 .text.wiiuse_handshake_expansion_start
                0x80009904       0x24 d:/devkitPro/libogc/lib/wii\libwiiuse.a(io.o)
                0x80009904                wiiuse_handshake_expansion_start
 .text.wiiuse_disable_expansion
                0x80009928       0xc0 d:/devkitPro/libogc/lib/wii\libwiiuse.a(io.o)
                0x80009928                wiiuse_disable_expansion
 .text.__wiiuse_disconnected
                0x800099e8       0x90 d:/devkitPro/libogc/lib/wii\libwiiuse.a(io_wii.o)
 .text.__wiiuse_sent
                0x80009a78       0x94 d:/devkitPro/libogc/lib/wii\libwiiuse.a(io_wii.o)
 .text.__wiiuse_connected
                0x80009b0c       0x7c d:/devkitPro/libogc/lib/wii\libwiiuse.a(io_wii.o)
 .text.__wiiuse_receive
                0x80009b88       0x8c d:/devkitPro/libogc/lib/wii\libwiiuse.a(io_wii.o)
 .text.__wiiuse_sensorbar_enable
                0x80009c14       0x50 d:/devkitPro/libogc/lib/wii\libwiiuse.a(io_wii.o)
                0x80009c14                __wiiuse_sensorbar_enable
 .text.wiiuse_register
                0x80009c64       0xa4 d:/devkitPro/libogc/lib/wii\libwiiuse.a(io_wii.o)
                0x80009c64                wiiuse_register
 .text.wiiuse_disconnect
                0x80009d08       0x40 d:/devkitPro/libogc/lib/wii\libwiiuse.a(io_wii.o)
                0x80009d08                wiiuse_disconnect
 .text.wiiuse_init_cmd_queue
                0x80009d48       0x5c d:/devkitPro/libogc/lib/wii\libwiiuse.a(io_wii.o)
                0x80009d48                wiiuse_init_cmd_queue
 .text.wiiuse_io_write
                0x80009da4       0x40 d:/devkitPro/libogc/lib/wii\libwiiuse.a(io_wii.o)
                0x80009da4                wiiuse_io_write
 .text.rotate_dots
                0x80009de4      0x10c d:/devkitPro/libogc/lib/wii\libwiiuse.a(ir.o)
 .text.wiiuse_set_ir_mode
                0x80009ef0       0x60 d:/devkitPro/libogc/lib/wii\libwiiuse.a(ir.o)
                0x80009ef0                wiiuse_set_ir_mode
 .text.wiiuse_set_ir
                0x80009f50      0x208 d:/devkitPro/libogc/lib/wii\libwiiuse.a(ir.o)
                0x80009f50                wiiuse_set_ir
 .text.wiiuse_set_ir_position
                0x8000a158       0x78 d:/devkitPro/libogc/lib/wii\libwiiuse.a(ir.o)
                0x8000a158                wiiuse_set_ir_position
 .text.wiiuse_set_aspect_ratio
                0x8000a1d0       0x3c d:/devkitPro/libogc/lib/wii\libwiiuse.a(ir.o)
                0x8000a1d0                wiiuse_set_aspect_ratio
 .text.wiiuse_set_ir_sensitivity
                0x8000a20c      0x178 d:/devkitPro/libogc/lib/wii\libwiiuse.a(ir.o)
                0x8000a20c                wiiuse_set_ir_sensitivity
 .text.calculate_basic_ir
                0x8000a384       0xe8 d:/devkitPro/libogc/lib/wii\libwiiuse.a(ir.o)
                0x8000a384                calculate_basic_ir
 .text.calculate_extended_ir
                0x8000a46c       0x70 d:/devkitPro/libogc/lib/wii\libwiiuse.a(ir.o)
                0x8000a46c                calculate_extended_ir
 .text.find_sensorbar
                0x8000a4dc      0x838 d:/devkitPro/libogc/lib/wii\libwiiuse.a(ir.o)
                0x8000a4dc                find_sensorbar
 .text.apply_ir_smoothing
                0x8000ad14       0xd4 d:/devkitPro/libogc/lib/wii\libwiiuse.a(ir.o)
                0x8000ad14                apply_ir_smoothing
 .text.calc_yaw
                0x8000ade8       0x54 d:/devkitPro/libogc/lib/wii\libwiiuse.a(ir.o)
                0x8000ade8                calc_yaw
 .text.interpret_ir_data
                0x8000ae3c      0x36c d:/devkitPro/libogc/lib/wii\libwiiuse.a(ir.o)
                0x8000ae3c                interpret_ir_data
 .text.nunchuk_handshake
                0x8000b1a8      0x228 d:/devkitPro/libogc/lib/wii\libwiiuse.a(nunchuk.o)
                0x8000b1a8                nunchuk_handshake
 .text.nunchuk_disconnected
                0x8000b3d0       0x28 d:/devkitPro/libogc/lib/wii\libwiiuse.a(nunchuk.o)
                0x8000b3d0                nunchuk_disconnected
 .text.nunchuk_event
                0x8000b3f8       0xe4 d:/devkitPro/libogc/lib/wii\libwiiuse.a(nunchuk.o)
                0x8000b3f8                nunchuk_event
 .text.wii_board_handshake
                0x8000b4dc      0x170 d:/devkitPro/libogc/lib/wii\libwiiuse.a(wiiboard.o)
                0x8000b4dc                wii_board_handshake
 .text.wii_board_disconnected
                0x8000b64c       0x28 d:/devkitPro/libogc/lib/wii\libwiiuse.a(wiiboard.o)
                0x8000b64c                wii_board_disconnected
 .text.wii_board_event
                0x8000b674       0x54 d:/devkitPro/libogc/lib/wii\libwiiuse.a(wiiboard.o)
                0x8000b674                wii_board_event
 .text.wiiuse_send_next_command
                0x8000b6c8       0x6c d:/devkitPro/libogc/lib/wii\libwiiuse.a(wiiuse.o)
                0x8000b6c8                wiiuse_send_next_command
 .text.__wiiuse_push_command
                0x8000b734       0x94 d:/devkitPro/libogc/lib/wii\libwiiuse.a(wiiuse.o)
 .text.wiiuse_init
                0x8000b7c8      0x154 d:/devkitPro/libogc/lib/wii\libwiiuse.a(wiiuse.o)
                0x8000b7c8                wiiuse_init
 .text.wiiuse_set_flags
                0x8000b91c       0x24 d:/devkitPro/libogc/lib/wii\libwiiuse.a(wiiuse.o)
                0x8000b91c                wiiuse_set_flags
 .text.wiiuse_read_data
                0x8000b940       0x98 d:/devkitPro/libogc/lib/wii\libwiiuse.a(wiiuse.o)
                0x8000b940                wiiuse_read_data
 .text.wiiuse_write_data
                0x8000b9d8       0xc0 d:/devkitPro/libogc/lib/wii\libwiiuse.a(wiiuse.o)
                0x8000b9d8                wiiuse_write_data
 .text.wiiuse_sendcmd
                0x8000ba98       0x74 d:/devkitPro/libogc/lib/wii\libwiiuse.a(wiiuse.o)
                0x8000ba98                wiiuse_sendcmd
 .text.wiiuse_status
                0x8000bb0c       0x4c d:/devkitPro/libogc/lib/wii\libwiiuse.a(wiiuse.o)
                0x8000bb0c                wiiuse_status
 .text.wiiuse_motion_sensing
                0x8000bb58       0x40 d:/devkitPro/libogc/lib/wii\libwiiuse.a(wiiuse.o)
                0x8000bb58                wiiuse_motion_sensing
 .text.wiiuse_set_report_type
                0x8000bb98       0xd4 d:/devkitPro/libogc/lib/wii\libwiiuse.a(wiiuse.o)
                0x8000bb98                wiiuse_set_report_type
 .text.wiiuse_set_leds
                0x8000bc6c       0x50 d:/devkitPro/libogc/lib/wii\libwiiuse.a(wiiuse.o)
                0x8000bc6c                wiiuse_set_leds
 .text.wiiuse_set_speaker
                0x8000bcbc      0x1e4 d:/devkitPro/libogc/lib/wii\libwiiuse.a(speaker.o)
                0x8000bcbc                wiiuse_set_speaker
 .text.classic_ctrl_handshake
                0x8000bea0      0x194 d:/devkitPro/libogc/lib/wii\libwiiuse.a(classic.o)
                0x8000bea0                classic_ctrl_handshake
 .text.classic_ctrl_disconnected
                0x8000c034       0x28 d:/devkitPro/libogc/lib/wii\libwiiuse.a(classic.o)
                0x8000c034                classic_ctrl_disconnected
 .text.classic_ctrl_event
                0x8000c05c       0xa4 d:/devkitPro/libogc/lib/wii\libwiiuse.a(classic.o)
                0x8000c05c                classic_ctrl_event
 .text.handle_expansion
                0x8000c100       0x70 d:/devkitPro/libogc/lib/wii\libwiiuse.a(events.o)
 .text.wiiuse_pressed_buttons
                0x8000c170       0x2c d:/devkitPro/libogc/lib/wii\libwiiuse.a(events.o)
                0x8000c170                wiiuse_pressed_buttons
 .text.parse_event
                0x8000c19c      0x4fc d:/devkitPro/libogc/lib/wii\libwiiuse.a(events.o)
                0x8000c19c                parse_event
 .text.guitar_hero_3_handshake
                0x8000c698       0x68 d:/devkitPro/libogc/lib/wii\libwiiuse.a(guitar_hero_3.o)
                0x8000c698                guitar_hero_3_handshake
 .text.guitar_hero_3_disconnected
                0x8000c700       0x28 d:/devkitPro/libogc/lib/wii\libwiiuse.a(guitar_hero_3.o)
                0x8000c700                guitar_hero_3_disconnected
 .text.guitar_hero_3_event
                0x8000c728       0x68 d:/devkitPro/libogc/lib/wii\libwiiuse.a(guitar_hero_3.o)
                0x8000c728                guitar_hero_3_event
 .text.acl_wlp_completed
                0x8000c790        0x8 d:/devkitPro/libogc/lib/wii\libbte.a(bte.o)
                0x8000c790                acl_wlp_completed
 .text.__bte_cmdfinish
                0x8000c798       0x9c d:/devkitPro/libogc/lib/wii\libbte.a(bte.o)
 .text.bte_hci_initsub_complete
                0x8000c834      0x12c d:/devkitPro/libogc/lib/wii\libbte.a(bte.o)
                0x8000c834                bte_hci_initsub_complete
 .text.bte_hci_initcore_complete2
                0x8000c960       0xf0 d:/devkitPro/libogc/lib/wii\libbte.a(bte.o)
                0x8000c960                bte_hci_initcore_complete2
 .text.bte_hci_patch_complete
                0x8000ca50      0x1b0 d:/devkitPro/libogc/lib/wii\libbte.a(bte.o)
                0x8000ca50                bte_hci_patch_complete
 .text.bte_hci_apply_patch_complete
                0x8000cc00       0xac d:/devkitPro/libogc/lib/wii\libbte.a(bte.o)
                0x8000cc00                bte_hci_apply_patch_complete
 .text.bte_hci_initcore_complete
                0x8000ccac      0x158 d:/devkitPro/libogc/lib/wii\libbte.a(bte.o)
                0x8000ccac                bte_hci_initcore_complete
 .text.bte_read_stored_link_key_complete
                0x8000ce04      0x108 d:/devkitPro/libogc/lib/wii\libbte.a(bte.o)
                0x8000ce04                bte_read_stored_link_key_complete
 .text.l2cap_accepted
                0x8000cf0c       0xdc d:/devkitPro/libogc/lib/wii\libbte.a(bte.o)
                0x8000cf0c                l2cap_accepted
 .text.__bte_close_ctrl_queue
                0x8000cfe8       0x80 d:/devkitPro/libogc/lib/wii\libbte.a(bte.o)
 .text.l2cap_disconnected_ind
                0x8000d068       0xb8 d:/devkitPro/libogc/lib/wii\libbte.a(bte.o)
                0x8000d068                l2cap_disconnected_ind
 .text.__bte_send_pending_request
                0x8000d120       0xb8 d:/devkitPro/libogc/lib/wii\libbte.a(bte.o)
 .text.bte_process_input
                0x8000d1d8       0xf4 d:/devkitPro/libogc/lib/wii\libbte.a(bte.o)
 .text.__bte_send_request
                0x8000d2cc       0x9c d:/devkitPro/libogc/lib/wii\libbte.a(bte.o)
 .text.l2cap_disconnect_cfm
                0x8000d368       0xe0 d:/devkitPro/libogc/lib/wii\libbte.a(bte.o)
                0x8000d368                l2cap_disconnect_cfm
 .text.acl_conn_complete
                0x8000d448       0x2c d:/devkitPro/libogc/lib/wii\libbte.a(bte.o)
                0x8000d448                acl_conn_complete
 .text.__bte_shutdown_finished
                0x8000d474       0x5c d:/devkitPro/libogc/lib/wii\libbte.a(bte.o)
 .text.bt_alarmhandler
                0x8000d4d0       0x60 d:/devkitPro/libogc/lib/wii\libbte.a(bte.o)
 .text.__bte_waitcmdfinish.clone.1
                0x8000d530       0x78 d:/devkitPro/libogc/lib/wii\libbte.a(bte.o)
 .text.BTE_Init
                0x8000d5a8      0x110 d:/devkitPro/libogc/lib/wii\libbte.a(bte.o)
                0x8000d5a8                BTE_Init
 .text.BTE_Shutdown
                0x8000d6b8       0x94 d:/devkitPro/libogc/lib/wii\libbte.a(bte.o)
                0x8000d6b8                BTE_Shutdown
 .text.BTE_InitCore
                0x8000d74c       0x7c d:/devkitPro/libogc/lib/wii\libbte.a(bte.o)
                0x8000d74c                BTE_InitCore
 .text.BTE_ApplyPatch
                0x8000d7c8       0x98 d:/devkitPro/libogc/lib/wii\libbte.a(bte.o)
                0x8000d7c8                BTE_ApplyPatch
 .text.BTE_InitSub
                0x8000d860       0x80 d:/devkitPro/libogc/lib/wii\libbte.a(bte.o)
                0x8000d860                BTE_InitSub
 .text.BTE_ReadStoredLinkKey
                0x8000d8e0       0x80 d:/devkitPro/libogc/lib/wii\libbte.a(bte.o)
                0x8000d8e0                BTE_ReadStoredLinkKey
 .text.BTE_SetDisconnectCallback
                0x8000d960       0x20 d:/devkitPro/libogc/lib/wii\libbte.a(bte.o)
                0x8000d960                BTE_SetDisconnectCallback
 .text.bte_new  0x8000d980       0x4c d:/devkitPro/libogc/lib/wii\libbte.a(bte.o)
                0x8000d980                bte_new
 .text.bte_registerdeviceasync
                0x8000d9cc      0x124 d:/devkitPro/libogc/lib/wii\libbte.a(bte.o)
                0x8000d9cc                bte_registerdeviceasync
 .text.bte_disconnect
                0x8000daf0       0x9c d:/devkitPro/libogc/lib/wii\libbte.a(bte.o)
                0x8000daf0                bte_disconnect
 .text.bte_sendmessageasync
                0x8000db8c       0xdc d:/devkitPro/libogc/lib/wii\libbte.a(bte.o)
                0x8000db8c                bte_sendmessageasync
 .text.bte_arg  0x8000dc68       0x3c d:/devkitPro/libogc/lib/wii\libbte.a(bte.o)
                0x8000dc68                bte_arg
 .text.bte_received
                0x8000dca4       0x3c d:/devkitPro/libogc/lib/wii\libbte.a(bte.o)
                0x8000dca4                bte_received
 .text.bte_disconnected
                0x8000dce0       0x3c d:/devkitPro/libogc/lib/wii\libbte.a(bte.o)
                0x8000dce0                bte_disconnected
 .text.hci_init
                0x8000dd1c       0x78 d:/devkitPro/libogc/lib/wii\libbte.a(hci.o)
                0x8000dd1c                hci_init
 .text.hci_new  0x8000dd94       0x3c d:/devkitPro/libogc/lib/wii\libbte.a(hci.o)
                0x8000dd94                hci_new
 .text.hci_get_link
                0x8000ddd0       0x7c d:/devkitPro/libogc/lib/wii\libbte.a(hci.o)
                0x8000ddd0                hci_get_link
 .text.hci_close
                0x8000de4c       0xcc d:/devkitPro/libogc/lib/wii\libbte.a(hci.o)
                0x8000de4c                hci_close
 .text.hci_reset_all
                0x8000df18       0x9c d:/devkitPro/libogc/lib/wii\libbte.a(hci.o)
                0x8000df18                hci_reset_all
 .text.hci_arg  0x8000dfb4        0xc d:/devkitPro/libogc/lib/wii\libbte.a(hci.o)
                0x8000dfb4                hci_arg
 .text.hci_cmd_complete
                0x8000dfc0        0xc d:/devkitPro/libogc/lib/wii\libbte.a(hci.o)
                0x8000dfc0                hci_cmd_complete
 .text.hci_connection_complete
                0x8000dfcc        0xc d:/devkitPro/libogc/lib/wii\libbte.a(hci.o)
                0x8000dfcc                hci_connection_complete
 .text.hci_wlp_complete
                0x8000dfd8        0xc d:/devkitPro/libogc/lib/wii\libbte.a(hci.o)
                0x8000dfd8                hci_wlp_complete
 .text.hci_cmd_ass
                0x8000dfe4       0x48 d:/devkitPro/libogc/lib/wii\libbte.a(hci.o)
                0x8000dfe4                hci_cmd_ass
 .text.hci_reset
                0x8000e02c       0x64 d:/devkitPro/libogc/lib/wii\libbte.a(hci.o)
                0x8000e02c                hci_reset
 .text.hci_read_buffer_size
                0x8000e090       0x64 d:/devkitPro/libogc/lib/wii\libbte.a(hci.o)
                0x8000e090                hci_read_buffer_size
 .text.hci_read_bd_addr
                0x8000e0f4       0x64 d:/devkitPro/libogc/lib/wii\libbte.a(hci.o)
                0x8000e0f4                hci_read_bd_addr
 .text.hci_read_local_version
                0x8000e158       0x64 d:/devkitPro/libogc/lib/wii\libbte.a(hci.o)
                0x8000e158                hci_read_local_version
 .text.hci_read_local_features
                0x8000e1bc       0x64 d:/devkitPro/libogc/lib/wii\libbte.a(hci.o)
                0x8000e1bc                hci_read_local_features
 .text.hci_read_stored_link_key
                0x8000e220       0xac d:/devkitPro/libogc/lib/wii\libbte.a(hci.o)
                0x8000e220                hci_read_stored_link_key
 .text.hci_write_page_timeout
                0x8000e2cc       0x7c d:/devkitPro/libogc/lib/wii\libbte.a(hci.o)
                0x8000e2cc                hci_write_page_timeout
 .text.hci_write_scan_enable
                0x8000e348       0x6c d:/devkitPro/libogc/lib/wii\libbte.a(hci.o)
                0x8000e348                hci_write_scan_enable
 .text.hci_accecpt_conn_request
                0x8000e3b4       0x80 d:/devkitPro/libogc/lib/wii\libbte.a(hci.o)
                0x8000e3b4                hci_accecpt_conn_request
 .text.hci_write_local_name
                0x8000e434       0x80 d:/devkitPro/libogc/lib/wii\libbte.a(hci.o)
                0x8000e434                hci_write_local_name
 .text.hci_write_pin_type
                0x8000e4b4       0x6c d:/devkitPro/libogc/lib/wii\libbte.a(hci.o)
                0x8000e4b4                hci_write_pin_type
 .text.hci_write_inquiry_mode
                0x8000e520       0x6c d:/devkitPro/libogc/lib/wii\libbte.a(hci.o)
                0x8000e520                hci_write_inquiry_mode
 .text.hci_write_page_scan_type
                0x8000e58c       0x6c d:/devkitPro/libogc/lib/wii\libbte.a(hci.o)
                0x8000e58c                hci_write_page_scan_type
 .text.hci_write_inquiry_scan_type
                0x8000e5f8       0x6c d:/devkitPro/libogc/lib/wii\libbte.a(hci.o)
                0x8000e5f8                hci_write_inquiry_scan_type
 .text.hci_vendor_specific_command
                0x8000e664       0x8c d:/devkitPro/libogc/lib/wii\libbte.a(hci.o)
                0x8000e664                hci_vendor_specific_command
 .text.hci_write_link_policy_settings
                0x8000e6f0       0xa0 d:/devkitPro/libogc/lib/wii\libbte.a(hci.o)
                0x8000e6f0                hci_write_link_policy_settings
 .text.hci_pin_code_request_neg_reply
                0x8000e790       0x74 d:/devkitPro/libogc/lib/wii\libbte.a(hci.o)
                0x8000e790                hci_pin_code_request_neg_reply
 .text.hci_disconnect
                0x8000e804       0x98 d:/devkitPro/libogc/lib/wii\libbte.a(hci.o)
                0x8000e804                hci_disconnect
 .text.hci_write_cod
                0x8000e89c       0x78 d:/devkitPro/libogc/lib/wii\libbte.a(hci.o)
                0x8000e89c                hci_write_cod
 .text.hci_host_buffer_size
                0x8000e914       0xb4 d:/devkitPro/libogc/lib/wii\libbte.a(hci.o)
                0x8000e914                hci_host_buffer_size
 .text.hci_host_num_comp_packets
                0x8000e9c8       0xac d:/devkitPro/libogc/lib/wii\libbte.a(hci.o)
                0x8000e9c8                hci_host_num_comp_packets
 .text.lp_pdu_maxsize
                0x8000ea74        0xc d:/devkitPro/libogc/lib/wii\libbte.a(hci.o)
                0x8000ea74                lp_pdu_maxsize
 .text.lp_acl_write
                0x8000ea80      0x118 d:/devkitPro/libogc/lib/wii\libbte.a(hci.o)
                0x8000ea80                lp_acl_write
 .text.lp_write_flush_timeout
                0x8000eb98       0xa0 d:/devkitPro/libogc/lib/wii\libbte.a(hci.o)
                0x8000eb98                lp_write_flush_timeout
 .text.hci_event_handler
                0x8000ec38      0xa6c d:/devkitPro/libogc/lib/wii\libbte.a(hci.o)
                0x8000ec38                hci_event_handler
 .text.hci_acldata_handler
                0x8000f6a4       0xdc d:/devkitPro/libogc/lib/wii\libbte.a(hci.o)
                0x8000f6a4                hci_acldata_handler
 .text.l2cap_cid_alloc
                0x8000f780       0x4c d:/devkitPro/libogc/lib/wii\libbte.a(l2cap.o)
 .text.l2cap_init
                0x8000f7cc       0x60 d:/devkitPro/libogc/lib/wii\libbte.a(l2cap.o)
                0x8000f7cc                l2cap_init
 .text.l2cap_write
                0x8000f82c       0xe8 d:/devkitPro/libogc/lib/wii\libbte.a(l2cap.o)
                0x8000f82c                l2cap_write
 .text.l2cap_new
                0x8000f914       0x6c d:/devkitPro/libogc/lib/wii\libbte.a(l2cap.o)
                0x8000f914                l2cap_new
 .text.l2cap_close
                0x8000f980      0x17c d:/devkitPro/libogc/lib/wii\libbte.a(l2cap.o)
                0x8000f980                l2cap_close
 .text.l2cap_reset_all
                0x8000fafc      0x104 d:/devkitPro/libogc/lib/wii\libbte.a(l2cap.o)
                0x8000fafc                l2cap_reset_all
 .text.l2cap_rexmit_signal
                0x8000fc00       0x10 d:/devkitPro/libogc/lib/wii\libbte.a(l2cap.o)
                0x8000fc00                l2cap_rexmit_signal
 .text.l2ca_datawrite
                0x8000fc10       0xe8 d:/devkitPro/libogc/lib/wii\libbte.a(l2cap.o)
                0x8000fc10                l2ca_datawrite
 .text.lp_connect_ind
                0x8000fcf8        0x4 d:/devkitPro/libogc/lib/wii\libbte.a(l2cap.o)
                0x8000fcf8                lp_connect_ind
 .text.lp_disconnect_ind
                0x8000fcfc       0xe4 d:/devkitPro/libogc/lib/wii\libbte.a(l2cap.o)
                0x8000fcfc                lp_disconnect_ind
 .text.l2cap_disconnect_bb
                0x8000fde0       0x10 d:/devkitPro/libogc/lib/wii\libbte.a(l2cap.o)
                0x8000fde0                l2cap_disconnect_bb
 .text.l2cap_next_sigid
                0x8000fdf0       0x28 d:/devkitPro/libogc/lib/wii\libbte.a(l2cap.o)
                0x8000fdf0                l2cap_next_sigid
 .text.l2cap_signal
                0x8000fe18      0x188 d:/devkitPro/libogc/lib/wii\libbte.a(l2cap.o)
                0x8000fe18                l2cap_signal
 .text.lp_connect_cfm
                0x8000ffa0      0x130 d:/devkitPro/libogc/lib/wii\libbte.a(l2cap.o)
                0x8000ffa0                lp_connect_cfm
 .text.l2ca_disconnect_req
                0x800100d0       0xac d:/devkitPro/libogc/lib/wii\libbte.a(l2cap.o)
                0x800100d0                l2ca_disconnect_req
 .text.l2cap_tmr
                0x8001017c      0x1e8 d:/devkitPro/libogc/lib/wii\libbte.a(l2cap.o)
                0x8001017c                l2cap_tmr
 .text.l2ca_config_req
                0x80010364      0x108 d:/devkitPro/libogc/lib/wii\libbte.a(l2cap.o)
                0x80010364                l2ca_config_req
 .text.l2cap_process_sig
                0x8001046c     0x108c d:/devkitPro/libogc/lib/wii\libbte.a(l2cap.o)
                0x8001046c                l2cap_process_sig
 .text.l2cap_input
                0x800114f8      0x518 d:/devkitPro/libogc/lib/wii\libbte.a(l2cap.o)
                0x800114f8                l2cap_input
 .text.l2cap_arg
                0x80011a10        0x8 d:/devkitPro/libogc/lib/wii\libbte.a(l2cap.o)
                0x80011a10                l2cap_arg
 .text.l2cap_connect_ind
                0x80011a18       0xd8 d:/devkitPro/libogc/lib/wii\libbte.a(l2cap.o)
                0x80011a18                l2cap_connect_ind
 .text.l2cap_disconnect_ind
                0x80011af0        0x8 d:/devkitPro/libogc/lib/wii\libbte.a(l2cap.o)
                0x80011af0                l2cap_disconnect_ind
 .text.l2cap_recv
                0x80011af8        0x8 d:/devkitPro/libogc/lib/wii\libbte.a(l2cap.o)
                0x80011af8                l2cap_recv
 .text.btmemb_init
                0x80011b00       0x40 d:/devkitPro/libogc/lib/wii\libbte.a(btmemb.o)
                0x80011b00                btmemb_init
 .text.btmemb_alloc
                0x80011b40       0x9c d:/devkitPro/libogc/lib/wii\libbte.a(btmemb.o)
                0x80011b40                btmemb_alloc
 .text.btmemb_free
                0x80011bdc       0xa4 d:/devkitPro/libogc/lib/wii\libbte.a(btmemb.o)
                0x80011bdc                btmemb_free
 .text.plug_holes
                0x80011c80       0xb0 d:/devkitPro/libogc/lib/wii\libbte.a(btmemr.o)
 .text.btmemr_init
                0x80011d30       0x8c d:/devkitPro/libogc/lib/wii\libbte.a(btmemr.o)
                0x80011d30                btmemr_init
 .text.btmemr_malloc
                0x80011dbc      0x160 d:/devkitPro/libogc/lib/wii\libbte.a(btmemr.o)
                0x80011dbc                btmemr_malloc
 .text.btmemr_free
                0x80011f1c       0x94 d:/devkitPro/libogc/lib/wii\libbte.a(btmemr.o)
                0x80011f1c                btmemr_free
 .text.btmemr_realloc
                0x80011fb0       0xf0 d:/devkitPro/libogc/lib/wii\libbte.a(btmemr.o)
                0x80011fb0                btmemr_realloc
 .text.btpbuf_init
                0x800120a0       0x2c d:/devkitPro/libogc/lib/wii\libbte.a(btpbuf.o)
                0x800120a0                btpbuf_init
 .text.btpbuf_free
                0x800120cc       0xc4 d:/devkitPro/libogc/lib/wii\libbte.a(btpbuf.o)
                0x800120cc                btpbuf_free
 .text.btpbuf_alloc
                0x80012190      0x1d0 d:/devkitPro/libogc/lib/wii\libbte.a(btpbuf.o)
                0x80012190                btpbuf_alloc
 .text.btpbuf_realloc
                0x80012360       0xa4 d:/devkitPro/libogc/lib/wii\libbte.a(btpbuf.o)
                0x80012360                btpbuf_realloc
 .text.btpbuf_header
                0x80012404       0x98 d:/devkitPro/libogc/lib/wii\libbte.a(btpbuf.o)
                0x80012404                btpbuf_header
 .text.btpbuf_ref
                0x8001249c       0x4c d:/devkitPro/libogc/lib/wii\libbte.a(btpbuf.o)
                0x8001249c                btpbuf_ref
 .text.btpbuf_cat
                0x800124e8       0x48 d:/devkitPro/libogc/lib/wii\libbte.a(btpbuf.o)
                0x800124e8                btpbuf_cat
 .text.btpbuf_chain
                0x80012530       0x34 d:/devkitPro/libogc/lib/wii\libbte.a(btpbuf.o)
                0x80012530                btpbuf_chain
 .text.btpbuf_dechain
                0x80012564       0x60 d:/devkitPro/libogc/lib/wii\libbte.a(btpbuf.o)
                0x80012564                btpbuf_dechain
 .text.btpbuf_take
                0x800125c4       0xe8 d:/devkitPro/libogc/lib/wii\libbte.a(btpbuf.o)
                0x800125c4                btpbuf_take
 .text.__usb_closeCB
                0x800126ac       0x10 d:/devkitPro/libogc/lib/wii\libbte.a(physbusif.o)
 .text.__writebulkmsgCB
                0x800126bc       0x34 d:/devkitPro/libogc/lib/wii\libbte.a(physbusif.o)
 .text.__writectrlmsgCB
                0x800126f0       0x34 d:/devkitPro/libogc/lib/wii\libbte.a(physbusif.o)
 .text.__initUsbIOBuffer
                0x80012724       0x78 d:/devkitPro/libogc/lib/wii\libbte.a(physbusif.o)
 .text.__issue_intrread
                0x8001279c       0x88 d:/devkitPro/libogc/lib/wii\libbte.a(physbusif.o)
 .text.__readintrdataCB
                0x80012824       0xdc d:/devkitPro/libogc/lib/wii\libbte.a(physbusif.o)
 .text.__issue_bulkread
                0x80012900       0x88 d:/devkitPro/libogc/lib/wii\libbte.a(physbusif.o)
 .text.__readbulkdataCB
                0x80012988       0xdc d:/devkitPro/libogc/lib/wii\libbte.a(physbusif.o)
 .text.physbusif_init
                0x80012a64      0x14c d:/devkitPro/libogc/lib/wii\libbte.a(physbusif.o)
                0x80012a64                physbusif_init
 .text.physbusif_close
                0x80012bb0       0x28 d:/devkitPro/libogc/lib/wii\libbte.a(physbusif.o)
                0x80012bb0                physbusif_close
 .text.physbusif_shutdown
                0x80012bd8       0x40 d:/devkitPro/libogc/lib/wii\libbte.a(physbusif.o)
                0x80012bd8                physbusif_shutdown
 .text.physbusif_reset_all
                0x80012c18        0x4 d:/devkitPro/libogc/lib/wii\libbte.a(physbusif.o)
                0x80012c18                physbusif_reset_all
 .text.physbusif_output
                0x80012c1c      0x140 d:/devkitPro/libogc/lib/wii\libbte.a(physbusif.o)
                0x80012c1c                physbusif_output
 .text.__console_clear_line
                0x80012d5c       0x7c d:/devkitPro/libogc/lib/wii\libogc.a(console.o)
 .text.__console_clear
                0x80012dd8       0x58 d:/devkitPro/libogc/lib/wii\libogc.a(console.o)
 .text.__console_write
                0x80012e30      0x688 d:/devkitPro/libogc/lib/wii\libogc.a(console.o)
                0x80012e30                __console_write
 .text.__console_init
                0x800134b8      0x100 d:/devkitPro/libogc/lib/wii\libogc.a(console.o)
                0x800134b8                __console_init
 .text.CON_Init
                0x800135b8        0x4 d:/devkitPro/libogc/lib/wii\libogc.a(console.o)
                0x800135b8                CON_Init
 .text.CON_EnableGecko
                0x800135bc       0xa0 d:/devkitPro/libogc/lib/wii\libogc.a(console.o)
                0x800135bc                CON_EnableGecko
 .text.__lwp_queue_initialize
                0x8001365c       0x3c d:/devkitPro/libogc/lib/wii\libogc.a(lwp_queue.o)
                0x8001365c                __lwp_queue_initialize
 .text.__lwp_queue_get
                0x80013698       0x64 d:/devkitPro/libogc/lib/wii\libogc.a(lwp_queue.o)
                0x80013698                __lwp_queue_get
 .text.__lwp_queue_append
                0x800136fc       0x50 d:/devkitPro/libogc/lib/wii\libogc.a(lwp_queue.o)
                0x800136fc                __lwp_queue_append
 .text.__lwp_priomap_addto
                0x8001374c       0x28 d:/devkitPro/libogc/lib/wii\libogc.a(lwp_threads.o)
 .text.__lwp_priomap_removefrom
                0x80013774       0x38 d:/devkitPro/libogc/lib/wii\libogc.a(lwp_threads.o)
 .text.__lwp_thread_calcheir
                0x800137ac       0x3c d:/devkitPro/libogc/lib/wii\libogc.a(lwp_threads.o)
 .text.__lwp_thread_dispatchdisable
                0x800137e8       0x10 d:/devkitPro/libogc/lib/wii\libogc.a(lwp_threads.o)
 .text.__lwp_thread_dispatchunnest
                0x800137f8       0x10 d:/devkitPro/libogc/lib/wii\libogc.a(lwp_threads.o)
 .text.__lwp_wd_insert_ticks.clone.2
                0x80013808       0x60 d:/devkitPro/libogc/lib/wii\libogc.a(lwp_threads.o)
 .text.__lwp_isr_in_progress
                0x80013868        0x8 d:/devkitPro/libogc/lib/wii\libogc.a(lwp_threads.o)
                0x80013868                __lwp_isr_in_progress
 .text.__thread_dispatch_fp
                0x80013870       0x7c d:/devkitPro/libogc/lib/wii\libogc.a(lwp_threads.o)
                0x80013870                __thread_dispatch_fp
 .text.__thread_dispatch
                0x800138ec       0xe0 d:/devkitPro/libogc/lib/wii\libogc.a(lwp_threads.o)
                0x800138ec                __thread_dispatch
 .text.__lwp_thread_dispatchenable
                0x800139cc       0x1c d:/devkitPro/libogc/lib/wii\libogc.a(lwp_threads.o)
 .text.__lwp_thread_resettimeslice
                0x800139e8       0xcc d:/devkitPro/libogc/lib/wii\libogc.a(lwp_threads.o)
                0x800139e8                __lwp_thread_resettimeslice
 .text.__lwp_thread_tickle_timeslice
                0x80013ab4       0x78 d:/devkitPro/libogc/lib/wii\libogc.a(lwp_threads.o)
                0x80013ab4                __lwp_thread_tickle_timeslice
 .text.__lwp_thread_setstate
                0x80013b2c      0x10c d:/devkitPro/libogc/lib/wii\libogc.a(lwp_threads.o)
                0x80013b2c                __lwp_thread_setstate
 .text.__lwp_thread_clearstate
                0x80013c38       0xe8 d:/devkitPro/libogc/lib/wii\libogc.a(lwp_threads.o)
                0x80013c38                __lwp_thread_clearstate
 .text.__lwp_thread_delayended
                0x80013d20       0x4c d:/devkitPro/libogc/lib/wii\libogc.a(lwp_threads.o)
                0x80013d20                __lwp_thread_delayended
 .text.__lwp_thread_setpriority
                0x80013d6c       0x5c d:/devkitPro/libogc/lib/wii\libogc.a(lwp_threads.o)
                0x80013d6c                __lwp_thread_setpriority
 .text.__lwp_thread_settransient
                0x80013dc8       0xa8 d:/devkitPro/libogc/lib/wii\libogc.a(lwp_threads.o)
                0x80013dc8                __lwp_thread_settransient
 .text.__lwp_thread_changepriority
                0x80013e70      0x130 d:/devkitPro/libogc/lib/wii\libogc.a(lwp_threads.o)
                0x80013e70                __lwp_thread_changepriority
 .text.__lwp_thread_loadenv
                0x80013fa0       0x78 d:/devkitPro/libogc/lib/wii\libogc.a(lwp_threads.o)
                0x80013fa0                __lwp_thread_loadenv
 .text.__lwp_thread_ready
                0x80014018       0xc0 d:/devkitPro/libogc/lib/wii\libogc.a(lwp_threads.o)
                0x80014018                __lwp_thread_ready
 .text.__lwp_thread_init
                0x800140d8       0xf8 d:/devkitPro/libogc/lib/wii\libogc.a(lwp_threads.o)
                0x800140d8                __lwp_thread_init
 .text.__lwp_thread_close
                0x800141d0      0x108 d:/devkitPro/libogc/lib/wii\libogc.a(lwp_threads.o)
                0x800141d0                __lwp_thread_close
 .text.__lwp_thread_closeall
                0x800142d8       0x98 d:/devkitPro/libogc/lib/wii\libogc.a(lwp_threads.o)
                0x800142d8                __lwp_thread_closeall
 .text.__lwp_thread_exit
                0x80014370       0x40 d:/devkitPro/libogc/lib/wii\libogc.a(lwp_threads.o)
                0x80014370                __lwp_thread_exit
 .text.__lwp_thread_handler
                0x800143b0       0x68 d:/devkitPro/libogc/lib/wii\libogc.a(lwp_threads.o)
 .text.__lwp_thread_start
                0x80014418       0x58 d:/devkitPro/libogc/lib/wii\libogc.a(lwp_threads.o)
                0x80014418                __lwp_thread_start
 .text.__lwp_thread_startmultitasking
                0x80014470       0x64 d:/devkitPro/libogc/lib/wii\libogc.a(lwp_threads.o)
                0x80014470                __lwp_thread_startmultitasking
 .text.__lwp_thread_stopmultitasking
                0x800144d4       0x5c d:/devkitPro/libogc/lib/wii\libogc.a(lwp_threads.o)
                0x800144d4                __lwp_thread_stopmultitasking
 .text.__lwp_thread_coreinit
                0x80014530       0xe0 d:/devkitPro/libogc/lib/wii\libogc.a(lwp_threads.o)
                0x80014530                __lwp_thread_coreinit
 .text.__lwp_thread_dispatchdisable
                0x80014610       0x10 d:/devkitPro/libogc/lib/wii\libogc.a(lwp.o)
 .text.idle_func
                0x80014620        0x4 d:/devkitPro/libogc/lib/wii\libogc.a(lwp.o)
 .text.__lwp_tqueue_open
                0x80014624       0x48 d:/devkitPro/libogc/lib/wii\libogc.a(lwp.o)
 .text.__lwp_thread_dispatchenable
                0x8001466c       0x38 d:/devkitPro/libogc/lib/wii\libogc.a(lwp.o)
 .text.__lwp_sysinit
                0x800146a4      0x114 d:/devkitPro/libogc/lib/wii\libogc.a(lwp.o)
                0x800146a4                __lwp_sysinit
 .text.LWP_InitQueue
                0x800147b8       0x98 d:/devkitPro/libogc/lib/wii\libogc.a(lwp.o)
                0x800147b8                LWP_InitQueue
 .text.LWP_CloseQueue
                0x80014850       0x70 d:/devkitPro/libogc/lib/wii\libogc.a(lwp.o)
                0x80014850                LWP_CloseQueue
 .text.LWP_ThreadSleep
                0x800148c0       0xa0 d:/devkitPro/libogc/lib/wii\libogc.a(lwp.o)
                0x800148c0                LWP_ThreadSleep
 .text.LWP_ThreadBroadcast
                0x80014960       0x50 d:/devkitPro/libogc/lib/wii\libogc.a(lwp.o)
                0x80014960                LWP_ThreadBroadcast
 .text.LWP_ThreadSignal
                0x800149b0       0x40 d:/devkitPro/libogc/lib/wii\libogc.a(lwp.o)
                0x800149b0                LWP_ThreadSignal
 .text.__lwp_stack_allocate
                0x800149f0       0x50 d:/devkitPro/libogc/lib/wii\libogc.a(lwp_stack.o)
                0x800149f0                __lwp_stack_allocate
 .text.__lwp_stack_free
                0x80014a40       0x3c d:/devkitPro/libogc/lib/wii\libogc.a(lwp_stack.o)
                0x80014a40                __lwp_stack_free
 .text.__lwp_wd_settimer.clone.3
                0x80014a7c       0xbc d:/devkitPro/libogc/lib/wii\libogc.a(lwp_watchdog.o)
 .text.__lwp_watchdog_init
                0x80014b38       0x2c d:/devkitPro/libogc/lib/wii\libogc.a(lwp_watchdog.o)
                0x80014b38                __lwp_watchdog_init
 .text.__lwp_wd_insert
                0x80014b64      0x150 d:/devkitPro/libogc/lib/wii\libogc.a(lwp_watchdog.o)
                0x80014b64                __lwp_wd_insert
 .text.__lwp_wd_remove
                0x80014cb4       0xd0 d:/devkitPro/libogc/lib/wii\libogc.a(lwp_watchdog.o)
                0x80014cb4                __lwp_wd_remove
 .text.__lwp_wd_tickle
                0x80014d84       0xf8 d:/devkitPro/libogc/lib/wii\libogc.a(lwp_watchdog.o)
                0x80014d84                __lwp_wd_tickle
 .text.__lwp_wkspace_init
                0x80014e7c       0xa4 d:/devkitPro/libogc/lib/wii\libogc.a(lwp_wkspace.o)
                0x80014e7c                __lwp_wkspace_init
 .text.__lwp_objmgr_initinfo
                0x80014f20      0x148 d:/devkitPro/libogc/lib/wii\libogc.a(lwp_objmgr.o)
                0x80014f20                __lwp_objmgr_initinfo
 .text.__lwp_objmgr_getisrdisable
                0x80015068       0x68 d:/devkitPro/libogc/lib/wii\libogc.a(lwp_objmgr.o)
                0x80015068                __lwp_objmgr_getisrdisable
 .text.__lwp_objmgr_getnoprotection
                0x800150d0       0x24 d:/devkitPro/libogc/lib/wii\libogc.a(lwp_objmgr.o)
                0x800150d0                __lwp_objmgr_getnoprotection
 .text.__lwp_objmgr_get
                0x800150f4       0x6c d:/devkitPro/libogc/lib/wii\libogc.a(lwp_objmgr.o)
                0x800150f4                __lwp_objmgr_get
 .text.__lwp_objmgr_allocate
                0x80015160       0x84 d:/devkitPro/libogc/lib/wii\libogc.a(lwp_objmgr.o)
                0x80015160                __lwp_objmgr_allocate
 .text.__lwp_objmgr_free
                0x800151e4       0x60 d:/devkitPro/libogc/lib/wii\libogc.a(lwp_objmgr.o)
                0x800151e4                __lwp_objmgr_free
 .text.__lwp_heap_init
                0x80015244       0xb0 d:/devkitPro/libogc/lib/wii\libogc.a(lwp_heap.o)
                0x80015244                __lwp_heap_init
 .text.__lwp_heap_allocate
                0x800152f4      0x130 d:/devkitPro/libogc/lib/wii\libogc.a(lwp_heap.o)
                0x800152f4                __lwp_heap_allocate
 .text.__lwp_heap_free
                0x80015424      0x208 d:/devkitPro/libogc/lib/wii\libogc.a(lwp_heap.o)
                0x80015424                __lwp_heap_free
 .text.__SetInterrupts
                0x8001562c      0x298 d:/devkitPro/libogc/lib/wii\libogc.a(irq.o)
 .text.c_irqdispatcher
                0x800158c4      0x28c d:/devkitPro/libogc/lib/wii\libogc.a(irq.o)
                0x800158c4                c_irqdispatcher
 .text.__UnmaskIrq
                0x80015b50       0x7c d:/devkitPro/libogc/lib/wii\libogc.a(irq.o)
                0x80015b50                __UnmaskIrq
 .text.__MaskIrq
                0x80015bcc       0x7c d:/devkitPro/libogc/lib/wii\libogc.a(irq.o)
                0x80015bcc                __MaskIrq
 .text.__irq_init
                0x80015c48       0x94 d:/devkitPro/libogc/lib/wii\libogc.a(irq.o)
                0x80015c48                __irq_init
 .text.IRQ_Request
                0x80015cdc       0x54 d:/devkitPro/libogc/lib/wii\libogc.a(irq.o)
                0x80015cdc                IRQ_Request
 .text.IRQ_GetHandler
                0x80015d30       0x48 d:/devkitPro/libogc/lib/wii\libogc.a(irq.o)
                0x80015d30                IRQ_GetHandler
 .text.IRQ_Disable
                0x80015d78       0x24 d:/devkitPro/libogc/lib/wii\libogc.a(irq.o)
                0x80015d78                IRQ_Disable
 .text.IRQ_Restore
                0x80015d9c       0x1c d:/devkitPro/libogc/lib/wii\libogc.a(irq.o)
                0x80015d9c                IRQ_Restore
 .text.__gettiming
                0x80015db8       0x2c d:/devkitPro/libogc/lib/wii\libogc.a(video.o)
 .text.__viOpenI2C
                0x80015de4       0x24 d:/devkitPro/libogc/lib/wii\libogc.a(video.o)
 .text.__viSetSCL
                0x80015e08       0x24 d:/devkitPro/libogc/lib/wii\libogc.a(video.o)
 .text.__viSetSDA
                0x80015e2c       0x24 d:/devkitPro/libogc/lib/wii\libogc.a(video.o)
 .text.__setVerticalRegs
                0x80015e50       0xc0 d:/devkitPro/libogc/lib/wii\libogc.a(video.o)
 .text.__adjustPosition
                0x80015f10      0x178 d:/devkitPro/libogc/lib/wii\libogc.a(video.o)
 .text.__getCurrentHalfLine
                0x80016088       0x58 d:/devkitPro/libogc/lib/wii\libogc.a(video.o)
 .text.__getCurrentFieldEvenOdd
                0x800160e0       0x34 d:/devkitPro/libogc/lib/wii\libogc.a(video.o)
 .text.__setFbbRegs.clone.3
                0x80016114      0x1e8 d:/devkitPro/libogc/lib/wii\libogc.a(video.o)
 .text.__VISendI2CData.clone.4
                0x800162fc      0x298 d:/devkitPro/libogc/lib/wii\libogc.a(video.o)
 .text.__VIWriteI2CRegister32.clone.0
                0x80016594       0x4c d:/devkitPro/libogc/lib/wii\libogc.a(video.o)
 .text.__VIWriteI2CRegister8
                0x800165e0       0x38 d:/devkitPro/libogc/lib/wii\libogc.a(video.o)
 .text.__VISetYUVSEL
                0x80016618       0x4c d:/devkitPro/libogc/lib/wii\libogc.a(video.o)
 .text.__VISetFilterEURGB60
                0x80016664        0xc d:/devkitPro/libogc/lib/wii\libogc.a(video.o)
 .text.__VIWriteI2CRegister16
                0x80016670       0x40 d:/devkitPro/libogc/lib/wii\libogc.a(video.o)
 .text.__VIWriteI2CRegisterBuf
                0x800166b0       0x48 d:/devkitPro/libogc/lib/wii\libogc.a(video.o)
 .text.VIDEO_Configure
                0x800166f8      0x41c d:/devkitPro/libogc/lib/wii\libogc.a(video.o)
                0x800166f8                VIDEO_Configure
 .text.VIDEO_WaitVSync
                0x80016b14       0x68 d:/devkitPro/libogc/lib/wii\libogc.a(video.o)
                0x80016b14                VIDEO_WaitVSync
 .text.VIDEO_SetFramebuffer
                0x80016b7c       0xfc d:/devkitPro/libogc/lib/wii\libogc.a(video.o)
                0x80016b7c                VIDEO_SetFramebuffer
 .text.VIDEO_SetNextFramebuffer
                0x80016c78       0x64 d:/devkitPro/libogc/lib/wii\libogc.a(video.o)
                0x80016c78                VIDEO_SetNextFramebuffer
 .text.VIDEO_Flush
                0x80016cdc       0xf0 d:/devkitPro/libogc/lib/wii\libogc.a(video.o)
                0x80016cdc                VIDEO_Flush
 .text.VIDEO_SetBlack
                0x80016dcc       0x88 d:/devkitPro/libogc/lib/wii\libogc.a(video.o)
                0x80016dcc                VIDEO_SetBlack
 .text.VIDEO_GetCurrentTvMode
                0x80016e54       0x70 d:/devkitPro/libogc/lib/wii\libogc.a(video.o)
                0x80016e54                VIDEO_GetCurrentTvMode
 .text.VIDEO_Init
                0x80016ec4      0x604 d:/devkitPro/libogc/lib/wii\libogc.a(video.o)
                0x80016ec4                VIDEO_Init
 .text.__VIRetraceHandler
                0x800174c8      0x1ec d:/devkitPro/libogc/lib/wii\libogc.a(video.o)
 .text.VIDEO_GetPreferredMode
                0x800176b4       0xb8 d:/devkitPro/libogc/lib/wii\libogc.a(video.o)
                0x800176b4                VIDEO_GetPreferredMode
 .text.VIDEO_GetCurrentLine
                0x8001776c       0x68 d:/devkitPro/libogc/lib/wii\libogc.a(video.o)
                0x8001776c                VIDEO_GetCurrentLine
 .text.VIDEO_GetFrameBufferSize
                0x800177d4       0x30 d:/devkitPro/libogc/lib/wii\libogc.a(video.o)
                0x800177d4                VIDEO_GetFrameBufferSize
 .text.__lwp_thread_dispatchdisable
                0x80017804       0x10 d:/devkitPro/libogc/lib/wii\libogc.a(system.o)
 .text.__stub_found
                0x80017814       0x48 d:/devkitPro/libogc/lib/wii\libogc.a(system.o)
 .text.__call_resetfuncs
                0x8001785c       0x8c d:/devkitPro/libogc/lib/wii\libogc.a(system.o)
 .text.__RSWDefaultHandler
                0x800178e8        0x4 d:/devkitPro/libogc/lib/wii\libogc.a(system.o)
 .text.__POWDefaultHandler
                0x800178ec        0x4 d:/devkitPro/libogc/lib/wii\libogc.a(system.o)
 .text.__locksram
                0x800178f0       0x68 d:/devkitPro/libogc/lib/wii\libogc.a(system.o)
 .text.__lwp_syswd_open
                0x80017958       0x48 d:/devkitPro/libogc/lib/wii\libogc.a(system.o)
 .text.__lwp_thread_dispatchenable
                0x800179a0       0x38 d:/devkitPro/libogc/lib/wii\libogc.a(system.o)
 .text.__sys_alarmhandler
                0x800179d8       0xc8 d:/devkitPro/libogc/lib/wii\libogc.a(system.o)
 .text.__sram_write
                0x80017aa0       0xfc d:/devkitPro/libogc/lib/wii\libogc.a(system.o)
 .text.__unlocksram
                0x80017b9c      0x108 d:/devkitPro/libogc/lib/wii\libogc.a(system.o)
 .text.__sram_writecallback
                0x80017ca4       0x4c d:/devkitPro/libogc/lib/wii\libogc.a(system.o)
 .text.__sram_init
                0x80017cf0      0x130 d:/devkitPro/libogc/lib/wii\libogc.a(system.o)
                0x80017cf0                __sram_init
 .text.__SYS_LockSramEx
                0x80017e20        0x8 d:/devkitPro/libogc/lib/wii\libogc.a(system.o)
                0x80017e20                __SYS_LockSramEx
 .text.__SYS_UnlockSramEx
                0x80017e28        0x8 d:/devkitPro/libogc/lib/wii\libogc.a(system.o)
                0x80017e28                __SYS_UnlockSramEx
 .text.__SYS_GetIPCBufferLo
                0x80017e30        0x8 d:/devkitPro/libogc/lib/wii\libogc.a(system.o)
                0x80017e30                __SYS_GetIPCBufferLo
 .text.__SYS_GetIPCBufferHi
                0x80017e38        0x8 d:/devkitPro/libogc/lib/wii\libogc.a(system.o)
                0x80017e38                __SYS_GetIPCBufferHi
 .text._V_EXPORTNAME
                0x80017e40       0x1c d:/devkitPro/libogc/lib/wii\libogc.a(system.o)
                0x80017e40                _V_EXPORTNAME
 .text.__SYS_DoPowerCB
                0x80017e5c       0x68 d:/devkitPro/libogc/lib/wii\libogc.a(system.o)
                0x80017e5c                __SYS_DoPowerCB
 .text.__SYS_InitCallbacks
                0x80017ec4       0x24 d:/devkitPro/libogc/lib/wii\libogc.a(system.o)
                0x80017ec4                __SYS_InitCallbacks
 .text.__SYS_PreInit
                0x80017ee8        0x4 d:/devkitPro/libogc/lib/wii\libogc.a(system.o)
                0x80017ee8                __SYS_PreInit
 .text.SYS_PreMain
                0x80017eec       0x50 d:/devkitPro/libogc/lib/wii\libogc.a(system.o)
                0x80017eec                SYS_PreMain