Archive member included because of file (symbol)

d:/devkitPro/libnds/lib\libmm9.a(mm_comms.o)
                              main.o (mmStart)
d:/devkitPro/libnds/lib\libmm9.a(mm_main9.o)
                              d:/devkitPro/libnds/lib\libmm9.a(mm_comms.o) (mmCallback)
d:/devkitPro/libnds/lib\libmm9.a(mm_memory.o)
                              main.o (mmLoad)
d:/devkitPro/libnds/lib\libmm9.a(mm_soundbank.o)
                              d:/devkitPro/libnds/lib\libmm9.a(mm_main9.o) (mmSoundBankInMemory)
d:/devkitPro/libnds/lib\libmm9.a(mm_flusher.o)
                              d:/devkitPro/libnds/lib\libmm9.a(mm_memory.o) (mmFlushBank)
d:/devkitPro/libnds/lib\libnds9.a(console.o)
                              main.o (consoleDemoInit)
d:/devkitPro/libnds/lib\libnds9.a(keyboard.o)
                              main.o (keyboardDemoInit)
d:/devkitPro/libnds/lib\libnds9.a(keys.o)
                              main.o (scanKeys)
d:/devkitPro/libnds/lib\libnds9.a(touch.o)
                              d:/devkitPro/libnds/lib\libnds9.a(keyboard.o) (touchRead)
d:/devkitPro/libnds/lib\libnds9.a(initSystem.o)
                              d:/devkitpro/devkitarm/bin/../lib/gcc/arm-eabi/4.5.1/../../../../arm-eabi/lib/thumb/ds_arm9_crt0.o (initSystem)
d:/devkitPro/libnds/lib\libnds9.a(fifosystem.o)
                              d:/devkitPro/libnds/lib\libmm9.a(mm_comms.o) (fifoSendValue32)
d:/devkitPro/libnds/lib\libnds9.a(interrupts.o)
                              d:/devkitPro/libnds/lib\libnds9.a(fifosystem.o) (irqSet)
d:/devkitPro/libnds/lib\libnds9.a(libnds_exit.o)
                              d:/devkitpro/devkitarm/bin/../lib/gcc/arm-eabi/4.5.1/../../../../arm-eabi/lib/thumb/ds_arm9_crt0.o (__libnds_exit)
d:/devkitPro/libnds/lib\libnds9.a(mpu_setup.o)
                              d:/devkitpro/devkitarm/bin/../lib/gcc/arm-eabi/4.5.1/../../../../arm-eabi/lib/thumb/ds_arm9_crt0.o (__libnds_mpu_setup)
d:/devkitPro/libnds/lib\libnds9.a(biosCalls.o)
                              d:/devkitPro/libnds/lib\libnds9.a(fifosystem.o) (swiIntrWait)
d:/devkitPro/libnds/lib\libnds9.a(debugprint.o)
                              d:/devkitPro/libnds/lib\libnds9.a(console.o) (nocashWrite)
d:/devkitPro/libnds/lib\libnds9.a(interruptDispatcher.o)
                              d:/devkitPro/libnds/lib\libnds9.a(interrupts.o) (IntrMain)
d:/devkitPro/libnds/lib\libnds9.a(swiSoftReset.o)
                              d:/devkitPro/libnds/lib\libnds9.a(fifosystem.o) (swiSoftReset)
d:/devkitPro/libnds/lib\libnds9.a(default_font.bin.o)
                              d:/devkitPro/libnds/lib\libnds9.a(console.o) (default_font_bin)
d:/devkitPro/libnds/lib\libnds9.a(keyboardGfx.o)
                              d:/devkitPro/libnds/lib\libnds9.a(keyboard.o) (keyboardGfxTiles)
d:/devkitPro/libnds/lib\libnds9.a(background.o)
                              d:/devkitPro/libnds/lib\libnds9.a(keyboard.o) (bgUpdate)
d:/devkitPro/libnds/lib\libnds9.a(decompress.o)
                              d:/devkitPro/libnds/lib\libnds9.a(keyboard.o) (decompress)
d:/devkitPro/libnds/lib\libnds9.a(system.o)
                              d:/devkitPro/libnds/lib\libnds9.a(initSystem.o) (systemMsgHandler)
d:/devkitPro/libnds/lib\libnds9.a(trig.o)
                              d:/devkitPro/libnds/lib\libnds9.a(background.o) (sinLerp)
d:/devkitPro/libnds/lib\libnds9.a(video.o)
                              d:/devkitPro/libnds/lib\libnds9.a(initSystem.o) (vramDefault)
d:/devkitpro/devkitarm/bin/../lib/gcc/arm-eabi/4.5.1/thumb\libgcc.a(_divsi3.o)
                              main.o (__aeabi_idiv)
d:/devkitpro/devkitarm/bin/../lib/gcc/arm-eabi/4.5.1/thumb\libgcc.a(_dvmd_tls.o)
                              d:/devkitpro/devkitarm/bin/../lib/gcc/arm-eabi/4.5.1/thumb\libgcc.a(_divsi3.o) (__aeabi_idiv0)
d:/devkitpro/devkitarm/bin/../lib/gcc/arm-eabi/4.5.1/../../../../arm-eabi/lib/thumb\libg.a(lib_a-bsearch.o)
                              d:/devkitPro/libnds/lib\libnds9.a(trig.o) (bsearch)
d:/devkitpro/devkitarm/bin/../lib/gcc/arm-eabi/4.5.1/../../../../arm-eabi/lib/thumb\libg.a(lib_a-fclose.o)
                              d:/devkitPro/libnds/lib\libmm9.a(mm_main9.o) (fclose)
d:/devkitpro/devkitarm/bin/../lib/gcc/arm-eabi/4.5.1/../../../../arm-eabi/lib/thumb\libg.a(lib_a-fflush.o)
                              d:/devkitpro/devkitarm/bin/../lib/gcc/arm-eabi/4.5.1/../../../../arm-eabi/lib/thumb\libg.a(lib_a-fclose.o) (_fflush_r)
d:/devkitpro/devkitarm/bin/../lib/gcc/arm-eabi/4.5.1/../../../../arm-eabi/lib/thumb\libg.a(lib_a-findfp.o)
                              d:/devkitpro/devkitarm/bin/../lib/gcc/arm-eabi/4.5.1/../../../../arm-eabi/lib/thumb\libg.a(lib_a-fclose.o) (__sinit)
d:/devkitpro/devkitarm/bin/../lib/gcc/arm-eabi/4.5.1/../../../../arm-eabi/lib/thumb\libg.a(lib_a-fopen.o)
                              d:/devkitPro/libnds/lib\libmm9.a(mm_main9.o) (fopen)
[...]
Memory Configuration

Name             Origin             Length             Attributes
rom              0x08000000         0x02000000
ewram            0x02000000         0x003ff000
dtcm             0x0b000000         0x00004000
vectors          0x01000000         0x00000100
itcm             0x01000100         0x00007f00
*default*        0x00000000         0xffffffff

Linker script and memory map

                0x01000000                __vectors_start = 0x1000000
                0x01000100                __itcm_start = 0x1000100
                0x023ff000                __ewram_end = 0x23ff000
                0x023ff000                __eheap_end = 0x23ff000
                0x0b000000                __dtcm_start = 0xb000000
                0x0b004000                __dtcm_top = 0xb004000
                0x0b003ff8                __irq_flags = (__dtcm_top - 0x8)
                0x0b003ffc                __irq_vector = (__dtcm_top - 0x4)
                0x0b003f00                __sp_svc = (__dtcm_top - 0x100)
                0x0b003e00                __sp_irq = (__sp_svc - 0x100)
                0x0b003d00                __sp_usr = (__sp_irq - 0x100)

.init           0x02000000      0x23c
                0x02000000                __text_start = .
 *(.init)
 .init          0x02000000      0x230 d:/devkitpro/devkitarm/bin/../lib/gcc/arm-eabi/4.5.1/../../../../arm-eabi/lib/thumb/ds_arm9_crt0.o
                0x02000000                _start
 .init          0x02000230        0x4 d:/devkitpro/devkitarm/bin/../lib/gcc/arm-eabi/4.5.1/thumb/crti.o
                0x02000230                _init
 .init          0x02000234        0x8 d:/devkitpro/devkitarm/bin/../lib/gcc/arm-eabi/4.5.1/thumb/crtn.o
                0x0200023c                . = ALIGN (0x4)

.plt
 *(.plt)

.text           0x02000240    0x12c60
 *(EXCLUDE_FILE(*.itcm*) .text)
 .text          0x02000240        0x0 d:/devkitpro/devkitarm/bin/../lib/gcc/arm-eabi/4.5.1/../../../../arm-eabi/lib/thumb/ds_arm9_crt0.o
 .text          0x02000240        0x0 d:/devkitpro/devkitarm/bin/../lib/gcc/arm-eabi/4.5.1/thumb/crti.o
 .text          0x02000240       0x6c d:/devkitpro/devkitarm/bin/../lib/gcc/arm-eabi/4.5.1/thumb/crtbegin.o
 .text          0x020002ac        0x0 soundbank.bin.o
 .text          0x020002ac      0x118 main.o
                0x020002ac                OnKeyPressed
                0x020002c0                main
 .text          0x020003c4      0x240 d:/devkitPro/libnds/lib\libmm9.a(mm_comms.o)
                0x020003c4                mmSetupComms
                0x02000406                mmSendBank
                0x02000410                mmLockChannels
                0x02000416                mmUnlockChannels
                0x0200041c                mmStart
                0x02000426                mmPause
                0x0200042a                mmResume
                0x0200042e                mmStop
                0x02000432                mmPosition
                0x02000436                mmJingle
                0x0200043a                mmSetModuleVolume
                0x0200043e                mmSetJingleVolume
                0x02000442                mmSetModuleTempo
                0x02000446                mmSetModulePitch
                0x0200044a                mmSetEffectsVolume
                0x0200044e                mmSelectMode
                0x02000452                mmStreamBegin
                0x02000466                mmStreamEnd
                0x020004bc                mmEffect
                0x020004e0                mmEffectVolume
                0x020004e4                mmEffectPanning
                0x020004e8                mmEffectRate
                0x020004f2                mmEffectScaleRate
                0x020004fc                mmEffectRelease
                0x02000502                mmEffectCancel
                0x02000508                mmEffectEx
                0x02000546                mmEffectCancelAll
                0x0200054a                mmReverbEnable
                0x0200054e                mmReverbDisable
                0x02000552                mmReverbConfigure
                0x020005ae                mmReverbStart
                0x020005b2                mmReverbStop
 .text          0x02000604      0x108 d:/devkitPro/libnds/lib\libmm9.a(mm_main9.o)
                0x02000604                mmActive
                0x0200060a                mmSetEventHandler
                0x02000610                mmInit
                0x0200063a                mmInitDefault
                0x02000684                mmInitDefaultMem
                0x020006a6                mmSuspendIRQ_t
                0x020006c4                mmRestoreIRQ_t
 .text          0x0200070c      0x120 d:/devkitPro/libnds/lib\libmm9.a(mm_memory.o)
                0x0200070c                mmLoad
                0x0200075c                mmUnload
                0x020007b4                mmLoadEffect
                0x020007ec                mmUnloadEffect
 .text          0x0200082c      0x100 d:/devkitPro/libnds/lib\libmm9.a(mm_soundbank.o)
                0x0200082c                mmSoundBankInMemory
                0x02000834                mmSoundBankInFiles
                0x02000846                mmSetCustomSoundBankHandler
                0x02000872                mmsHandleFileOp
 .text          0x0200092c       0x3c d:/devkitPro/libnds/lib\libmm9.a(mm_flusher.o)
                0x0200092c                mmFlushBank
 .text          0x02000968      0xa10 d:/devkitPro/libnds/lib\libnds9.a(console.o)
                0x020009fc                nocash_write
                0x02000a0c                consoleGetDefault
                0x02000a18                consoleSelect
                0x02000a24                consoleDebugInit
                0x02000a74                consolePrintChar
                0x02000c14                consoleLoadFont
                0x02000e94                consoleSetFont
                0x02000eb4                consoleInit
                0x0200102c                consoleDemoInit
                0x02001070                con_write
                0x02001344                consoleClear
                0x02001354                consoleSetWindow
 .text          0x02001378      0x7b4 d:/devkitPro/libnds/lib\libnds9.a(keyboard.o)
                0x02001378                keyboardGetKey
                0x020013d0                keyboardShiftState
                0x02001460                swapKeyGfx
                0x020015bc                keyboardUpdate
                0x020016d0                keyboardGetDefault
                0x020016dc                keyboardInit
                0x020018c0                keyboardDemoInit
                0x020018ec                keyboardShow
                0x020019b8                keyboardHide
                0x02001a40                keyboardRead
                0x02001ad8                keyboardGetChar
                0x02001b04                keyboardGetString
 .text          0x02001b2c       0xf8 d:/devkitPro/libnds/lib\libnds9.a(keys.o)
                0x02001b2c                scanKeys
                0x02001b9c                keysHeld
                0x02001ba8                keysDown
                0x02001bb8                keysDownRepeat
                0x02001bc8                keysSetRepeat
                0x02001be0                keysUp
                0x02001bf0                keysCurrent
 .text          0x02001c24       0x4c d:/devkitPro/libnds/lib\libnds9.a(touch.o)
                0x02001c24                touchRead
                0x02001c4c                touchReadXY
 .text          0x02001c70      0x140 d:/devkitPro/libnds/lib\libnds9.a(initSystem.o)
                0x02001c70                initSystem
 .text          0x02001db0      0xc98 d:/devkitPro/libnds/lib\libnds9.a(fifosystem.o)
                0x02002020                fifoSendAddress
                0x0200204c                fifoSendValue32
                0x0200208c                fifoSendDatamsg
                0x02002104                fifoGetAddress
                0x02002174                fifoSetAddressHandler
                0x020021e8                fifoGetValue32
                0x02002254                fifoSetValue32Handler
                0x020022c8                fifoGetDatamsg
                0x02002758                fifoSetDatamsgHandler
                0x020027f0                fifoCheckAddress
                0x02002814                fifoCheckDatamsg
                0x02002838                fifoCheckValue32
                0x0200285c                fifoInit
 .text          0x02002a48      0x1cc d:/devkitPro/libnds/lib\libnds9.a(interrupts.o)
                0x02002a48                irqDummy
                0x02002a4c                irqSet
                0x02002ab8                irqInit
                0x02002b04                irqInitHandler
                0x02002b34                irqEnable
                0x02002b94                irqDisable
                0x02002be8                irqClear
 .text          0x02002c14       0x40 d:/devkitPro/libnds/lib\libnds9.a(libnds_exit.o)
                0x02002c14                systemErrorExit
                0x02002c18                __libnds_exit
 .text          0x02002c54      0x1b4 d:/devkitPro/libnds/lib\libnds9.a(mpu_setup.o)
                0x02002c54                __libnds_mpu_setup
                0x02002d94                memCached
                0x02002dac                memUncached
 *fill*         0x02002e08        0x8 ff
 .text          0x02002e10       0x70 d:/devkitPro/libnds/lib\libnds9.a(biosCalls.o)
                0x02002e10                swiDelay
                0x02002e14                swiIntrWait
                0x02002e18                swiWaitForVBlank
                0x02002e1c                swiSleep
                0x02002e20                swiChangeSoundBias
                0x02002e24                swiDivide
                0x02002e28                swiRemainder
                0x02002e2e                swiDivMod
                0x02002e3a                swiCopy
                0x02002e3e                swiFastCopy
                0x02002e42                swiSqrt
                0x02002e46                swiCRC16
                0x02002e4a                swiIsDebugger
                0x02002e4e                swiUnpackBits
                0x02002e52                swiDecompressLZSSWram
                0x02002e56                swiDecompressLZSSVram
                0x02002e5a                swiDecompressHuffman
                0x02002e5e                swiDecompressRLEWram
                0x02002e62                swiDecompressRLEVram
                0x02002e66                swiWaitForIRQ
                0x02002e6a                swiDecodeDelta8
                0x02002e6e                swiDecodeDelta16
                0x02002e72                swiSetHaltCR
 .text          0x02002e80       0xa4 d:/devkitPro/libnds/lib\libnds9.a(debugprint.o)
                0x02002e80                nocashWrite
                0x02002e82                nocashMessage
 .text          0x02002f24        0x0 d:/devkitPro/libnds/lib\libnds9.a(interruptDispatcher.o)
 *fill*         0x02002f24        0xc ff
 .text          0x02002f30       0x30 d:/devkitPro/libnds/lib\libnds9.a(swiSoftReset.o)
                0x02002f30                swiSoftReset
 .text          0x02002f60        0x0 d:/devkitPro/libnds/lib\libnds9.a(default_font.bin.o)
 .text          0x02002f60        0x0 d:/devkitPro/libnds/lib\libnds9.a(keyboardGfx.o)
 .text          0x02002f60      0x318 d:/devkitPro/libnds/lib\libnds9.a(background.o)
                0x02002f60                bgIsText
                0x02002f6c                checkIfText
                0x02002fcc                bgUpdate
                0x020030ec                bgInit_call
                0x020031b0                bgInitSub_call
 .text          0x02003278       0x88 d:/devkitPro/libnds/lib\libnds9.a(decompress.o)
                0x02003278                getHeader
                0x0200327c                readByte
                0x02003280                decompress
                0x020032c0                decompressStream
 .text          0x02003300       0xf4 d:/devkitPro/libnds/lib\libnds9.a(system.o)
                0x02003300                systemMsgHandler
                0x02003344                systemSleep
                0x0200335c                powerValueHandler
                0x0200336c                powerOn
                0x02003398                powerOff
                0x020033c0                ledBlink
                0x020033d4                getBatteryLevel
 .text          0x020033f4      0x238 d:/devkitPro/libnds/lib\libnds9.a(trig.o)
                0x020033f4                asinComp
                0x02003418                sinLutLookup
                0x02003454                sinLerp
                0x02003488                cosLerp
                0x020034a0                tanLutLookup
                0x020034d8                tanLerp
                0x02003588                asinLerp
                0x020035f0                acosLerp
                0x02003608                atanComp
 .text          0x0200362c       0xb4 d:/devkitPro/libnds/lib\libnds9.a(video.o)
                0x0200362c                vramSetMainBanks
                0x02003670                vramRestoreMainBanks
                0x0200367c                setBrightness
                0x020036bc                vramDefault
 .text          0x020036e0      0x150 d:/devkitpro/devkitarm/bin/../lib/gcc/arm-eabi/4.5.1/thumb\libgcc.a(_divsi3.o)
                0x020036e0                __divsi3
                0x020036e0                __aeabi_idiv
                0x02003810                __aeabi_idivmod
 .text          0x02003830        0x4 d:/devkitpro/devkitarm/bin/../lib/gcc/arm-eabi/4.5.1/thumb\libgcc.a(_dvmd_tls.o)
                0x02003830                __aeabi_idiv0
                0x02003830                __aeabi_ldiv0
 .text          0x02003834       0x60 d:/devkitpro/devkitarm/bin/../lib/gcc/arm-eabi/4.5.1/../../../../arm-eabi/lib/thumb\libg.a(lib_a-bsearch.o)
                0x02003834                bsearch
 .text          0x02003894       0xc0 d:/devkitpro/devkitarm/bin/../lib/gcc/arm-eabi/4.5.1/../../../../arm-eabi/lib/thumb\libg.a(lib_a-fclose.o)
                0x02003894                _fclose_r
                0x02003938                fclose
 .text          0x02003954      0x18c d:/devkitpro/devkitarm/bin/../lib/gcc/arm-eabi/4.5.1/../../../../arm-eabi/lib/thumb\libg.a(lib_a-fflush.o)
                0x02003954                _fflush_r
                0x02003ab0                fflush
 .text          0x02003ae0      0x238 d:/devkitpro/devkitarm/bin/../lib/gcc/arm-eabi/4.5.1/../../../../arm-eabi/lib/thumb\libg.a(lib_a-findfp.o)
                0x02003ae8                _cleanup_r
                0x02003afc                __sfmoreglue
                0x02003b2c                _cleanup
                0x02003b40                __sinit
                0x02003c40                __sfp
                0x02003cd0                __sfp_lock_acquire
                0x02003cd4                __sfp_lock_release
                0x02003cd8                __sinit_lock_acquire
                0x02003cdc                __sinit_lock_release
                0x02003ce0                __fp_lock_all
                0x02003cfc                __fp_unlock_all
 .text          0x02003d18       0xb0 d:/devkitpro/devkitarm/bin/../lib/gcc/arm-eabi/4.5.1/../../../../arm-eabi/lib/thumb\libg.a(lib_a-fopen.o)
                0x02003d18                _fopen_r
                0x02003dac                fopen
 .text          0x02003dc8      0x1a8 d:/devkitpro/devkitarm/bin/../lib/gcc/arm-eabi/4.5.1/../../../../arm-eabi/lib/thumb\libg.a(lib_a-fread.o)
                0x02003dc8                _fread_r
                0x02003f48                fread
 .text          0x02003f70      0x244 d:/devkitpro/devkitarm/bin/../lib/gcc/arm-eabi/4.5.1/../../../../arm-eabi/lib/thumb\libg.a(lib_a-freer.o)
                0x02003f70                _malloc_trim_r
                0x02004014                _free_r
 .text          0x020041b4      0x33c d:/devkitpro/devkitarm/bin/../lib/gcc/arm-eabi/4.5.1/../../../../arm-eabi/lib/thumb\libg.a(lib_a-fseek.o)
                0x020041b4                _fseek_r
                0x020044cc                fseek
 .text          0x020044f0       0xbc d:/devkitpro/devkitarm/bin/../lib/gcc/arm-eabi/4.5.1/../../../../arm-eabi/lib/thumb\libg.a(lib_a-fwalk.o)
                0x020044f0                _fwalk
                0x02004548                _fwalk_reent
 .text          0x020045ac        0x0 d:/devkitpro/devkitarm/bin/../lib/gcc/arm-eabi/4.5.1/../../../../arm-eabi/lib/thumb\libg.a(lib_a-impure.o)
 .text          0x020045ac       0x88 d:/devkitpro/devkitarm/bin/../lib/gcc/arm-eabi/4.5.1/../../../../arm-eabi/lib/thumb\libg.a(lib_a-init.o)
                0x020045ac                __libc_init_array
                0x020045fc                __libc_fini_array
 .text          0x02004634       0x40 d:/devkitpro/devkitarm/bin/../lib/gcc/arm-eabi/4.5.1/../../../../arm-eabi/lib/thumb\libg.a(lib_a-iprintf.o)
                0x02004634                iprintf
                0x02004658                _iprintf_r
 .text          0x02004674       0xe8 d:/devkitpro/devkitarm/bin/../lib/gcc/arm-eabi/4.5.1/../../../../arm-eabi/lib/thumb\libg.a(lib_a-makebuf.o)
                0x02004674                __smakebuf_r
 .text          0x0200475c       0x30 d:/devkitpro/devkitarm/bin/../lib/gcc/arm-eabi/4.5.1/../../../../arm-eabi/lib/thumb\libg.a(lib_a-malloc.o)
                0x0200475c                malloc
                0x02004774                free
 .text          0x0200478c      0x518 d:/devkitpro/devkitarm/bin/../lib/gcc/arm-eabi/4.5.1/../../../../arm-eabi/lib/thumb\libg.a(lib_a-mallocr.o)
                0x0200478c                _malloc_r
 .text          0x02004ca4       0x84 d:/devkitpro/devkitarm/bin/../lib/gcc/arm-eabi/4.5.1/../../../../arm-eabi/lib/thumb\libg.a(lib_a-memcpy.o)
                0x02004ca4                memcpy
 .text          0x02004d28       0x94 d:/devkitpro/devkitarm/bin/../lib/gcc/arm-eabi/4.5.1/../../../../arm-eabi/lib/thumb\libg.a(lib_a-memset.o)
                0x02004d28                memset
 .text          0x02004dbc        0x8 d:/devkitpro/devkitarm/bin/../lib/gcc/arm-eabi/4.5.1/../../../../arm-eabi/lib/thumb\libg.a(lib_a-mlock.o)
                0x02004dbc                __malloc_lock
                0x02004dc0                __malloc_unlock
 .text          0x02004dc4      0x134 d:/devkitpro/devkitarm/bin/../lib/gcc/arm-eabi/4.5.1/../../../../arm-eabi/lib/thumb\libg.a(lib_a-refill.o)
                0x02004de4                __srefill_r
 .text          0x02004ef8       0x40 d:/devkitpro/devkitarm/bin/../lib/gcc/arm-eabi/4.5.1/../../../../arm-eabi/lib/thumb\libg.a(lib_a-scanf.o)
                0x02004ef8                scanf
                0x02004f1c                _scanf_r
 .text          0x02004f38      0x114 d:/devkitpro/devkitarm/bin/../lib/gcc/arm-eabi/4.5.1/../../../../arm-eabi/lib/thumb\libg.a(lib_a-setvbuf.o)
                0x02004f38                setvbuf
 .text          0x0200504c       0xa0 d:/devkitpro/devkitarm/bin/../lib/gcc/arm-eabi/4.5.1/../../../../arm-eabi/lib/thumb\libg.a(lib_a-siscanf.o)
                0x0200504c                siscanf
                0x0200509c                _siscanf_r
 .text          0x020050ec       0xac d:/devkitpro/devkitarm/bin/../lib/gcc/arm-eabi/4.5.1/../../../../arm-eabi/lib/thumb\libg.a(lib_a-stdio.o)
                0x020050ec                __sread
                0x02005118                __seofread
                0x0200511c                __swrite
                0x02005158                __sseek
                0x02005188                __sclose
 .text          0x02005198       0x10 d:/devkitpro/devkitarm/bin/../lib/gcc/arm-eabi/4.5.1/../../../../arm-eabi/lib/thumb\libg.a(lib_a-strlen.o)
                0x02005198                strlen
 .text          0x020051a8      0xb60 d:/devkitpro/devkitarm/bin/../lib/gcc/arm-eabi/4.5.1/../../../../arm-eabi/lib/thumb\libg.a(lib_a-svfiscanf.o)
                0x020051a8                _sungetc_r
                0x02005234                __ssrefill_r
                0x02005278                _sfread_r
                0x0200530c                __ssvfiscanf_r
 .text          0x02005d08      0x188 d:/devkitpro/devkitarm/bin/../lib/gcc/arm-eabi/4.5.1/../../../../arm-eabi/lib/thumb\libg.a(lib_a-ungetc.o)
                0x02005d08                __submore
                0x02005d84                _ungetc_r
                0x02005e74                ungetc
 .text          0x02005e90      0xf14 d:/devkitpro/devkitarm/bin/../lib/gcc/arm-eabi/4.5.1/../../../../arm-eabi/lib/thumb\libg.a(lib_a-vfiprintf.o)
                0x02005e90                __sprint_r
                0x02005f18                _vfiprintf_r
                0x02006d80                vfiprintf
 .text          0x02006da4      0xf28 d:/devkitpro/devkitarm/bin/../lib/gcc/arm-eabi/4.5.1/../../../../arm-eabi/lib/thumb\libg.a(lib_a-vfscanf.o)
                0x02006da4                __svfscanf_r
                0x02007c4c                _vfscanf_r
                0x02007c78                __svfscanf
                0x02007c98                vfscanf
 .text          0x02007ccc       0xf0 d:/devkitpro/devkitarm/bin/../lib/gcc/arm-eabi/4.5.1/../../../../arm-eabi/lib/thumb\libg.a(lib_a-wcrtomb.o)
                0x02007ccc                _wcrtomb_r
                0x02007d38                wcrtomb
 .text          0x02007dbc       0x48 d:/devkitpro/devkitarm/bin/../lib/gcc/arm-eabi/4.5.1/../../../../arm-eabi/lib/thumb\libg.a(lib_a-wcsrtombs.o)
                0x02007dbc                _wcsrtombs_r
                0x02007dd8                wcsrtombs
 .text          0x02007e04      0x294 d:/devkitpro/devkitarm/bin/../lib/gcc/arm-eabi/4.5.1/../../../../arm-eabi/lib/thumb\libg.a(lib_a-wctomb_r.o)
                0x02007e04                __utf8_wctomb
                0x02007ec8                _wctomb_r
                0x02007f00                __ascii_wctomb
                0x02007f20                __sjis_wctomb
                0x02007f90                __eucjp_wctomb
                0x02008014                __jis_wctomb
 .text          0x02008098       0xc4 d:/devkitpro/devkitarm/bin/../lib/gcc/arm-eabi/4.5.1/../../../../arm-eabi/lib/thumb\libg.a(lib_a-wsetup.o)
                0x02008098                __swsetup_r
 .text          0x0200815c       0x10 d:/devkitpro/devkitarm/bin/../lib/gcc/arm-eabi/4.5.1/../../../../arm-eabi/lib/thumb\libg.a(lib_a-ctype_.o)
                0x0200815c                __set_ctype
 .text          0x0200816c       0x70 d:/devkitpro/devkitarm/bin/../lib/gcc/arm-eabi/4.5.1/../../../../arm-eabi/lib/thumb\libg.a(lib_a-flags.o)
                0x0200816c                __sflags
 .text          0x020081dc      0x10c d:/devkitpro/devkitarm/bin/../lib/gcc/arm-eabi/4.5.1/../../../../arm-eabi/lib/thumb\libg.a(lib_a-fputwc.o)
                0x020081dc                _fputwc_r
                0x020082bc                fputwc
 .text          0x020082e8      0x33c d:/devkitpro/devkitarm/bin/../lib/gcc/arm-eabi/4.5.1/../../../../arm-eabi/lib/thumb\libg.a(lib_a-fvwrite.o)
                0x020082e8                __sfvwrite_r
 .text          0x02008624       0x70 d:/devkitpro/devkitarm/bin/../lib/gcc/arm-eabi/4.5.1/../../../../arm-eabi/lib/thumb\libg.a(lib_a-iswspace.o)
                0x02008624                iswspace
 .text          0x02008694      0x1f4 d:/devkitpro/devkitarm/bin/../lib/gcc/arm-eabi/4.5.1/../../../../arm-eabi/lib/thumb\libg.a(lib_a-jp2uc.o)
                0x02008824                _jp2uc
 .text          0x02008888      0x7dc d:/devkitpro/devkitarm/bin/../lib/gcc/arm-eabi/4.5.1/../../../../arm-eabi/lib/thumb\libg.a(lib_a-locale.o)
                0x02008df8                _setlocale_r
                0x02009014                __locale_charset
                0x02009020                __locale_msgcharset
                0x0200902c                __locale_cjk_lang
                0x02009038                _localeconv_r
                0x02009040                setlocale
                0x0200905c                localeconv
 .text          0x02009064      0x108 d:/devkitpro/devkitarm/bin/../lib/gcc/arm-eabi/4.5.1/../../../../arm-eabi/lib/thumb\libg.a(lib_a-mbrtowc.o)
                0x02009064                _mbrtowc_r
                0x020090dc                mbrtowc
 .text          0x0200916c      0x5e0 d:/devkitpro/devkitarm/bin/../lib/gcc/arm-eabi/4.5.1/../../../../arm-eabi/lib/thumb\libg.a(lib_a-mbtowc_r.o)
                0x0200916c                __utf8_mbtowc
                0x02009410                _mbtowc_r
                0x0200944c                __ascii_mbtowc
                0x0200947c                __sjis_mbtowc
                0x02009540                __eucjp_mbtowc
                0x02009630                __jis_mbtowc
 .text          0x0200974c       0x98 d:/devkitpro/devkitarm/bin/../lib/gcc/arm-eabi/4.5.1/../../../../arm-eabi/lib/thumb\libg.a(lib_a-memchr.o)
                0x0200974c                memchr
 .text          0x020097e4       0xa4 d:/devkitpro/devkitarm/bin/../lib/gcc/arm-eabi/4.5.1/../../../../arm-eabi/lib/thumb\libg.a(lib_a-memmove.o)
                0x020097e4                memmove
 .text          0x02009888      0x41c d:/devkitpro/devkitarm/bin/../lib/gcc/arm-eabi/4.5.1/../../../../arm-eabi/lib/thumb\libg.a(lib_a-reallocr.o)
                0x02009888                _realloc_r
 .text          0x02009ca4       0x9c d:/devkitpro/devkitarm/bin/../lib/gcc/arm-eabi/4.5.1/../../../../arm-eabi/lib/thumb\libg.a(lib_a-s_fpclassify.o)
                0x02009ca4                __fpclassifyd
 .text          0x02009d40       0x84 d:/devkitpro/devkitarm/bin/../lib/gcc/arm-eabi/4.5.1/../../../../arm-eabi/lib/thumb\libg.a(lib_a-sccl.o)
                0x02009d40                __sccl
 .text          0x02009dc4        0x8 d:/devkitpro/devkitarm/bin/../lib/gcc/arm-eabi/4.5.1/../../../../arm-eabi/lib/thumb\libg.a(lib_a-sf_nan.o)
                0x02009dc4                nanf
 .text          0x02009dcc       0x84 d:/devkitpro/devkitarm/bin/../lib/gcc/arm-eabi/4.5.1/../../../../arm-eabi/lib/thumb\libg.a(lib_a-sprintf.o)
                0x02009dcc                _sprintf_r
                0x02009e0c                sprintf
 .text          0x02009e50       0x54 d:/devkitpro/devkitarm/bin/../lib/gcc/arm-eabi/4.5.1/../../../../arm-eabi/lib/thumb\libg.a(lib_a-strcasecmp.o)
                0x02009e50                strcasecmp
 .text          0x02009ea4       0x48 d:/devkitpro/devkitarm/bin/../lib/gcc/arm-eabi/4.5.1/../../../../arm-eabi/lib/thumb\libg.a(lib_a-strcat.o)
                0x02009ea4                strcat
 .text          0x02009eec       0xe8 d:/devkitpro/devkitarm/bin/../lib/gcc/arm-eabi/4.5.1/../../../../arm-eabi/lib/thumb\libg.a(lib_a-strchr.o)
                0x02009eec                strchr
 .text          0x02009fd4       0x14 d:/devkitpro/devkitarm/bin/../lib/gcc/arm-eabi/4.5.1/../../../../arm-eabi/lib/thumb\libg.a(lib_a-strcmp.o)
                0x02009fd4                strcmp
 .text          0x02009fe8       0x10 d:/devkitpro/devkitarm/bin/../lib/gcc/arm-eabi/4.5.1/../../../../arm-eabi/lib/thumb\libg.a(lib_a-strcpy.o)
                0x02009fe8                strcpy
 .text          0x02009ff8       0x4c d:/devkitpro/devkitarm/bin/../lib/gcc/arm-eabi/4.5.1/../../../../arm-eabi/lib/thumb\libg.a(lib_a-strlcpy.o)
                0x02009ff8                strlcpy
 .text          0x0200a044       0x60 d:/devkitpro/devkitarm/bin/../lib/gcc/arm-eabi/4.5.1/../../../../arm-eabi/lib/thumb\libg.a(lib_a-strncasecmp.o)
                0x0200a044                strncasecmp
 .text          0x0200a0a4       0xc0 d:/devkitpro/devkitarm/bin/../lib/gcc/arm-eabi/4.5.1/../../../../arm-eabi/lib/thumb\libg.a(lib_a-strncmp.o)
                0x0200a0a4                strncmp
 .text          0x0200a164       0x6c d:/devkitpro/devkitarm/bin/../lib/gcc/arm-eabi/4.5.1/../../../../arm-eabi/lib/thumb\libg.a(lib_a-strncpy.o)
                0x0200a164                strncpy
 .text          0x0200a1d0      0xef0 d:/devkitpro/devkitarm/bin/../lib/gcc/arm-eabi/4.5.1/../../../../arm-eabi/lib/thumb\libg.a(lib_a-strtod.o)
                0x0200a200                _strtod_r
                0x0200b070                strtod
                0x0200b08c                strtof
 .text          0x0200b0c0      0x188 d:/devkitpro/devkitarm/bin/../lib/gcc/arm-eabi/4.5.1/../../../../arm-eabi/lib/thumb\libg.a(lib_a-strtol.o)
                0x0200b0c0                _strtol_r
                0x0200b228                strtol
 .text          0x0200b248      0x210 d:/devkitpro/devkitarm/bin/../lib/gcc/arm-eabi/4.5.1/../../../../arm-eabi/lib/thumb\libg.a(lib_a-strtoll_r.o)
                0x0200b248                _strtoll_r
 .text          0x0200b458      0x194 d:/devkitpro/devkitarm/bin/../lib/gcc/arm-eabi/4.5.1/../../../../arm-eabi/lib/thumb\libg.a(lib_a-strtoul.o)
                0x0200b458                _strtoul_r
                0x0200b5cc                strtoul
 *fill*         0x0200b5ec        0x4 ff
 .text          0x0200b5f0      0x230 d:/devkitpro/devkitarm/bin/../lib/gcc/arm-eabi/4.5.1/../../../../arm-eabi/lib/thumb\libg.a(lib_a-strtoull_r.o)
                0x0200b5f0                _strtoull_r
 .text          0x0200b820     0x1798 d:/devkitpro/devkitarm/bin/../lib/gcc/arm-eabi/4.5.1/../../../../arm-eabi/lib/thumb\libg.a(lib_a-svfprintf.o)
                0x0200b820                _svfprintf_r
 .text          0x0200cfb8       0xe0 d:/devkitpro/devkitarm/bin/../lib/gcc/arm-eabi/4.5.1/../../../../arm-eabi/lib/thumb\libg.a(lib_a-wbuf.o)
                0x0200cfb8                __swbuf_r
                0x0200d07c                __swbuf
 .text          0x0200d098      0x148 d:/devkitpro/devkitarm/bin/../lib/gcc/arm-eabi/4.5.1/../../../../arm-eabi/lib/thumb\libg.a(lib_a-wcsnrtombs.o)
                0x0200d098                _wcsnrtombs_r
                0x0200d1b0                wcsnrtombs
 .text          0x0200d1e0     0x10c8 d:/devkitpro/devkitarm/bin/../lib/gcc/arm-eabi/4.5.1/../../../../arm-eabi/lib/thumb\libg.a(lib_a-dtoa.o)
                0x0200d33c                _dtoa_r
 .text          0x0200e2a8      0x62c d:/devkitpro/devkitarm/bin/../lib/gcc/arm-eabi/4.5.1/../../../../arm-eabi/lib/thumb\libg.a(lib_a-gdtoa-gethex.o)
                0x0200e354                __hexdig_init
                0x0200e3b0                __gethex
 .text          0x0200e8d4      0x1d8 d:/devkitpro/devkitarm/bin/../lib/gcc/arm-eabi/4.5.1/../../../../arm-eabi/lib/thumb\libg.a(lib_a-gdtoa-hexnan.o)
                0x0200e8d4                __hexnan
 .text          0x0200eaac       0xa8 d:/devkitpro/devkitarm/bin/../lib/gcc/arm-eabi/4.5.1/../../../../arm-eabi/lib/thumb\libg.a(lib_a-getenv_r.o)
                0x0200eaac                _findenv_r
                0x0200eb44                _getenv_r
 *fill*         0x0200eb54        0x4 ff
 .text          0x0200eb58      0x9c0 d:/devkitpro/devkitarm/bin/../lib/gcc/arm-eabi/4.5.1/../../../../arm-eabi/lib/thumb\libg.a(lib_a-mprec.o)
                0x0200eb58                _Balloc
                0x0200ebac                _Bfree
                0x0200ebc4                __multadd
                0x0200ec60                __s2b
                0x0200ecf8                __hi0bits
                0x0200ed38                __lo0bits
                0x0200ed98                __i2b
                0x0200edb0                __multiply
                0x0200ef38                __pow5mult
                0x0200efec                __lshift
                0x0200f0bc                __mcmp
                0x0200f0fc                __mdiff
                0x0200f1fc                __ulp
                0x0200f248                __b2d
                0x0200f2e8                __d2b
                0x0200f3b8                __ratio
                0x0200f42c                _mprec_log10
                0x0200f46c                __copybits
                0x0200f4b4                __any_on
 .text          0x0200f518      0xdd0 d:/devkitpro/devkitarm/bin/../lib/gcc/arm-eabi/4.5.1/../../../../arm-eabi/lib/thumb\libg.a(lib_a-svfiprintf.o)
                0x0200f518                __ssprint_r
                0x0200f654                _svfiprintf_r
 .text          0x020102e8       0x60 d:/devkitpro/devkitarm/bin/../lib/gcc/arm-eabi/4.5.1/../../../../arm-eabi/lib/thumb\libg.a(lib_a-callocr.o)
                0x020102e8                _calloc_r
 .text          0x02010348        0x0 d:/devkitpro/devkitarm/bin/../lib/gcc/arm-eabi/4.5.1/../../../../arm-eabi/lib/thumb\libg.a(lib_a-environ.o)
 .text          0x02010348        0x8 d:/devkitpro/devkitarm/bin/../lib/gcc/arm-eabi/4.5.1/../../../../arm-eabi/lib/thumb\libg.a(lib_a-envlock.o)
                0x02010348                __env_lock
                0x0201034c                __env_unlock
 .text          0x02010350      0x144 d:/devkitpro/devkitarm/bin/../lib/gcc/arm-eabi/4.5.1/../../../../arm-eabi/lib/thumb\libsysbase.a(iosupport.o)
                0x02010350                setDefaultDevice
                0x02010364                FindDevice
                0x020103d4                RemoveDevice
                0x020103f8                AddDevice
                0x02010474                GetDeviceOpTab
 .text          0x02010494       0x54 d:/devkitpro/devkitarm/bin/../lib/gcc/arm-eabi/4.5.1/../../../../arm-eabi/lib/thumb\libsysbase.a(close.o)
                0x02010494                _close_r
 .text          0x020104e8       0x58 d:/devkitpro/devkitarm/bin/../lib/gcc/arm-eabi/4.5.1/../../../../arm-eabi/lib/thumb\libsysbase.a(fstat.o)
                0x020104e8                _fstat_r
 .text          0x02010540        0x4 d:/devkitpro/devkitarm/bin/../lib/gcc/arm-eabi/4.5.1/../../../../arm-eabi/lib/thumb\libsysbase.a(isatty.o)
                0x02010540                _isatty_r
 .text          0x02010544       0x54 d:/devkitpro/devkitarm/bin/../lib/gcc/arm-eabi/4.5.1/../../../../arm-eabi/lib/thumb\libsysbase.a(lseek.o)
                0x02010544                _lseek_r
 .text          0x02010598       0xa0 d:/devkitpro/devkitarm/bin/../lib/gcc/arm-eabi/4.5.1/../../../../arm-eabi/lib/thumb\libsysbase.a(open.o)
                0x02010598                _open_r
 .text          0x02010638       0x54 d:/devkitpro/devkitarm/bin/../lib/gcc/arm-eabi/4.5.1/../../../../arm-eabi/lib/thumb\libsysbase.a(read.o)
                0x02010638                _read_r
 .text          0x0201068c       0x54 d:/devkitpro/devkitarm/bin/../lib/gcc/arm-eabi/4.5.1/../../../../arm-eabi/lib/thumb\libsysbase.a(sbrk.o)
                0x0201068c                _sbrk_r
 .text          0x020106e0       0x48 d:/devkitpro/devkitarm/bin/../lib/gcc/arm-eabi/4.5.1/../../../../arm-eabi/lib/thumb\libsysbase.a(times.o)
                0x020106e0                _times
                0x020106f4                _times_r
                0x020106fc                _gettimeofday_r
 .text          0x02010728       0x54 d:/devkitpro/devkitarm/bin/../lib/gcc/arm-eabi/4.5.1/../../../../arm-eabi/lib/thumb\libsysbase.a(write.o)
                0x02010728                _write_r
 .text          0x0201077c        0x0 d:/devkitpro/devkitarm/bin/../lib/gcc/arm-eabi/4.5.1/../../../../arm-eabi/lib/thumb\libsysbase.a(malloc_vars.o)
 .text          0x0201077c       0x4c d:/devkitpro/devkitarm/bin/../lib/gcc/arm-eabi/4.5.1/../../../../arm-eabi/lib/thumb\libsysbase.a(build_argv.o)
                0x0201077c                build_argv
 .text          0x020107c8        0x0 d:/devkitpro/devkitarm/bin/../lib/gcc/arm-eabi/4.5.1/../../../../arm-eabi/lib/thumb\libsysbase.a(syscall_support.o)
 .text          0x020107c8       0x80 d:/devkitpro/devkitarm/bin/../lib/gcc/arm-eabi/4.5.1/../../../../arm-eabi/lib/thumb\libsysbase.a(handle_manager.o)
                0x020107c8                __release_handle
                0x020107f4                __alloc_handle
                0x0201082c                __get_handle
 .text          0x02010848      0x11c d:/devkitpro/devkitarm/bin/../lib/gcc/arm-eabi/4.5.1/thumb\libgcc.a(_udivsi3.o)
                0x02010848                __aeabi_uidiv
                0x02010848                __udivsi3
                0x02010944                __aeabi_uidivmod
 .text          0x02010964      0x41c d:/devkitpro/devkitarm/bin/../lib/gcc/arm-eabi/4.5.1/thumb\libgcc.a(_arm_addsubdf3.o)
                0x02010964                __aeabi_drsub
                0x0201096c                __aeabi_dsub
                0x0201096c                __subdf3
                0x02010970                __aeabi_dadd
                0x02010970                __adddf3
                0x02010c80                __floatunsidf
                0x02010c80                __aeabi_ui2d
                0x02010ca4                __floatsidf
                0x02010ca4                __aeabi_i2d
                0x02010ccc                __aeabi_f2d
                0x02010ccc                __extendsfdf2
                0x02010d0c                __floatundidf
                0x02010d0c                __aeabi_ul2d
                0x02010d20                __floatdidf
                0x02010d20                __aeabi_l2d
 .text          0x02010d80      0x49c d:/devkitpro/devkitarm/bin/../lib/gcc/arm-eabi/4.5.1/thumb\libgcc.a(_arm_muldivdf3.o)
                0x02010d80                __aeabi_dmul
                0x02010d80                __muldf3
                0x02011010                __divdf3
                0x02011010                __aeabi_ddiv
 .text          0x0201121c      0x144 d:/devkitpro/devkitarm/bin/../lib/gcc/arm-eabi/4.5.1/thumb\libgcc.a(_arm_cmpdf2.o)
                0x0201121c                __gtdf2
                0x0201121c                __gedf2
                0x02011224                __ltdf2
                0x02011224                __ledf2
                0x0201122c                __nedf2
                0x0201122c                __eqdf2
                0x0201122c                __cmpdf2
                0x020112b4                __aeabi_cdrcmple
                0x020112d0                __aeabi_cdcmpeq
                0x020112d0                __aeabi_cdcmple
                0x020112e8                __aeabi_dcmpeq
                0x02011300                __aeabi_dcmplt
                0x02011318                __aeabi_dcmple
                0x02011330                __aeabi_dcmpge
                0x02011348                __aeabi_dcmpgt
 .text          0x02011360       0x5c d:/devkitpro/devkitarm/bin/../lib/gcc/arm-eabi/4.5.1/thumb\libgcc.a(_arm_fixdfsi.o)
                0x02011360                __aeabi_d2iz
                0x02011360                __fixdfsi
 .text          0x020113bc       0x54 d:/devkitpro/devkitarm/bin/../lib/gcc/arm-eabi/4.5.1/thumb\libgcc.a(_arm_fixunsdfsi.o)
                0x020113bc                __aeabi_d2uiz
                0x020113bc                __fixunsdfsi
 .text          0x02011410       0xa0 d:/devkitpro/devkitarm/bin/../lib/gcc/arm-eabi/4.5.1/thumb\libgcc.a(_arm_truncdfsf2.o)
                0x02011410                __truncdfsf2
                0x02011410                __aeabi_d2f
 .text          0x020114b0       0x3c d:/devkitpro/devkitarm/bin/../lib/gcc/arm-eabi/4.5.1/thumb\libgcc.a(_aeabi_uldivmod.o)
                0x020114b0                __aeabi_uldivmod
 .text          0x020114ec       0x4c d:/devkitpro/devkitarm/bin/../lib/gcc/arm-eabi/4.5.1/thumb\libgcc.a(_muldi3.o)
                0x020114ec                __muldi3
                0x020114ec                __aeabi_lmul
 .text          0x02011538       0x70 d:/devkitpro/devkitarm/bin/../lib/gcc/arm-eabi/4.5.1/thumb\libgcc.a(bpabi.o)
                0x02011538                __gnu_ldivmod_helper
                0x02011570                __gnu_uldivmod_helper
 .text          0x020115a8      0xa88 d:/devkitpro/devkitarm/bin/../lib/gcc/arm-eabi/4.5.1/thumb\libgcc.a(unwind-arm.o)
                0x02011890                _Unwind_VRS_Get
                0x020118dc                _Unwind_VRS_Set
                0x02011bf8                __aeabi_unwind_cpp_pr2
                0x02011c08                __aeabi_unwind_cpp_pr1
                0x02011c18                __aeabi_unwind_cpp_pr0
                0x02011c28                _Unwind_VRS_Pop
                0x02011ea8                _Unwind_GetCFA
                0x02011eac                __gnu_Unwind_RaiseException
                0x02011f10                __gnu_Unwind_ForcedUnwind
                0x02011f28                __gnu_Unwind_Resume
                0x02011f68                __gnu_Unwind_Resume_or_Rethrow
                0x02011f88                _Unwind_Complete
                0x02011f8c                _Unwind_DeleteException
                0x02011fa4                __gnu_Unwind_Backtrace
 .text          0x02012030      0x1d8 d:/devkitpro/devkitarm/bin/../lib/gcc/arm-eabi/4.5.1/thumb\libgcc.a(libunwind.o)
                0x02012030                __restore_core_regs
                0x02012030                restore_core_regs
                0x0201204c                __gnu_Unwind_Restore_VFP
                0x02012054                __gnu_Unwind_Save_VFP
                0x0201205c                __gnu_Unwind_Restore_VFP_D
                0x02012064                __gnu_Unwind_Save_VFP_D
                0x0201206c                __gnu_Unwind_Restore_VFP_D_16_to_31
                0x02012074                __gnu_Unwind_Save_VFP_D_16_to_31
                0x0201207c                __gnu_Unwind_Restore_WMMXD
                0x020120c0                __gnu_Unwind_Save_WMMXD
                0x02012104                __gnu_Unwind_Restore_WMMXC
                0x02012118                __gnu_Unwind_Save_WMMXC
                0x0201212c                ___Unwind_RaiseException
                0x0201212c                _Unwind_RaiseException
                0x02012158                _Unwind_Resume
                0x02012158                ___Unwind_Resume
                0x02012184                _Unwind_Resume_or_Rethrow
                0x02012184                ___Unwind_Resume_or_Rethrow
                0x020121b0                _Unwind_ForcedUnwind
                0x020121b0                ___Unwind_ForcedUnwind
                0x020121dc                ___Unwind_Backtrace
                0x020121dc                _Unwind_Backtrace
 .text          0x02012208      0x39c d:/devkitpro/devkitarm/bin/../lib/gcc/arm-eabi/4.5.1/thumb\libgcc.a(pr-support.o)
                0x02012264                __gnu_unwind_execute
                0x02012540                __gnu_unwind_frame
                0x0201256c                _Unwind_GetRegionStart
                0x0201257c                _Unwind_GetLanguageSpecificData
                0x02012594                _Unwind_GetDataRelBase
                0x0201259c                _Unwind_GetTextRelBase
 .text          0x020125a4      0x38c d:/devkitpro/devkitarm/bin/../lib/gcc/arm-eabi/4.5.1/thumb\libgcc.a(_divdi3.o)
                0x020125a4                __divdi3
 .text          0x02012930      0x338 d:/devkitpro/devkitarm/bin/../lib/gcc/arm-eabi/4.5.1/thumb\libgcc.a(_udivdi3.o)
                0x02012930                __udivdi3
 .text          0x02012c68       0x48 d:/devkitpro/devkitarm/bin/../lib/gcc/arm-eabi/4.5.1/thumb\libgcc.a(_clzsi2.o)
                0x02012c68                __clzsi2
 .text          0x02012cb0       0x10 d:/devkitpro/devkitarm/bin/../lib/gcc/arm-eabi/4.5.1/../../../../arm-eabi/lib/thumb\libg.a(lib_a-abort.o)
                0x02012cb0                abort
 .text          0x02012cc0        0xc d:/devkitpro/devkitarm/bin/../lib/gcc/arm-eabi/4.5.1/../../../../arm-eabi/lib/thumb\libg.a(lib_a-errno.o)
                0x02012cc0                __errno
 .text          0x02012ccc      0x190 d:/devkitpro/devkitarm/bin/../lib/gcc/arm-eabi/4.5.1/../../../../arm-eabi/lib/thumb\libg.a(lib_a-signal.o)
                0x02012ccc                _init_signal_r
                0x02012d08                _signal_r
                0x02012d48                _raise_r
                0x02012da8                __sigtramp_r
                0x02012df8                raise
                0x02012e10                signal
                0x02012e2c                _init_signal
                0x02012e40                __sigtramp
 .text          0x02012e5c        0xc d:/devkitpro/devkitarm/bin/../lib/gcc/arm-eabi/4.5.1/../../../../arm-eabi/lib/thumb\libsysbase.a(getpid.o)
                0x02012e5c                _getpid_r
 .text          0x02012e68        0xc d:/devkitpro/devkitarm/bin/../lib/gcc/arm-eabi/4.5.1/../../../../arm-eabi/lib/thumb\libsysbase.a(kill.o)
                0x02012e68                _kill_r
 .text          0x02012e74       0x18 d:/devkitpro/devkitarm/bin/../lib/gcc/arm-eabi/4.5.1/../../../../arm-eabi/lib/thumb\libsysbase.a(_exit.o)
                0x02012e74                _exit
 .text          0x02012e8c        0x0 d:/devkitpro/devkitarm/bin/../lib/gcc/arm-eabi/4.5.1/thumb/crtend.o
 .text          0x02012e8c        0x0 d:/devkitpro/devkitarm/bin/../lib/gcc/arm-eabi/4.5.1/thumb/crtn.o
 *fill*         0x02012e8c        0x4 ff
 .text.stub     0x02012e90       0x10 linker stubs
 *(.text.*)
 *(.stub)
 *(.gnu.warning)
 *(.gnu.linkonce.t*)
 *(.glue_7)
 .glue_7        0x00000000        0x0 linker stubs
 *(.glue_7t)
 .glue_7t       0x00000000        0x0 linker stubs
                0x02012ea0                . = ALIGN (0x4)

.vfp11_veneer   0x00000000        0x0 load address 0x02012ea0
 .vfp11_veneer  0x00000000        0x0 linker stubs

.v4_bx          0x00000000        0x0 load address 0x02012ea0
 .v4_bx         0x00000000        0x0 linker stubs

.fini           0x02012ea0        0xc
 *(.fini)
 .fini          0x02012ea0        0x4 d:/devkitpro/devkitarm/bin/../lib/gcc/arm-eabi/4.5.1/thumb/crti.o
                0x02012ea0                _fini
 .fini          0x02012ea4        0x8 d:/devkitpro/devkitarm/bin/../lib/gcc/arm-eabi/4.5.1/thumb/crtn.o
                0x02012eac                __text_end = .

.rodata         0x02012eb0    0x32bc8
 *(.rodata)
 .rodata        0x02012eb0    0x28f28 soundbank.bin.o
                0x02012eb0                soundbank_bin
                0x0203bdd4                soundbank_bin_size
                0x0203bdd4                soundbank_bin_end
 .rodata        0x0203bdd8      0x200 d:/devkitPro/libnds/lib\libnds9.a(console.o)
 .rodata        0x0203bfd8       0x64 d:/devkitPro/libnds/lib\libnds9.a(keyboard.o)
                0x0203bfd8                std_in
 .rodata        0x0203c03c     0x2004 d:/devkitPro/libnds/lib\libnds9.a(default_font.bin.o)
                0x0203c03c                default_font_bin
                0x0203e03c                default_font_bin_size
                0x0203e03c                default_font_bin_end
 .rodata        0x0203e040     0x2d0c d:/devkitPro/libnds/lib\libnds9.a(keyboardGfx.o)
                0x0203e040                keyboardGfxTiles
                0x0204032c                keyboardGfxMap
                0x02040d2c                keyboardGfxPal
 .rodata        0x02040d4c       0x14 d:/devkitPro/libnds/lib\libnds9.a(decompress.o)
 .rodata        0x02040d60      0x308 d:/devkitPro/libnds/lib\libnds9.a(trig.o)
                0x02040d60                SIN_LUT
                0x02040e64                TAN_LUT
 .rodata        0x02041068        0x4 d:/devkitpro/devkitarm/bin/../lib/gcc/arm-eabi/4.5.1/../../../../arm-eabi/lib/thumb\libg.a(lib_a-impure.o)
                0x02041068                _global_impure_ptr
 .rodata        0x0204106c      0x340 d:/devkitpro/devkitarm/bin/../lib/gcc/arm-eabi/4.5.1/../../../../arm-eabi/lib/thumb\libg.a(lib_a-svfiscanf.o)
 .rodata        0x020413ac      0x184 d:/devkitpro/devkitarm/bin/../lib/gcc/arm-eabi/4.5.1/../../../../arm-eabi/lib/thumb\libg.a(lib_a-vfiprintf.o)
 .rodata        0x02041530      0x47c d:/devkitpro/devkitarm/bin/../lib/gcc/arm-eabi/4.5.1/../../../../arm-eabi/lib/thumb\libg.a(lib_a-vfscanf.o)
 .rodata        0x020419ac      0x104 d:/devkitpro/devkitarm/bin/../lib/gcc/arm-eabi/4.5.1/../../../../arm-eabi/lib/thumb\libg.a(lib_a-ctype_.o)
                0x020419ac                _ctype_
 .rodata        0x02041ab0     0x34f0 d:/devkitpro/devkitarm/bin/../lib/gcc/arm-eabi/4.5.1/../../../../arm-eabi/lib/thumb\libg.a(lib_a-jp2uc.o)
 .rodata        0x02044fa0      0x128 d:/devkitpro/devkitarm/bin/../lib/gcc/arm-eabi/4.5.1/../../../../arm-eabi/lib/thumb\libg.a(lib_a-locale.o)
 .rodata        0x020450c8       0xa8 d:/devkitpro/devkitarm/bin/../lib/gcc/arm-eabi/4.5.1/../../../../arm-eabi/lib/thumb\libg.a(lib_a-mbtowc_r.o)
 .rodata        0x02045170      0x100 d:/devkitpro/devkitarm/bin/../lib/gcc/arm-eabi/4.5.1/../../../../arm-eabi/lib/thumb\libg.a(lib_a-strtod.o)
 .rodata        0x02045270      0x184 d:/devkitpro/devkitarm/bin/../lib/gcc/arm-eabi/4.5.1/../../../../arm-eabi/lib/thumb\libg.a(lib_a-svfprintf.o)
 *fill*         0x020453f4        0x4 ff
 .rodata        0x020453f8      0x128 d:/devkitpro/devkitarm/bin/../lib/gcc/arm-eabi/4.5.1/../../../../arm-eabi/lib/thumb\libg.a(lib_a-mprec.o)
                0x02045408                __mprec_tens
                0x020454d0                __mprec_bigtens
                0x020454f8                __mprec_tinytens
 .rodata        0x02045520      0x184 d:/devkitpro/devkitarm/bin/../lib/gcc/arm-eabi/4.5.1/../../../../arm-eabi/lib/thumb\libg.a(lib_a-svfiprintf.o)
 .rodata        0x020456a4       0x64 d:/devkitpro/devkitarm/bin/../lib/gcc/arm-eabi/4.5.1/../../../../arm-eabi/lib/thumb\libsysbase.a(iosupport.o)
                0x020456a4                dotab_stdnull
 .rodata        0x02045708       0x14 d:/devkitpro/devkitarm/bin/../lib/gcc/arm-eabi/4.5.1/thumb\libgcc.a(unwind-arm.o)
 *all.rodata*(*)
 *(.roda)
 *(.rodata.*)
 .rodata.str1.4
                0x0204571c      0x18c main.o
 .rodata.str1.4
                0x020458a8       0x49 d:/devkitPro/libnds/lib\libnds9.a(console.o)
                                 0x4c (size before relaxing)
 *fill*         0x020458f1        0x3 ff
 .rodata.str1.4
                0x020458f4        0x6 d:/devkitPro/libnds/lib\libnds9.a(keyboard.o)
                                  0x8 (size before relaxing)
 *fill*         0x020458fa        0x2 ff
 .rodata.str1.4
                0x020458fc        0x2 d:/devkitpro/devkitarm/bin/../lib/gcc/arm-eabi/4.5.1/../../../../arm-eabi/lib/thumb\libg.a(lib_a-impure.o)
                                  0x4 (size before relaxing)
 *fill*         0x020458fe        0x2 ff
 .rodata.str1.4
                0x02045900       0x2f d:/devkitpro/devkitarm/bin/../lib/gcc/arm-eabi/4.5.1/../../../../arm-eabi/lib/thumb\libg.a(lib_a-vfiprintf.o)
                                 0x30 (size before relaxing)
 *fill*         0x0204592f        0x1 ff
 .rodata.str1.4
                0x02045930        0x5 d:/devkitpro/devkitarm/bin/../lib/gcc/arm-eabi/4.5.1/../../../../arm-eabi/lib/thumb\libg.a(lib_a-vfscanf.o)
                                  0x8 (size before relaxing)
 *fill*         0x02045935        0x3 ff
 .rodata.str1.4
                0x02045938       0x12 d:/devkitpro/devkitarm/bin/../lib/gcc/arm-eabi/4.5.1/../../../../arm-eabi/lib/thumb\libg.a(lib_a-jp2uc.o)
                                 0x14 (size before relaxing)
 *fill*         0x0204594a        0x2 ff
 .rodata.str1.4
                0x0204594c       0xd4 d:/devkitpro/devkitarm/bin/../lib/gcc/arm-eabi/4.5.1/../../../../arm-eabi/lib/thumb\libg.a(lib_a-locale.o)
                                 0xf0 (size before relaxing)
 .rodata.str1.4
                0x00000000        0x4 d:/devkitpro/devkitarm/bin/../lib/gcc/arm-eabi/4.5.1/../../../../arm-eabi/lib/thumb\libg.a(lib_a-mbrtowc.o)
 .rodata.str1.4
                0x02045a20        0xf d:/devkitpro/devkitarm/bin/../lib/gcc/arm-eabi/4.5.1/../../../../arm-eabi/lib/thumb\libg.a(lib_a-strtod.o)
                                 0x10 (size before relaxing)
 *fill*         0x02045a2f        0x1 ff
 .rodata.str1.4
                0x02045a30       0x12 d:/devkitpro/devkitarm/bin/../lib/gcc/arm-eabi/4.5.1/../../../../arm-eabi/lib/thumb\libg.a(lib_a-svfprintf.o)
                                 0x44 (size before relaxing)
 *fill*         0x02045a42        0x2 ff
 .rodata.str1.4
                0x02045a44       0x10 d:/devkitpro/devkitarm/bin/../lib/gcc/arm-eabi/4.5.1/../../../../arm-eabi/lib/thumb\libg.a(lib_a-dtoa.o)
                                 0x14 (size before relaxing)
 .rodata.str1.4
                0x02045a54       0x1b d:/devkitpro/devkitarm/bin/../lib/gcc/arm-eabi/4.5.1/../../../../arm-eabi/lib/thumb\libg.a(lib_a-gdtoa-gethex.o)
                                 0x1c (size before relaxing)
 .rodata.str1.4
                0x00000000       0x30 d:/devkitpro/devkitarm/bin/../lib/gcc/arm-eabi/4.5.1/../../../../arm-eabi/lib/thumb\libg.a(lib_a-svfiprintf.o)
 *fill*         0x02045a6f        0x1 ff
 .rodata.str1.4
                0x02045a70        0x8 d:/devkitpro/devkitarm/bin/../lib/gcc/arm-eabi/4.5.1/../../../../arm-eabi/lib/thumb\libsysbase.a(iosupport.o)
 *(.gnu.linkonce.r*)
                0x02045a78                . = ALIGN (0x4)

.ARM.extab      0x02045a78       0xc0
 *(.ARM.extab* .gnu.linkonce.armextab.*)
 .ARM.extab     0x02045a78        0x0 d:/devkitpro/devkitarm/bin/../lib/gcc/arm-eabi/4.5.1/thumb\libgcc.a(bpabi.o)
 .ARM.extab     0x02045a78       0x78 d:/devkitpro/devkitarm/bin/../lib/gcc/arm-eabi/4.5.1/thumb\libgcc.a(unwind-arm.o)
 .ARM.extab     0x02045af0       0x30 d:/devkitpro/devkitarm/bin/../lib/gcc/arm-eabi/4.5.1/thumb\libgcc.a(pr-support.o)
 .ARM.extab     0x02045b20        0xc d:/devkitpro/devkitarm/bin/../lib/gcc/arm-eabi/4.5.1/thumb\libgcc.a(_divdi3.o)
 .ARM.extab     0x02045b2c        0xc d:/devkitpro/devkitarm/bin/../lib/gcc/arm-eabi/4.5.1/thumb\libgcc.a(_udivdi3.o)
                0x02045b38                __exidx_start = .

.ARM.exidx      0x02045b38       0xf8
 *(.ARM.exidx* .gnu.linkonce.armexidx.*)
 .ARM.exidx     0x02045b38        0x8 d:/devkitpro/devkitarm/bin/../lib/gcc/arm-eabi/4.5.1/thumb\libgcc.a(bpabi.o)
                                 0x10 (size before relaxing)
 .ARM.exidx     0x02045b40       0xa0 d:/devkitpro/devkitarm/bin/../lib/gcc/arm-eabi/4.5.1/thumb\libgcc.a(unwind-arm.o)
                                 0xc0 (size before relaxing)
 .ARM.exidx     0x02045be0       0x38 d:/devkitpro/devkitarm/bin/../lib/gcc/arm-eabi/4.5.1/thumb\libgcc.a(pr-support.o)
                                 0x48 (size before relaxing)
 .ARM.exidx     0x02045c18        0x8 d:/devkitpro/devkitarm/bin/../lib/gcc/arm-eabi/4.5.1/thumb\libgcc.a(_divdi3.o)
 .ARM.exidx     0x02045c20       0x10 d:/devkitpro/devkitarm/bin/../lib/gcc/arm-eabi/4.5.1/thumb\libgcc.a(_udivdi3.o)
                                  0x8 (size before relaxing)
                0x02045c30                __exidx_end = .
                0x02045c30                . = ALIGN (0x4)
                0x02045c30                PROVIDE (__preinit_array_start, .)

.preinit_array
 *(.preinit_array)
                0x02045c30                PROVIDE (__preinit_array_end, .)
                0x02045c30                PROVIDE (__init_array_start, .)

.init_array     0x02045c30        0x4
 *(SORT(.init_array.*))
 *(.init_array)
 .init_array    0x02045c30        0x4 d:/devkitpro/devkitarm/bin/../lib/gcc/arm-eabi/4.5.1/thumb/crtbegin.o
                0x02045c34                PROVIDE (__init_array_end, .)
                0x02045c34                PROVIDE (__fini_array_start, .)

.fini_array     0x02045c34        0x4
 *(.fini_array)
 .fini_array    0x02045c34        0x4 d:/devkitpro/devkitarm/bin/../lib/gcc/arm-eabi/4.5.1/thumb/crtbegin.o
 *(SORT(.fini_array.*))
                0x02045c38                PROVIDE (__fini_array_end, .)

.ctors          0x02045c38        0x0
 *crtbegin.o(.ctors)
 *(EXCLUDE_FILE(*crtend.o) .ctors)
 *(SORT(.ctors.*))
 *(.ctors)
                0x02045c38                . = ALIGN (0x4)

.dtors          0x02045c38        0x0
 *crtbegin.o(.dtors)
 *(EXCLUDE_FILE(*crtend.o) .dtors)
 *(SORT(.dtors.*))
 *(.dtors)
                0x02045c38                . = ALIGN (0x4)

.eh_frame       0x02045c38        0x4
 *(.eh_frame)
 .eh_frame      0x02045c38        0x0 d:/devkitpro/devkitarm/bin/../lib/gcc/arm-eabi/4.5.1/thumb/crtbegin.o
 .eh_frame      0x02045c38        0x4 d:/devkitpro/devkitarm/bin/../lib/gcc/arm-eabi/4.5.1/thumb/crtend.o
                0x02045c3c                . = ALIGN (0x4)

.gcc_except_table
                0x02045c3c        0x0
 *(.gcc_except_table)
                0x02045c3c                . = ALIGN (0x4)

.jcr            0x02045c3c        0x4
 *(.jcr)
 .jcr           0x02045c3c        0x0 d:/devkitpro/devkitarm/bin/../lib/gcc/arm-eabi/4.5.1/thumb/crtbegin.o
 .jcr           0x02045c3c        0x4 d:/devkitpro/devkitarm/bin/../lib/gcc/arm-eabi/4.5.1/thumb/crtend.o

.got
 *(.got.plt)
 *(.got)
 *(.rel.got)

.ewram          0x02045c40        0x0
                0x02045c40                __ewram_start = ABSOLUTE (.)
 *(.ewram)
 *ewram.*(.text)
                0x02045c40                . = ALIGN (0x4)

.data           0x02045c40     0x1078
                0x02045c40                __data_start = ABSOLUTE (.)
 *(.data)
 .data          0x02045c40        0x0 d:/devkitpro/devkitarm/bin/../lib/gcc/arm-eabi/4.5.1/../../../../arm-eabi/lib/thumb/ds_arm9_crt0.o
 .data          0x02045c40        0x0 d:/devkitpro/devkitarm/bin/../lib/gcc/arm-eabi/4.5.1/thumb/crti.o
 .data          0x02045c40        0x4 d:/devkitpro/devkitarm/bin/../lib/gcc/arm-eabi/4.5.1/thumb/crtbegin.o
                0x02045c40                __dso_handle
 .data          0x02045c44        0x0 soundbank.bin.o
 .data          0x02045c44        0x0 main.o
 .data          0x02045c44        0x0 d:/devkitPro/libnds/lib\libmm9.a(mm_comms.o)
 .data          0x02045c44        0x0 d:/devkitPro/libnds/lib\libmm9.a(mm_main9.o)
 .data          0x02045c44        0x0 d:/devkitPro/libnds/lib\libmm9.a(mm_memory.o)
 .data          0x02045c44        0x0 d:/devkitPro/libnds/lib\libmm9.a(mm_soundbank.o)
 .data          0x02045c44        0x0 d:/devkitPro/libnds/lib\libmm9.a(mm_flusher.o)
 .data          0x02045c44       0x64 d:/devkitPro/libnds/lib\libnds9.a(console.o)
                0x02045c44                currentConsole
                0x02045c48                defaultConsole
 .data          0x02045ca8      0x58c d:/devkitPro/libnds/lib\libnds9.a(keyboard.o)
                0x02045ca8                curKeyboard
                0x02045cac                lastKey
                0x02045cb0                defaultKeyboard
                0x02045d0c                SimpleKbdLower
                0x02045f8c                SimpleKbdUpper
                0x0204620c                capsLock
                0x02046220                lowerCase
 .data          0x02046234        0x3 d:/devkitPro/libnds/lib\libnds9.a(keys.o)
 .data          0x02046237        0x0 d:/devkitPro/libnds/lib\libnds9.a(touch.o)
 .data          0x02046237        0x0 d:/devkitPro/libnds/lib\libnds9.a(initSystem.o)
 *fill*         0x02046237        0x1 ff
 .data          0x02046238       0x10 d:/devkitPro/libnds/lib\libnds9.a(fifosystem.o)
                0x02046238                fifo_freewords
                0x0204623c                fifo_buffer_free
                0x02046240                fifo_send_queue
                0x02046244                fifo_receive_queue
 .data          0x02046248        0x0 d:/devkitPro/libnds/lib\libnds9.a(interrupts.o)
 .data          0x02046248        0x0 d:/devkitPro/libnds/lib\libnds9.a(libnds_exit.o)
 .data          0x02046248        0x0 d:/devkitPro/libnds/lib\libnds9.a(mpu_setup.o)
 .data          0x02046248        0x0 d:/devkitPro/libnds/lib\libnds9.a(biosCalls.o)
 .data          0x02046248        0x0 d:/devkitPro/libnds/lib\libnds9.a(debugprint.o)
 .data          0x02046248        0x0 d:/devkitPro/libnds/lib\libnds9.a(interruptDispatcher.o)
 .data          0x02046248        0x0 d:/devkitPro/libnds/lib\libnds9.a(swiSoftReset.o)
 .data          0x02046248        0x0 d:/devkitPro/libnds/lib\libnds9.a(default_font.bin.o)
 .data          0x02046248        0x0 d:/devkitPro/libnds/lib\libnds9.a(keyboardGfx.o)
 .data          0x02046248       0x60 d:/devkitPro/libnds/lib\libnds9.a(background.o)
                0x02046248                bgScrollTable
                0x02046268                bgTransform
                0x02046288                bgControl
 .data          0x020462a8        0xc d:/devkitPro/libnds/lib\libnds9.a(decompress.o)
                0x020462a8                decomStream
 .data          0x020462b4        0x0 d:/devkitPro/libnds/lib\libnds9.a(system.o)
 .data          0x020462b4        0x0 d:/devkitPro/libnds/lib\libnds9.a(trig.o)
 .data          0x020462b4        0x0 d:/devkitPro/libnds/lib\libnds9.a(video.o)
 .data          0x020462b4        0x0 d:/devkitpro/devkitarm/bin/../lib/gcc/arm-eabi/4.5.1/thumb\libgcc.a(_divsi3.o)
 .data          0x020462b4        0x0 d:/devkitpro/devkitarm/bin/../lib/gcc/arm-eabi/4.5.1/thumb\libgcc.a(_dvmd_tls.o)
 .data          0x020462b4        0x0 d:/devkitpro/devkitarm/bin/../lib/gcc/arm-eabi/4.5.1/../../../../arm-eabi/lib/thumb\libg.a(lib_a-bsearch.o)
 .data          0x020462b4        0x0 d:/devkitpro/devkitarm/bin/../lib/gcc/arm-eabi/4.5.1/../../../../arm-eabi/lib/thumb\libg.a(lib_a-fclose.o)
 .data          0x020462b4        0x0 d:/devkitpro/devkitarm/bin/../lib/gcc/arm-eabi/4.5.1/../../../../arm-eabi/lib/thumb\libg.a(lib_a-fflush.o)
 .data          0x020462b4        0x0 d:/devkitpro/devkitarm/bin/../lib/gcc/arm-eabi/4.5.1/../../../../arm-eabi/lib/thumb\libg.a(lib_a-findfp.o)
 .data          0x020462b4        0x0 d:/devkitpro/devkitarm/bin/../lib/gcc/arm-eabi/4.5.1/../../../../arm-eabi/lib/thumb\libg.a(lib_a-fopen.o)
 .data          0x020462b4        0x0 d:/devkitpro/devkitarm/bin/../lib/gcc/arm-eabi/4.5.1/../../../../arm-eabi/lib/thumb\libg.a(lib_a-fread.o)
 .data          0x020462b4        0x0 d:/devkitpro/devkitarm/bin/../lib/gcc/arm-eabi/4.5.1/../../../../arm-eabi/lib/thumb\libg.a(lib_a-freer.o)
 .data          0x020462b4        0x0 d:/devkitpro/devkitarm/bin/../lib/gcc/arm-eabi/4.5.1/../../../../arm-eabi/lib/thumb\libg.a(lib_a-fseek.o)
 .data          0x020462b4        0x0 d:/devkitpro/devkitarm/bin/../lib/gcc/arm-eabi/4.5.1/../../../../arm-eabi/lib/thumb\libg.a(lib_a-fwalk.o)
 *fill*         0x020462b4        0x4 ff
 .data          0x020462b8      0x430 d:/devkitpro/devkitarm/bin/../lib/gcc/arm-eabi/4.5.1/../../../../arm-eabi/lib/thumb\libg.a(lib_a-impure.o)
                0x020462b8                _impure_ptr
 .data          0x020466e8        0x0 d:/devkitpro/devkitarm/bin/../lib/gcc/arm-eabi/4.5.1/../../../../arm-eabi/lib/thumb\libg.a(lib_a-init.o)
 .data          0x020466e8        0x0 d:/devkitpro/devkitarm/bin/../lib/gcc/arm-eabi/4.5.1/../../../../arm-eabi/lib/thumb\libg.a(lib_a-iprintf.o)
 .data          0x020466e8        0x0 d:/devkitpro/devkitarm/bin/../lib/gcc/arm-eabi/4.5.1/../../../../arm-eabi/lib/thumb\libg.a(lib_a-makebuf.o)
 .data          0x020466e8        0x0 d:/devkitpro/devkitarm/bin/../lib/gcc/arm-eabi/4.5.1/../../../../arm-eabi/lib/thumb\libg.a(lib_a-malloc.o)
 .data          0x020466e8      0x410 d:/devkitpro/devkitarm/bin/../lib/gcc/arm-eabi/4.5.1/../../../../arm-eabi/lib/thumb\libg.a(lib_a-mallocr.o)
                0x020466e8                __malloc_av_
                0x02046af0                __malloc_sbrk_base
                0x02046af4                __malloc_trim_threshold
 .data          0x02046af8        0x0 d:/devkitpro/devkitarm/bin/../lib/gcc/arm-eabi/4.5.1/../../../../arm-eabi/lib/thumb\libg.a(lib_a-memcpy.o)
 .data          0x02046af8        0x0 d:/devkitpro/devkitarm/bin/../lib/gcc/arm-eabi/4.5.1/../../../../arm-eabi/lib/thumb\libg.a(lib_a-memset.o)
 .data          0x02046af8        0x0 d:/devkitpro/devkitarm/bin/../lib/gcc/arm-eabi/4.5.1/../../../../arm-eabi/lib/thumb\libg.a(lib_a-mlock.o)
 .data          0x02046af8        0x0 d:/devkitpro/devkitarm/bin/../lib/gcc/arm-eabi/4.5.1/../../../../arm-eabi/lib/thumb\libg.a(lib_a-refill.o)
 .data          0x02046af8        0x0 d:/devkitpro/devkitarm/bin/../lib/gcc/arm-eabi/4.5.1/../../../../arm-eabi/lib/thumb\libg.a(lib_a-scanf.o)
 .data          0x02046af8        0x0 d:/devkitpro/devkitarm/bin/../lib/gcc/arm-eabi/4.5.1/../../../../arm-eabi/lib/thumb\libg.a(lib_a-setvbuf.o)
 .data          0x02046af8        0x0 d:/devkitpro/devkitarm/bin/../lib/gcc/arm-eabi/4.5.1/../../../../arm-eabi/lib/thumb\libg.a(lib_a-siscanf.o)
 .data          0x02046af8        0x0 d:/devkitpro/devkitarm/bin/../lib/gcc/arm-eabi/4.5.1/../../../../arm-eabi/lib/thumb\libg.a(lib_a-stdio.o)
 .data          0x02046af8        0x0 d:/devkitpro/devkitarm/bin/../lib/gcc/arm-eabi/4.5.1/../../../../arm-eabi/lib/thumb\libg.a(lib_a-strlen.o)
 .data          0x02046af8        0x0 d:/devkitpro/devkitarm/bin/../lib/gcc/arm-eabi/4.5.1/../../../../arm-eabi/lib/thumb\libg.a(lib_a-svfiscanf.o)
 .data          0x02046af8        0x0 d:/devkitpro/devkitarm/bin/../lib/gcc/arm-eabi/4.5.1/../../../../arm-eabi/lib/thumb\libg.a(lib_a-ungetc.o)
 .data          0x02046af8        0x0 d:/devkitpro/devkitarm/bin/../lib/gcc/arm-eabi/4.5.1/../../../../arm-eabi/lib/thumb\libg.a(lib_a-vfiprintf.o)
 .data          0x02046af8        0x0 d:/devkitpro/devkitarm/bin/../lib/gcc/arm-eabi/4.5.1/../../../../arm-eabi/lib/thumb\libg.a(lib_a-vfscanf.o)
 .data          0x02046af8        0x0 d:/devkitpro/devkitarm/bin/../lib/gcc/arm-eabi/4.5.1/../../../../arm-eabi/lib/thumb\libg.a(lib_a-wcrtomb.o)
 .data          0x02046af8        0x0 d:/devkitpro/devkitarm/bin/../lib/gcc/arm-eabi/4.5.1/../../../../arm-eabi/lib/thumb\libg.a(lib_a-wcsrtombs.o)
 .data          0x02046af8        0x4 d:/devkitpro/devkitarm/bin/../lib/gcc/arm-eabi/4.5.1/../../../../arm-eabi/lib/thumb\libg.a(lib_a-wctomb_r.o)
                0x02046af8                __wctomb
 .data          0x02046afc        0x0 d:/devkitpro/devkitarm/bin/../lib/gcc/arm-eabi/4.5.1/../../../../arm-eabi/lib/thumb\libg.a(lib_a-wsetup.o)
 .data          0x02046afc        0x4 d:/devkitpro/devkitarm/bin/../lib/gcc/arm-eabi/4.5.1/../../../../arm-eabi/lib/thumb\libg.a(lib_a-ctype_.o)
                0x02046afc                __ctype_ptr__
 .data          0x02046b00        0x0 d:/devkitpro/devkitarm/bin/../lib/gcc/arm-eabi/4.5.1/../../../../arm-eabi/lib/thumb\libg.a(lib_a-flags.o)
 .data          0x02046b00        0x0 d:/devkitpro/devkitarm/bin/../lib/gcc/arm-eabi/4.5.1/../../../../arm-eabi/lib/thumb\libg.a(lib_a-fputwc.o)
 .data          0x02046b00        0x0 d:/devkitpro/devkitarm/bin/../lib/gcc/arm-eabi/4.5.1/../../../../arm-eabi/lib/thumb\libg.a(lib_a-fvwrite.o)
 .data          0x02046b00        0x0 d:/devkitpro/devkitarm/bin/../lib/gcc/arm-eabi/4.5.1/../../../../arm-eabi/lib/thumb\libg.a(lib_a-iswspace.o)
 .data          0x02046b00        0x0 d:/devkitpro/devkitarm/bin/../lib/gcc/arm-eabi/4.5.1/../../../../arm-eabi/lib/thumb\libg.a(lib_a-jp2uc.o)
 .data          0x02046b00      0x144 d:/devkitpro/devkitarm/bin/../lib/gcc/arm-eabi/4.5.1/../../../../arm-eabi/lib/thumb\libg.a(lib_a-locale.o)
                0x02046b00                __default_locale
                0x02046b40                __mb_cur_max
 .data          0x02046c44        0x0 d:/devkitpro/devkitarm/bin/../lib/gcc/arm-eabi/4.5.1/../../../../arm-eabi/lib/thumb\libg.a(lib_a-mbrtowc.o)
 .data          0x02046c44        0x4 d:/devkitpro/devkitarm/bin/../lib/gcc/arm-eabi/4.5.1/../../../../arm-eabi/lib/thumb\libg.a(lib_a-mbtowc_r.o)
                0x02046c44                __mbtowc
 .data          0x02046c48        0x0 d:/devkitpro/devkitarm/bin/../lib/gcc/arm-eabi/4.5.1/../../../../arm-eabi/lib/thumb\libg.a(lib_a-memchr.o)
 .data          0x02046c48        0x0 d:/devkitpro/devkitarm/bin/../lib/gcc/arm-eabi/4.5.1/../../../../arm-eabi/lib/thumb\libg.a(lib_a-memmove.o)
 .data          0x02046c48        0x0 d:/devkitpro/devkitarm/bin/../lib/gcc/arm-eabi/4.5.1/../../../../arm-eabi/lib/thumb\libg.a(lib_a-reallocr.o)
 .data          0x02046c48        0x0 d:/devkitpro/devkitarm/bin/../lib/gcc/arm-eabi/4.5.1/../../../../arm-eabi/lib/thumb\libg.a(lib_a-s_fpclassify.o)
 .data          0x02046c48        0x0 d:/devkitpro/devkitarm/bin/../lib/gcc/arm-eabi/4.5.1/../../../../arm-eabi/lib/thumb\libg.a(lib_a-sccl.o)
 .data          0x02046c48        0x0 d:/devkitpro/devkitarm/bin/../lib/gcc/arm-eabi/4.5.1/../../../../arm-eabi/lib/thumb\libg.a(lib_a-sf_nan.o)
 .data          0x02046c48        0x0 d:/devkitpro/devkitarm/bin/../lib/gcc/arm-eabi/4.5.1/../../../../arm-eabi/lib/thumb\libg.a(lib_a-sprintf.o)
 .data          0x02046c48        0x0 d:/devkitpro/devkitarm/bin/../lib/gcc/arm-eabi/4.5.1/../../../../arm-eabi/lib/thumb\libg.a(lib_a-strcasecmp.o)
 .data          0x02046c48        0x0 d:/devkitpro/devkitarm/bin/../lib/gcc/arm-eabi/4.5.1/../../../../arm-eabi/lib/thumb\libg.a(lib_a-strcat.o)
 .data          0x02046c48        0x0 d:/devkitpro/devkitarm/bin/../lib/gcc/arm-eabi/4.5.1/../../../../arm-eabi/lib/thumb\libg.a(lib_a-strchr.o)
 .data          0x02046c48        0x0 d:/devkitpro/devkitarm/bin/../lib/gcc/arm-eabi/4.5.1/../../../../arm-eabi/lib/thumb\libg.a(lib_a-strcmp.o)
 .data          0x02046c48        0x0 d:/devkitpro/devkitarm/bin/../lib/gcc/arm-eabi/4.5.1/../../../../arm-eabi/lib/thumb\libg.a(lib_a-strcpy.o)
 .data          0x02046c48        0x0 d:/devkitpro/devkitarm/bin/../lib/gcc/arm-eabi/4.5.1/../../../../arm-eabi/lib/thumb\libg.a(lib_a-strlcpy.o)
 .data          0x02046c48        0x0 d:/devkitpro/devkitarm/bin/../lib/gcc/arm-eabi/4.5.1/../../../../arm-eabi/lib/thumb\libg.a(lib_a-strncasecmp.o)
 .data          0x02046c48        0x0 d:/devkitpro/devkitarm/bin/../lib/gcc/arm-eabi/4.5.1/../../../../arm-eabi/lib/thumb\libg.a(lib_a-strncmp.o)
 .data          0x02046c48        0x0 d:/devkitpro/devkitarm/bin/../lib/gcc/arm-eabi/4.5.1/../../../../arm-eabi/lib/thumb\libg.a(lib_a-strncpy.o)
 .data          0x02046c48       0x28 d:/devkitpro/devkitarm/bin/../lib/gcc/arm-eabi/4.5.1/../../../../arm-eabi/lib/thumb\libg.a(lib_a-strtod.o)
 .data          0x02046c70        0x0 d:/devkitpro/devkitarm/bin/../lib/gcc/arm-eabi/4.5.1/../../../../arm-eabi/lib/thumb\libg.a(lib_a-strtol.o)
 .data          0x02046c70        0x0 d:/devkitpro/devkitarm/bin/../lib/gcc/arm-eabi/4.5.1/../../../../arm-eabi/lib/thumb\libg.a(lib_a-strtoll_r.o)
 .data          0x02046c70        0x0 d:/devkitpro/devkitarm/bin/../lib/gcc/arm-eabi/4.5.1/../../../../arm-eabi/lib/thumb\libg.a(lib_a-strtoul.o)
 .data          0x02046c70        0x0 d:/devkitpro/devkitarm/bin/../lib/gcc/arm-eabi/4.5.1/../../../../arm-eabi/lib/thumb\libg.a(lib_a-strtoull_r.o)
 .data          0x02046c70        0x0 d:/devkitpro/devkitarm/bin/../lib/gcc/arm-eabi/4.5.1/../../../../arm-eabi/lib/thumb\libg.a(lib_a-svfprintf.o)
 .data          0x02046c70        0x0 d:/devkitpro/devkitarm/bin/../lib/gcc/arm-eabi/4.5.1/../../../../arm-eabi/lib/thumb\libg.a(lib_a-wbuf.o)
 .data          0x02046c70        0x0 d:/devkitpro/devkitarm/bin/../lib/gcc/arm-eabi/4.5.1/../../../../arm-eabi/lib/thumb\libg.a(lib_a-wcsnrtombs.o)
 .data          0x02046c70        0x0 d:/devkitpro/devkitarm/bin/../lib/gcc/arm-eabi/4.5.1/../../../../arm-eabi/lib/thumb\libg.a(lib_a-dtoa.o)
 .data          0x02046c70        0x0 d:/devkitpro/devkitarm/bin/../lib/gcc/arm-eabi/4.5.1/../../../../arm-eabi/lib/thumb\libg.a(lib_a-gdtoa-gethex.o)
 .data          0x02046c70        0x0 d:/devkitpro/devkitarm/bin/../lib/gcc/arm-eabi/4.5.1/../../../../arm-eabi/lib/thumb\libg.a(lib_a-gdtoa-hexnan.o)
 .data          0x02046c70        0x0 d:/devkitpro/devkitarm/bin/../lib/gcc/arm-eabi/4.5.1/../../../../arm-eabi/lib/thumb\libg.a(lib_a-getenv_r.o)
 .data          0x02046c70        0x0 d:/devkitpro/devkitarm/bin/../lib/gcc/arm-eabi/4.5.1/../../../../arm-eabi/lib/thumb\libg.a(lib_a-mprec.o)
 .data          0x02046c70        0x0 d:/devkitpro/devkitarm/bin/../lib/gcc/arm-eabi/4.5.1/../../../../arm-eabi/lib/thumb\libg.a(lib_a-svfiprintf.o)
 .data          0x02046c70        0x0 d:/devkitpro/devkitarm/bin/../lib/gcc/arm-eabi/4.5.1/../../../../arm-eabi/lib/thumb\libg.a(lib_a-callocr.o)
 .data          0x02046c70        0x4 d:/devkitpro/devkitarm/bin/../lib/gcc/arm-eabi/4.5.1/../../../../arm-eabi/lib/thumb\libg.a(lib_a-environ.o)
                0x02046c70                environ
 .data          0x02046c74        0x0 d:/devkitpro/devkitarm/bin/../lib/gcc/arm-eabi/4.5.1/../../../../arm-eabi/lib/thumb\libg.a(lib_a-envlock.o)
 .data          0x02046c74       0x44 d:/devkitpro/devkitarm/bin/../lib/gcc/arm-eabi/4.5.1/../../../../arm-eabi/lib/thumb\libsysbase.a(iosupport.o)
                0x02046c78                devoptab_list
 .data          0x02046cb8        0x0 d:/devkitpro/devkitarm/bin/../lib/gcc/arm-eabi/4.5.1/../../../../arm-eabi/lib/thumb\libsysbase.a(close.o)
 .data          0x02046cb8        0x0 d:/devkitpro/devkitarm/bin/../lib/gcc/arm-eabi/4.5.1/../../../../arm-eabi/lib/thumb\libsysbase.a(fstat.o)
 .data          0x02046cb8        0x0 d:/devkitpro/devkitarm/bin/../lib/gcc/arm-eabi/4.5.1/../../../../arm-eabi/lib/thumb\libsysbase.a(isatty.o)
 .data          0x02046cb8        0x0 d:/devkitpro/devkitarm/bin/../lib/gcc/arm-eabi/4.5.1/../../../../arm-eabi/lib/thumb\libsysbase.a(lseek.o)
 .data          0x02046cb8        0x0 d:/devkitpro/devkitarm/bin/../lib/gcc/arm-eabi/4.5.1/../../../../arm-eabi/lib/thumb\libsysbase.a(open.o)
 .data          0x02046cb8        0x0 d:/devkitpro/devkitarm/bin/../lib/gcc/arm-eabi/4.5.1/../../../../arm-eabi/lib/thumb\libsysbase.a(read.o)
 .data          0x02046cb8        0x0 d:/devkitpro/devkitarm/bin/../lib/gcc/arm-eabi/4.5.1/../../../../arm-eabi/lib/thumb\libsysbase.a(sbrk.o)
 .data          0x02046cb8        0x0 d:/devkitpro/devkitarm/bin/../lib/gcc/arm-eabi/4.5.1/../../../../arm-eabi/lib/thumb\libsysbase.a(times.o)
 .data          0x02046cb8        0x0 d:/devkitpro/devkitarm/bin/../lib/gcc/arm-eabi/4.5.1/../../../../arm-eabi/lib/thumb\libsysbase.a(write.o)
 .data          0x02046cb8        0x0 d:/devkitpro/devkitarm/bin/../lib/gcc/arm-eabi/4.5.1/../../../../arm-eabi/lib/thumb\libsysbase.a(malloc_vars.o)
 .data          0x02046cb8        0x0 d:/devkitpro/devkitarm/bin/../lib/gcc/arm-eabi/4.5.1/../../../../arm-eabi/lib/thumb\libsysbase.a(build_argv.o)
 .data          0x02046cb8        0x0 d:/devkitpro/devkitarm/bin/../lib/gcc/arm-eabi/4.5.1/../../../../arm-eabi/lib/thumb\libsysbase.a(syscall_support.o)
 .data          0x02046cb8        0x0 d:/devkitpro/devkitarm/bin/../lib/gcc/arm-eabi/4.5.1/../../../../arm-eabi/lib/thumb\libsysbase.a(handle_manager.o)
 .data          0x02046cb8        0x0 d:/devkitpro/devkitarm/bin/../lib/gcc/arm-eabi/4.5.1/thumb\libgcc.a(_udivsi3.o)
 .data          0x02046cb8        0x0 d:/devkitpro/devkitarm/bin/../lib/gcc/arm-eabi/4.5.1/thumb\libgcc.a(_arm_addsubdf3.o)
 .data          0x02046cb8        0x0 d:/devkitpro/devkitarm/bin/../lib/gcc/arm-eabi/4.5.1/thumb\libgcc.a(_arm_muldivdf3.o)
 .data          0x02046cb8        0x0 d:/devkitpro/devkitarm/bin/../lib/gcc/arm-eabi/4.5.1/thumb\libgcc.a(_arm_cmpdf2.o)
 .data          0x02046cb8        0x0 d:/devkitpro/devkitarm/bin/../lib/gcc/arm-eabi/4.5.1/thumb\libgcc.a(_arm_fixdfsi.o)
 .data          0x02046cb8        0x0 d:/devkitpro/devkitarm/bin/../lib/gcc/arm-eabi/4.5.1/thumb\libgcc.a(_arm_fixunsdfsi.o)
 .data          0x02046cb8        0x0 d:/devkitpro/devkitarm/bin/../lib/gcc/arm-eabi/4.5.1/thumb\libgcc.a(_arm_truncdfsf2.o)
 .data          0x02046cb8        0x0 d:/devkitpro/devkitarm/bin/../lib/gcc/arm-eabi/4.5.1/thumb\libgcc.a(_aeabi_uldivmod.o)
 .data          0x02046cb8        0x0 d:/devkitpro/devkitarm/bin/../lib/gcc/arm-eabi/4.5.1/thumb\libgcc.a(_muldi3.o)
 .data          0x02046cb8        0x0 d:/devkitpro/devkitarm/bin/../lib/gcc/arm-eabi/4.5.1/thumb\libgcc.a(bpabi.o)
 .data          0x02046cb8        0x0 d:/devkitpro/devkitarm/bin/../lib/gcc/arm-eabi/4.5.1/thumb\libgcc.a(unwind-arm.o)
 .data          0x02046cb8        0x0 d:/devkitpro/devkitarm/bin/../lib/gcc/arm-eabi/4.5.1/thumb\libgcc.a(libunwind.o)
 .data          0x02046cb8        0x0 d:/devkitpro/devkitarm/bin/../lib/gcc/arm-eabi/4.5.1/thumb\libgcc.a(pr-support.o)
 .data          0x02046cb8        0x0 d:/devkitpro/devkitarm/bin/../lib/gcc/arm-eabi/4.5.1/thumb\libgcc.a(_divdi3.o)
 .data          0x02046cb8        0x0 d:/devkitpro/devkitarm/bin/../lib/gcc/arm-eabi/4.5.1/thumb\libgcc.a(_udivdi3.o)
 .data          0x02046cb8        0x0 d:/devkitpro/devkitarm/bin/../lib/gcc/arm-eabi/4.5.1/thumb\libgcc.a(_clzsi2.o)
 .data          0x02046cb8        0x0 d:/devkitpro/devkitarm/bin/../lib/gcc/arm-eabi/4.5.1/../../../../arm-eabi/lib/thumb\libg.a(lib_a-abort.o)
 .data          0x02046cb8        0x0 d:/devkitpro/devkitarm/bin/../lib/gcc/arm-eabi/4.5.1/../../../../arm-eabi/lib/thumb\libg.a(lib_a-errno.o)
 .data          0x02046cb8        0x0 d:/devkitpro/devkitarm/bin/../lib/gcc/arm-eabi/4.5.1/../../../../arm-eabi/lib/thumb\libg.a(lib_a-signal.o)
 .data          0x02046cb8        0x0 d:/devkitpro/devkitarm/bin/../lib/gcc/arm-eabi/4.5.1/../../../../arm-eabi/lib/thumb\libsysbase.a(getpid.o)
 .data          0x02046cb8        0x0 d:/devkitpro/devkitarm/bin/../lib/gcc/arm-eabi/4.5.1/../../../../arm-eabi/lib/thumb\libsysbase.a(kill.o)
 .data          0x02046cb8        0x0 d:/devkitpro/devkitarm/bin/../lib/gcc/arm-eabi/4.5.1/../../../../arm-eabi/lib/thumb\libsysbase.a(_exit.o)
 .data          0x02046cb8        0x0 d:/devkitpro/devkitarm/bin/../lib/gcc/arm-eabi/4.5.1/thumb/crtend.o
 .data          0x02046cb8        0x0 d:/devkitpro/devkitarm/bin/../lib/gcc/arm-eabi/4.5.1/thumb/crtn.o
 *(.data.*)
 *(.gnu.linkonce.d*)
                0x02046cb8                . = ALIGN (0x4)
                0x02046cb8                __data_end = ABSOLUTE (.)
                0x02046cb8                __dtcm_lma = .
                0x02046cb8                __bss_vma = .

.dtcm           0x0b000000        0x0 load address 0x02046cb8
 *(.dtcm)
 *(.dtcm.*)
                0x0b000000                . = ALIGN (0x4)
                0x0b000000                __dtcm_end = ABSOLUTE (.)
                0x02046cb8                __itcm_lma = (__dtcm_lma + SIZEOF (.dtcm))

.itcm           0x01000100      0x194 load address 0x02046cb8
 *(.itcm)
 .itcm          0x01000100       0xc8 d:/devkitPro/libnds/lib\libnds9.a(interrupts.o)
                0x01000100                irqTable
 .itcm          0x010001c8       0xcc d:/devkitPro/libnds/lib\libnds9.a(interruptDispatcher.o)
                0x010001c8                IntrMain
 *itcm.*(.text)
                0x01000294                . = ALIGN (0x4)
                0x01000294                __itcm_end = ABSOLUTE (.)
                0x02046e4c                __vectors_lma = (__itcm_lma + SIZEOF (.itcm))

.vectors        0x01000000        0x0 load address 0x02046e4c
 *(.vectors)
 *vectors.*(.text)
                0x01000000                . = ALIGN (0x4)
                0x01000000                __vectors_end = ABSOLUTE (.)

.sbss           0x0b000000        0x0
                0x0b000000                __sbss_start = ABSOLUTE (.)
                0x0b000000                __sbss_start__ = ABSOLUTE (.)
 *(.sbss)
                0x0b000000                . = ALIGN (0x4)
                0x0b000000                __sbss_end = ABSOLUTE (.)

.bss            0x02046cb8     0x21a4
                0x02046cb8                __bss_start = ABSOLUTE (.)
                0x02046cb8                __bss_start__ = ABSOLUTE (.)
 *(.dynbss)
 *(.gnu.linkonce.b*)
 *(.bss*)
 .bss           0x02046cb8        0x0 d:/devkitpro/devkitarm/bin/../lib/gcc/arm-eabi/4.5.1/../../../../arm-eabi/lib/thumb/ds_arm9_crt0.o
 .bss           0x02046cb8        0x0 d:/devkitpro/devkitarm/bin/../lib/gcc/arm-eabi/4.5.1/thumb/crti.o
 .bss           0x02046cb8       0x1c d:/devkitpro/devkitarm/bin/../lib/gcc/arm-eabi/4.5.1/thumb/crtbegin.o
 .bss           0x02046cd4        0x0 soundbank.bin.o
 .bss           0x02046cd4        0x0 main.o
 .bss           0x02046cd4       0x18 d:/devkitPro/libnds/lib\libmm9.a(mm_comms.o)
 .bss           0x02046cec       0x1c d:/devkitPro/libnds/lib\libmm9.a(mm_main9.o)
                0x02046cec                mmcbMemory
                0x02046cf0                mmModuleCount
                0x02046cf4                mmSampleCount
                0x02046cf8                mmMemoryBank
                0x02046cf8                mmModuleBank
                0x02046cfc                mmSampleBank
                0x02046d00                mmCallback
                0x02046d04                mmActiveStatus
 .bss           0x02046d08        0x0 d:/devkitPro/libnds/lib\libmm9.a(mm_memory.o)
 .bss           0x02046d08       0x44 d:/devkitPro/libnds/lib\libmm9.a(mm_soundbank.o)
 .bss           0x02046d4c        0x0 d:/devkitPro/libnds/lib\libmm9.a(mm_flusher.o)
 .bss           0x02046d4c        0x0 d:/devkitPro/libnds/lib\libnds9.a(console.o)
 .bss           0x02046d4c       0x14 d:/devkitPro/libnds/lib\libnds9.a(keyboard.o)
                0x02046d54                keyBufferLength
                0x02046d58                keyBufferOffset
                0x02046d5c                stdioRead
 .bss           0x02046d60        0x6 d:/devkitPro/libnds/lib\libnds9.a(keys.o)
 .bss           0x02046d66        0x0 d:/devkitPro/libnds/lib\libnds9.a(touch.o)
 .bss           0x02046d66        0x0 d:/devkitPro/libnds/lib\libnds9.a(initSystem.o)
 *fill*         0x02046d66        0x2 00
 .bss           0x02046d68        0x8 d:/devkitPro/libnds/lib\libnds9.a(fifosystem.o)
                0x02046d6c                processing
 .bss           0x02046d70        0x0 d:/devkitPro/libnds/lib\libnds9.a(interrupts.o)
 .bss           0x02046d70        0x0 d:/devkitPro/libnds/lib\libnds9.a(libnds_exit.o)
 .bss           0x02046d70        0x0 d:/devkitPro/libnds/lib\libnds9.a(mpu_setup.o)
 .bss           0x02046d70        0x0 d:/devkitPro/libnds/lib\libnds9.a(biosCalls.o)
 .bss           0x02046d70        0x0 d:/devkitPro/libnds/lib\libnds9.a(debugprint.o)
 .bss           0x02046d70        0x0 d:/devkitPro/libnds/lib\libnds9.a(interruptDispatcher.o)
 .bss           0x02046d70        0x0 d:/devkitPro/libnds/lib\libnds9.a(swiSoftReset.o)
 .bss           0x02046d70        0x0 d:/devkitPro/libnds/lib\libnds9.a(default_font.bin.o)
 .bss           0x02046d70        0x0 d:/devkitPro/libnds/lib\libnds9.a(keyboardGfx.o)
 .bss           0x02046d70        0x0 d:/devkitPro/libnds/lib\libnds9.a(background.o)
 .bss           0x02046d70        0x0 d:/devkitPro/libnds/lib\libnds9.a(decompress.o)
 .bss           0x02046d70        0x0 d:/devkitPro/libnds/lib\libnds9.a(system.o)
 .bss           0x02046d70        0x0 d:/devkitPro/libnds/lib\libnds9.a(trig.o)
 .bss           0x02046d70        0x0 d:/devkitPro/libnds/lib\libnds9.a(video.o)
 .bss           0x02046d70        0x0 d:/devkitpro/devkitarm/bin/../lib/gcc/arm-eabi/4.5.1/thumb\libgcc.a(_divsi3.o)
 .bss           0x02046d70        0x0 d:/devkitpro/devkitarm/bin/../lib/gcc/arm-eabi/4.5.1/thumb\libgcc.a(_dvmd_tls.o)
 .bss           0x02046d70        0x0 d:/devkitpro/devkitarm/bin/../lib/gcc/arm-eabi/4.5.1/../../../../arm-eabi/lib/thumb\libg.a(lib_a-bsearch.o)
 .bss           0x02046d70        0x0 d:/devkitpro/devkitarm/bin/../lib/gcc/arm-eabi/4.5.1/../../../../arm-eabi/lib/thumb\libg.a(lib_a-fclose.o)
 .bss           0x02046d70        0x0 d:/devkitpro/devkitarm/bin/../lib/gcc/arm-eabi/4.5.1/../../../../arm-eabi/lib/thumb\libg.a(lib_a-fflush.o)
 .bss           0x02046d70        0x0 d:/devkitpro/devkitarm/bin/../lib/gcc/arm-eabi/4.5.1/../../../../arm-eabi/lib/thumb\libg.a(lib_a-findfp.o)
 .bss           0x02046d70        0x0 d:/devkitpro/devkitarm/bin/../lib/gcc/arm-eabi/4.5.1/../../../../arm-eabi/lib/thumb\libg.a(lib_a-fopen.o)
 .bss           0x02046d70        0x0 d:/devkitpro/devkitarm/bin/../lib/gcc/arm-eabi/4.5.1/../../../../arm-eabi/lib/thumb\libg.a(lib_a-fread.o)
 .bss           0x02046d70        0x0 d:/devkitpro/devkitarm/bin/../lib/gcc/arm-eabi/4.5.1/../../../../arm-eabi/lib/thumb\libg.a(lib_a-freer.o)
 .bss           0x02046d70        0x0 d:/devkitpro/devkitarm/bin/../lib/gcc/arm-eabi/4.5.1/../../../../arm-eabi/lib/thumb\libg.a(lib_a-fseek.o)
 .bss           0x02046d70        0x0 d:/devkitpro/devkitarm/bin/../lib/gcc/arm-eabi/4.5.1/../../../../arm-eabi/lib/thumb\libg.a(lib_a-fwalk.o)
 .bss           0x02046d70        0x0 d:/devkitpro/devkitarm/bin/../lib/gcc/arm-eabi/4.5.1/../../../../arm-eabi/lib/thumb\libg.a(lib_a-impure.o)
 .bss           0x02046d70        0x0 d:/devkitpro/devkitarm/bin/../lib/gcc/arm-eabi/4.5.1/../../../../arm-eabi/lib/thumb\libg.a(lib_a-init.o)
 .bss           0x02046d70        0x0 d:/devkitpro/devkitarm/bin/../lib/gcc/arm-eabi/4.5.1/../../../../arm-eabi/lib/thumb\libg.a(lib_a-iprintf.o)
 .bss           0x02046d70        0x0 d:/devkitpro/devkitarm/bin/../lib/gcc/arm-eabi/4.5.1/../../../../arm-eabi/lib/thumb\libg.a(lib_a-makebuf.o)
 .bss           0x02046d70        0x0 d:/devkitpro/devkitarm/bin/../lib/gcc/arm-eabi/4.5.1/../../../../arm-eabi/lib/thumb\libg.a(lib_a-malloc.o)
 .bss           0x02046d70       0x34 d:/devkitpro/devkitarm/bin/../lib/gcc/arm-eabi/4.5.1/../../../../arm-eabi/lib/thumb\libg.a(lib_a-mallocr.o)
                0x02046d70                __malloc_top_pad
                0x02046d74                __malloc_current_mallinfo
                0x02046d9c                __malloc_max_sbrked_mem
                0x02046da0                __malloc_max_total_mem
 .bss           0x02046da4        0x0 d:/devkitpro/devkitarm/bin/../lib/gcc/arm-eabi/4.5.1/../../../../arm-eabi/lib/thumb\libg.a(lib_a-memcpy.o)
 .bss           0x02046da4        0x0 d:/devkitpro/devkitarm/bin/../lib/gcc/arm-eabi/4.5.1/../../../../arm-eabi/lib/thumb\libg.a(lib_a-memset.o)
 .bss           0x02046da4        0x0 d:/devkitpro/devkitarm/bin/../lib/gcc/arm-eabi/4.5.1/../../../../arm-eabi/lib/thumb\libg.a(lib_a-mlock.o)
 .bss           0x02046da4        0x0 d:/devkitpro/devkitarm/bin/../lib/gcc/arm-eabi/4.5.1/../../../../arm-eabi/lib/thumb\libg.a(lib_a-refill.o)
 .bss           0x02046da4        0x0 d:/devkitpro/devkitarm/bin/../lib/gcc/arm-eabi/4.5.1/../../../../arm-eabi/lib/thumb\libg.a(lib_a-scanf.o)
 .bss           0x02046da4        0x0 d:/devkitpro/devkitarm/bin/../lib/gcc/arm-eabi/4.5.1/../../../../arm-eabi/lib/thumb\libg.a(lib_a-setvbuf.o)
 .bss           0x02046da4        0x0 d:/devkitpro/devkitarm/bin/../lib/gcc/arm-eabi/4.5.1/../../../../arm-eabi/lib/thumb\libg.a(lib_a-siscanf.o)
 .bss           0x02046da4        0x0 d:/devkitpro/devkitarm/bin/../lib/gcc/arm-eabi/4.5.1/../../../../arm-eabi/lib/thumb\libg.a(lib_a-stdio.o)
 .bss           0x02046da4        0x0 d:/devkitpro/devkitarm/bin/../lib/gcc/arm-eabi/4.5.1/../../../../arm-eabi/lib/thumb\libg.a(lib_a-strlen.o)
 .bss           0x02046da4        0x0 d:/devkitpro/devkitarm/bin/../lib/gcc/arm-eabi/4.5.1/../../../../arm-eabi/lib/thumb\libg.a(lib_a-svfiscanf.o)
 .bss           0x02046da4        0x0 d:/devkitpro/devkitarm/bin/../lib/gcc/arm-eabi/4.5.1/../../../../arm-eabi/lib/thumb\libg.a(lib_a-ungetc.o)
 .bss           0x02046da4        0x0 d:/devkitpro/devkitarm/bin/../lib/gcc/arm-eabi/4.5.1/../../../../arm-eabi/lib/thumb\libg.a(lib_a-vfiprintf.o)
 .bss           0x02046da4        0x0 d:/devkitpro/devkitarm/bin/../lib/gcc/arm-eabi/4.5.1/../../../../arm-eabi/lib/thumb\libg.a(lib_a-vfscanf.o)
 .bss           0x02046da4        0x0 d:/devkitpro/devkitarm/bin/../lib/gcc/arm-eabi/4.5.1/../../../../arm-eabi/lib/thumb\libg.a(lib_a-wcrtomb.o)
 .bss           0x02046da4        0x0 d:/devkitpro/devkitarm/bin/../lib/gcc/arm-eabi/4.5.1/../../../../arm-eabi/lib/thumb\libg.a(lib_a-wcsrtombs.o)
 .bss           0x02046da4        0x0 d:/devkitpro/devkitarm/bin/../lib/gcc/arm-eabi/4.5.1/../../../../arm-eabi/lib/thumb\libg.a(lib_a-wctomb_r.o)
 .bss           0x02046da4        0x0 d:/devkitpro/devkitarm/bin/../lib/gcc/arm-eabi/4.5.1/../../../../arm-eabi/lib/thumb\libg.a(lib_a-wsetup.o)
 .bss           0x02046da4        0x0 d:/devkitpro/devkitarm/bin/../lib/gcc/arm-eabi/4.5.1/../../../../arm-eabi/lib/thumb\libg.a(lib_a-ctype_.o)
 .bss           0x02046da4        0x0 d:/devkitpro/devkitarm/bin/../lib/gcc/arm-eabi/4.5.1/../../../../arm-eabi/lib/thumb\libg.a(lib_a-flags.o)
 .bss           0x02046da4        0x0 d:/devkitpro/devkitarm/bin/../lib/gcc/arm-eabi/4.5.1/../../../../arm-eabi/lib/thumb\libg.a(lib_a-fputwc.o)
 .bss           0x02046da4        0x0 d:/devkitpro/devkitarm/bin/../lib/gcc/arm-eabi/4.5.1/../../../../arm-eabi/lib/thumb\libg.a(lib_a-fvwrite.o)
 .bss           0x02046da4        0x0 d:/devkitpro/devkitarm/bin/../lib/gcc/arm-eabi/4.5.1/../../../../arm-eabi/lib/thumb\libg.a(lib_a-iswspace.o)
 .bss           0x02046da4        0x0 d:/devkitpro/devkitarm/bin/../lib/gcc/arm-eabi/4.5.1/../../../../arm-eabi/lib/thumb\libg.a(lib_a-jp2uc.o)
 .bss           0x02046da4      0x2b8 d:/devkitpro/devkitarm/bin/../lib/gcc/arm-eabi/4.5.1/../../../../arm-eabi/lib/thumb\libg.a(lib_a-locale.o)
                0x02047050                __nlocale_changed
                0x02047054                __mlocale_changed
                0x02047058                _PathLocale
 .bss           0x0204705c        0x0 d:/devkitpro/devkitarm/bin/../lib/gcc/arm-eabi/4.5.1/../../../../arm-eabi/lib/thumb\libg.a(lib_a-mbrtowc.o)
 .bss           0x0204705c        0x0 d:/devkitpro/devkitarm/bin/../lib/gcc/arm-eabi/4.5.1/../../../../arm-eabi/lib/thumb\libg.a(lib_a-mbtowc_r.o)
 .bss           0x0204705c        0x0 d:/devkitpro/devkitarm/bin/../lib/gcc/arm-eabi/4.5.1/../../../../arm-eabi/lib/thumb\libg.a(lib_a-memchr.o)
 .bss           0x0204705c        0x0 d:/devkitpro/devkitarm/bin/../lib/gcc/arm-eabi/4.5.1/../../../../arm-eabi/lib/thumb\libg.a(lib_a-memmove.o)
 .bss           0x0204705c        0x0 d:/devkitpro/devkitarm/bin/../lib/gcc/arm-eabi/4.5.1/../../../../arm-eabi/lib/thumb\libg.a(lib_a-reallocr.o)
 .bss           0x0204705c        0x0 d:/devkitpro/devkitarm/bin/../lib/gcc/arm-eabi/4.5.1/../../../../arm-eabi/lib/thumb\libg.a(lib_a-s_fpclassify.o)
 .bss           0x0204705c        0x0 d:/devkitpro/devkitarm/bin/../lib/gcc/arm-eabi/4.5.1/../../../../arm-eabi/lib/thumb\libg.a(lib_a-sccl.o)
 .bss           0x0204705c        0x0 d:/devkitpro/devkitarm/bin/../lib/gcc/arm-eabi/4.5.1/../../../../arm-eabi/lib/thumb\libg.a(lib_a-sf_nan.o)
 .bss           0x0204705c        0x0 d:/devkitpro/devkitarm/bin/../lib/gcc/arm-eabi/4.5.1/../../../../arm-eabi/lib/thumb\libg.a(lib_a-sprintf.o)
 .bss           0x0204705c        0x0 d:/devkitpro/devkitarm/bin/../lib/gcc/arm-eabi/4.5.1/../../../../arm-eabi/lib/thumb\libg.a(lib_a-strcasecmp.o)
 .bss           0x0204705c        0x0 d:/devkitpro/devkitarm/bin/../lib/gcc/arm-eabi/4.5.1/../../../../arm-eabi/lib/thumb\libg.a(lib_a-strcat.o)
 .bss           0x0204705c        0x0 d:/devkitpro/devkitarm/bin/../lib/gcc/arm-eabi/4.5.1/../../../../arm-eabi/lib/thumb\libg.a(lib_a-strchr.o)
 .bss           0x0204705c        0x0 d:/devkitpro/devkitarm/bin/../lib/gcc/arm-eabi/4.5.1/../../../../arm-eabi/lib/thumb\libg.a(lib_a-strcmp.o)
 .bss           0x0204705c        0x0 d:/devkitpro/devkitarm/bin/../lib/gcc/arm-eabi/4.5.1/../../../../arm-eabi/lib/thumb\libg.a(lib_a-strcpy.o)
 .bss           0x0204705c        0x0 d:/devkitpro/devkitarm/bin/../lib/gcc/arm-eabi/4.5.1/../../../../arm-eabi/lib/thumb\libg.a(lib_a-strlcpy.o)
 .bss           0x0204705c        0x0 d:/devkitpro/devkitarm/bin/../lib/gcc/arm-eabi/4.5.1/../../../../arm-eabi/lib/thumb\libg.a(lib_a-strncasecmp.o)
 .bss           0x0204705c        0x0 d:/devkitpro/devkitarm/bin/../lib/gcc/arm-eabi/4.5.1/../../../../arm-eabi/lib/thumb\libg.a(lib_a-strncmp.o)
 .bss           0x0204705c        0x0 d:/devkitpro/devkitarm/bin/../lib/gcc/arm-eabi/4.5.1/../../../../arm-eabi/lib/thumb\libg.a(lib_a-strncpy.o)
 .bss           0x0204705c        0x0 d:/devkitpro/devkitarm/bin/../lib/gcc/arm-eabi/4.5.1/../../../../arm-eabi/lib/thumb\libg.a(lib_a-strtod.o)
 .bss           0x0204705c        0x0 d:/devkitpro/devkitarm/bin/../lib/gcc/arm-eabi/4.5.1/../../../../arm-eabi/lib/thumb\libg.a(lib_a-strtol.o)
 .bss           0x0204705c        0x0 d:/devkitpro/devkitarm/bin/../lib/gcc/arm-eabi/4.5.1/../../../../arm-eabi/lib/thumb\libg.a(lib_a-strtoll_r.o)
 .bss           0x0204705c        0x0 d:/devkitpro/devkitarm/bin/../lib/gcc/arm-eabi/4.5.1/../../../../arm-eabi/lib/thumb\libg.a(lib_a-strtoul.o)
 .bss           0x0204705c        0x0 d:/devkitpro/devkitarm/bin/../lib/gcc/arm-eabi/4.5.1/../../../../arm-eabi/lib/thumb\libg.a(lib_a-strtoull_r.o)
 .bss           0x0204705c        0x0 d:/devkitpro/devkitarm/bin/../lib/gcc/arm-eabi/4.5.1/../../../../arm-eabi/lib/thumb\libg.a(lib_a-svfprintf.o)
 .bss           0x0204705c        0x0 d:/devkitpro/devkitarm/bin/../lib/gcc/arm-eabi/4.5.1/../../../../arm-eabi/lib/thumb\libg.a(lib_a-wbuf.o)
 .bss           0x0204705c        0x0 d:/devkitpro/devkitarm/bin/../lib/gcc/arm-eabi/4.5.1/../../../../arm-eabi/lib/thumb\libg.a(lib_a-wcsnrtombs.o)
 .bss           0x0204705c        0x0 d:/devkitpro/devkitarm/bin/../lib/gcc/arm-eabi/4.5.1/../../../../arm-eabi/lib/thumb\libg.a(lib_a-dtoa.o)
 .bss           0x0204705c        0x0 d:/devkitpro/devkitarm/bin/../lib/gcc/arm-eabi/4.5.1/../../../../arm-eabi/lib/thumb\libg.a(lib_a-gdtoa-gethex.o)
 .bss           0x0204705c        0x0 d:/devkitpro/devkitarm/bin/../lib/gcc/arm-eabi/4.5.1/../../../../arm-eabi/lib/thumb\libg.a(lib_a-gdtoa-hexnan.o)