Archive member included because of file (symbol)

/opt/devkitpro/libogc/lib/wii/libSDL.a(SDL.o)
                              template.o (SDL_Init)
/opt/devkitpro/libogc/lib/wii/libSDL.a(SDL_error.o)
                              template.o (SDL_GetError)
/opt/devkitpro/libogc/lib/wii/libSDL.a(SDL_fatal.o)
                              /opt/devkitpro/libogc/lib/wii/libSDL.a(SDL.o) (SDL_InstallParachute)
/opt/devkitpro/libogc/lib/wii/libSDL.a(SDL_audio.o)
                              /opt/devkitpro/libogc/lib/wii/libSDL.a(SDL.o) (SDL_AudioQuit)
/opt/devkitpro/libogc/lib/wii/libSDL.a(SDL_audiocvt.o)
                              /opt/devkitpro/libogc/lib/wii/libSDL.a(SDL_audio.o) (SDL_ConvertAudio)
/opt/devkitpro/libogc/lib/wii/libSDL.a(SDL_wiiaudio.o)
                              /opt/devkitpro/libogc/lib/wii/libSDL.a(SDL_audio.o) (WIIAUD_bootstrap)
/opt/devkitpro/libogc/lib/wii/libSDL.a(SDL_cdrom.o)
                              /opt/devkitpro/libogc/lib/wii/libSDL.a(SDL.o) (SDL_CDROMInit)
/opt/devkitpro/libogc/lib/wii/libSDL.a(SDL_syscdrom.o)
                              /opt/devkitpro/libogc/lib/wii/libSDL.a(SDL_cdrom.o) (SDL_SYS_CDInit)
/opt/devkitpro/libogc/lib/wii/libSDL.a(SDL_joystick.o)
                              /opt/devkitpro/libogc/lib/wii/libSDL.a(SDL.o) (SDL_JoystickInit)
/opt/devkitpro/libogc/lib/wii/libSDL.a(SDL_sysjoystick.o)
                              /opt/devkitpro/libogc/lib/wii/libSDL.a(SDL_joystick.o) (SDL_SYS_JoystickInit)
/opt/devkitpro/libogc/lib/wii/libSDL.a(SDL_wii_main.o)
                              /opt/devkitpro/devkitPPC/lib/gcc/powerpc-eabi/4.6.1/../../../../powerpc-eabi/lib/crtmain.o (main)
/opt/devkitpro/libogc/lib/wii/libSDL.a(SDL_getenv.o)
                              /opt/devkitpro/libogc/lib/wii/libSDL.a(SDL.o) (SDL_getenv)
/opt/devkitpro/libogc/lib/wii/libSDL.a(SDL_string.o)
                              /opt/devkitpro/libogc/lib/wii/libSDL.a(SDL_error.o) (SDL_snprintf)
/opt/devkitpro/libogc/lib/wii/libSDL.a(SDL_thread.o)
                              /opt/devkitpro/libogc/lib/wii/libSDL.a(SDL_error.o) (SDL_GetErrBuf)
/opt/devkitpro/libogc/lib/wii/libSDL.a(SDL_sysmutex.o)
                              /opt/devkitpro/libogc/lib/wii/libSDL.a(SDL_audio.o) (SDL_CreateMutex)
/opt/devkitpro/libogc/lib/wii/libSDL.a(SDL_syssem.o)
                              /opt/devkitpro/libogc/lib/wii/libSDL.a(SDL_thread.o) (SDL_CreateSemaphore)
/opt/devkitpro/libogc/lib/wii/libSDL.a(SDL_systhread.o)
                              /opt/devkitpro/libogc/lib/wii/libSDL.a(SDL_thread.o) (SDL_SYS_CreateThread)
/opt/devkitpro/libogc/lib/wii/libSDL.a(SDL_timer.o)
                              /opt/devkitpro/libogc/lib/wii/libSDL.a(SDL.o) (SDL_TimerInit)
/opt/devkitpro/libogc/lib/wii/libSDL.a(SDL_systimer.o)
                              /opt/devkitpro/libogc/lib/wii/libSDL.a(SDL.o) (SDL_StartTicks)
/opt/devkitpro/libogc/lib/wii/libSDL.a(SDL_cursor.o)
                              template.o (SDL_ShowCursor)
/opt/devkitpro/libogc/lib/wii/libSDL.a(SDL_pixels.o)
                              /opt/devkitpro/libogc/lib/wii/libSDL.a(SDL_cursor.o) (SDL_MapRGB)
/opt/devkitpro/libogc/lib/wii/libSDL.a(SDL_surface.o)
                              /opt/devkitpro/libogc/lib/wii/libSDL.a(SDL_cursor.o) (SDL_LockSurface)
/opt/devkitpro/libogc/lib/wii/libSDL.a(SDL_video.o)
                              /opt/devkitpro/libogc/lib/wii/libSDL.a(SDL_cursor.o) (current_video)
/opt/devkitpro/libogc/lib/wii/libSDL.a(SDL_wiivideo.o)
                              /opt/devkitpro/libogc/lib/wii/libSDL.a(SDL_wii_main.o) (WII_InitVideoSystem)
/opt/devkitpro/libogc/lib/wii/libSDL.a(SDL_events.o)
                              /opt/devkitpro/libogc/lib/wii/libSDL.a(SDL_joystick.o) (SDL_Lock_EventThread)
/opt/devkitpro/libogc/lib/wii/libSDL.a(SDL_keyboard.o)
                              /opt/devkitpro/libogc/lib/wii/libSDL.a(SDL_events.o) (SDL_KeyboardInit)
/opt/devkitpro/libogc/lib/wii/libSDL.a(SDL_mouse.o)
                              /opt/devkitpro/libogc/lib/wii/libSDL.a(SDL_events.o) (SDL_MouseInit)
/opt/devkitpro/libogc/lib/wii/libSDL.a(SDL_quit.o)
                              /opt/devkitpro/libogc/lib/wii/libSDL.a(SDL_events.o) (SDL_QuitInit)
/opt/devkitpro/libogc/lib/wii/libSDL.a(SDL_resize.o)
                              /opt/devkitpro/libogc/lib/wii/libSDL.a(SDL_video.o) (SDL_PrivateResize)
/opt/devkitpro/libogc/lib/wii/libSDL.a(SDL_syscond.o)
                              /opt/devkitpro/libogc/lib/wii/libSDL.a(SDL_syssem.o) (SDL_CreateCond)
/opt/devkitpro/libogc/lib/wii/libSDL.a(SDL_RLEaccel.o)
                              /opt/devkitpro/libogc/lib/wii/libSDL.a(SDL_surface.o) (SDL_RLESurface)
/opt/devkitpro/libogc/lib/wii/libSDL.a(SDL_blit.o)
                              /opt/devkitpro/libogc/lib/wii/libSDL.a(SDL_pixels.o) (SDL_CalculateBlit)
/opt/devkitpro/libogc/lib/wii/libSDL.a(SDL_blit_0.o)
                              /opt/devkitpro/libogc/lib/wii/libSDL.a(SDL_blit.o) (SDL_CalculateBlit0)
[...]
Memory Configuration

Name             Origin             Length             Attributes
*default*        0x00000000         0xffffffff

Linker script and memory map

                0x00003400                . = 0x3400

.stub
 *(.stub)
                0x80004000                . = 0x80004000

.init           0x80004000      0x194
 *crt0.o(*.init)
 .init          0x80004000      0x170 /opt/devkitpro/libogc/lib/wii/libogc.a(ogc_crt0.o)
                0x80004000                _start
                0x80004140                _memset
 *(.init)
 .init          0x80004170        0xc /opt/devkitpro/devkitPPC/lib/gcc/powerpc-eabi/4.6.1/ecrti.o
                0x80004170                __init
 .init          0x8000417c        0x4 /opt/devkitpro/devkitPPC/lib/gcc/powerpc-eabi/4.6.1/crtbegin.o
 .init          0x80004180        0x4 /opt/devkitpro/devkitPPC/lib/gcc/powerpc-eabi/4.6.1/crtend.o
 .init          0x80004184       0x10 /opt/devkitpro/devkitPPC/lib/gcc/powerpc-eabi/4.6.1/ecrtn.o

.rela.dyn       0x80004194        0x0
 .rela.iplt     0x00000000        0x0 /opt/devkitpro/devkitPPC/lib/gcc/powerpc-eabi/4.6.1/crtbegin.o

.plt
 *(.plt)

.interp
 *(.interp)

.hash
 *(.hash)

.dynsym
 *(.dynsym)

.dynstr
 *(.dynstr)

.gnu.version
 *(.gnu.version)

.gnu.version_d
 *(.gnu.version_d)

.gnu.version_r
 *(.gnu.version_r)

.rel.init
 *(.rel.init)

.rela.init      0x80004194        0x0
 *(.rela.init)
 .rela.init     0x00000000        0x0 /opt/devkitpro/devkitPPC/lib/gcc/powerpc-eabi/4.6.1/crtbegin.o

.rel.text
 *(.rel.text .rel.text.* .rel.gnu.linkonce.t.*)

.rela.text      0x80004194        0x0
 *(.rela.text .rela.text.* .rela.gnu.linkonce.t.*)
 .rela.text     0x00000000        0x0 /opt/devkitpro/devkitPPC/lib/gcc/powerpc-eabi/4.6.1/crtbegin.o
 .rela.text.initsdl
                0x00000000        0x0 /opt/devkitpro/devkitPPC/lib/gcc/powerpc-eabi/4.6.1/crtbegin.o
 .rela.text.updatesdl
                0x00000000        0x0 /opt/devkitpro/devkitPPC/lib/gcc/powerpc-eabi/4.6.1/crtbegin.o
 .rela.text.SDL_AudioInit
                0x00000000        0x0 /opt/devkitpro/devkitPPC/lib/gcc/powerpc-eabi/4.6.1/crtbegin.o
 .rela.text.SDL_CDROMInit
                0x00000000        0x0 /opt/devkitpro/devkitPPC/lib/gcc/powerpc-eabi/4.6.1/crtbegin.o
 .rela.text.SDL_CDNumDrives
                0x00000000        0x0 /opt/devkitpro/devkitPPC/lib/gcc/powerpc-eabi/4.6.1/crtbegin.o
 .rela.text.SDL_CDName
                0x00000000        0x0 /opt/devkitpro/devkitPPC/lib/gcc/powerpc-eabi/4.6.1/crtbegin.o
 .rela.text.SDL_CDOpen
                0x00000000        0x0 /opt/devkitpro/devkitPPC/lib/gcc/powerpc-eabi/4.6.1/crtbegin.o
 .rela.text.SDL_PrivateJoystickAxis
                0x00000000        0x0 /opt/devkitpro/devkitPPC/lib/gcc/powerpc-eabi/4.6.1/crtbegin.o
 .rela.text.SDL_PrivateJoystickHat
                0x00000000        0x0 /opt/devkitpro/devkitPPC/lib/gcc/powerpc-eabi/4.6.1/crtbegin.o
 .rela.text.SDL_PrivateJoystickBall
                0x00000000        0x0 /opt/devkitpro/devkitPPC/lib/gcc/powerpc-eabi/4.6.1/crtbegin.o
 .rela.text.SDL_PrivateJoystickButton
                0x00000000        0x0 /opt/devkitpro/devkitPPC/lib/gcc/powerpc-eabi/4.6.1/crtbegin.o
 .rela.text.SDL_strupr
                0x00000000        0x0 /opt/devkitpro/devkitPPC/lib/gcc/powerpc-eabi/4.6.1/crtbegin.o
 .rela.text.SDL_strlwr
                0x00000000        0x0 /opt/devkitpro/devkitPPC/lib/gcc/powerpc-eabi/4.6.1/crtbegin.o
 .rela.text.SDL_vsnprintf
                0x00000000        0x0 /opt/devkitpro/devkitPPC/lib/gcc/powerpc-eabi/4.6.1/crtbegin.o
 .rela.text.SDL_SetTimer
                0x00000000        0x0 /opt/devkitpro/devkitPPC/lib/gcc/powerpc-eabi/4.6.1/crtbegin.o
 .rela.text.SDL_WarpMouse
                0x00000000        0x0 /opt/devkitpro/devkitPPC/lib/gcc/powerpc-eabi/4.6.1/crtbegin.o
 .rela.text.SDL_MouseRect
                0x00000000        0x0 /opt/devkitpro/devkitPPC/lib/gcc/powerpc-eabi/4.6.1/crtbegin.o
 .rela.text.SDL_DrawCursorNoLock
                0x00000000        0x0 /opt/devkitpro/devkitPPC/lib/gcc/powerpc-eabi/4.6.1/crtbegin.o
 .rela.text.SDL_DrawCursor
                0x00000000        0x0 /opt/devkitpro/devkitPPC/lib/gcc/powerpc-eabi/4.6.1/crtbegin.o
 .rela.text.SDL_EraseCursorNoLock
                0x00000000        0x0 /opt/devkitpro/devkitPPC/lib/gcc/powerpc-eabi/4.6.1/crtbegin.o
 .rela.text.SDL_MoveCursor
                0x00000000        0x0 /opt/devkitpro/devkitPPC/lib/gcc/powerpc-eabi/4.6.1/crtbegin.o
 .rela.text.SDL_EraseCursor
                0x00000000        0x0 /opt/devkitpro/devkitPPC/lib/gcc/powerpc-eabi/4.6.1/crtbegin.o
 .rela.text.SDL_SetCursor
                0x00000000        0x0 /opt/devkitpro/devkitPPC/lib/gcc/powerpc-eabi/4.6.1/crtbegin.o
 .rela.text.SDL_ShowCursor
                0x00000000        0x0 /opt/devkitpro/devkitPPC/lib/gcc/powerpc-eabi/4.6.1/crtbegin.o
 .rela.text.SDL_FreeCursor
                0x00000000        0x0 /opt/devkitpro/devkitPPC/lib/gcc/powerpc-eabi/4.6.1/crtbegin.o
 .rela.text.SDL_CreateCursor
                0x00000000        0x0 /opt/devkitpro/devkitPPC/lib/gcc/powerpc-eabi/4.6.1/crtbegin.o
 .rela.text.SDL_CursorInit
                0x00000000        0x0 /opt/devkitpro/devkitPPC/lib/gcc/powerpc-eabi/4.6.1/crtbegin.o
 .rela.text.SDL_FreeSurface.part.3
                0x00000000        0x0 /opt/devkitpro/devkitPPC/lib/gcc/powerpc-eabi/4.6.1/crtbegin.o
 .rela.text.SDL_SetColorKey
                0x00000000        0x0 /opt/devkitpro/devkitPPC/lib/gcc/powerpc-eabi/4.6.1/crtbegin.o
 .rela.text.SDL_SetAlpha
                0x00000000        0x0 /opt/devkitpro/devkitPPC/lib/gcc/powerpc-eabi/4.6.1/crtbegin.o
 .rela.text.SDL_SetAlphaChannel
                0x00000000        0x0 /opt/devkitpro/devkitPPC/lib/gcc/powerpc-eabi/4.6.1/crtbegin.o
 .rela.text.SDL_LowerBlit
                0x00000000        0x0 /opt/devkitpro/devkitPPC/lib/gcc/powerpc-eabi/4.6.1/crtbegin.o
 .rela.text.SDL_FillRect
                0x00000000        0x0 /opt/devkitpro/devkitPPC/lib/gcc/powerpc-eabi/4.6.1/crtbegin.o
 .rela.text.SDL_LockSurface
                0x00000000        0x0 /opt/devkitpro/devkitPPC/lib/gcc/powerpc-eabi/4.6.1/crtbegin.o
 .rela.text.SDL_UnlockSurface
                0x00000000        0x0 /opt/devkitpro/devkitPPC/lib/gcc/powerpc-eabi/4.6.1/crtbegin.o
 .rela.text.SDL_FreeSurface
                0x00000000        0x0 /opt/devkitpro/devkitPPC/lib/gcc/powerpc-eabi/4.6.1/crtbegin.o
 .rela.text.SDL_CreateRGBSurface
                0x00000000        0x0 /opt/devkitpro/devkitPPC/lib/gcc/powerpc-eabi/4.6.1/crtbegin.o
 .rela.text.SDL_VideoInit
                0x00000000        0x0 /opt/devkitpro/devkitPPC/lib/gcc/powerpc-eabi/4.6.1/crtbegin.o
 .rela.text.WII_CreateDevice
                0x00000000        0x0 /opt/devkitpro/devkitPPC/lib/gcc/powerpc-eabi/4.6.1/crtbegin.o
 .rela.text.WII_UpdateRect
                0x00000000        0x0 /opt/devkitpro/devkitPPC/lib/gcc/powerpc-eabi/4.6.1/crtbegin.o
 .rela.text.flip_thread
                0x00000000        0x0 /opt/devkitpro/devkitPPC/lib/gcc/powerpc-eabi/4.6.1/crtbegin.o
 .rela.text.WII_InitVideoSystem
                0x00000000        0x0 /opt/devkitpro/devkitPPC/lib/gcc/powerpc-eabi/4.6.1/crtbegin.o
 .rela.text.SDL_StartEventLoop
                0x00000000        0x0 /opt/devkitpro/devkitPPC/lib/gcc/powerpc-eabi/4.6.1/crtbegin.o
 .rela.text.SDL_EventState
                0x00000000        0x0 /opt/devkitpro/devkitPPC/lib/gcc/powerpc-eabi/4.6.1/crtbegin.o
 .rela.text.SDL_PrivateSysWMEvent
                0x00000000        0x0 /opt/devkitpro/devkitPPC/lib/gcc/powerpc-eabi/4.6.1/crtbegin.o
 .rela.text.SDL_KeyboardInit
                0x00000000        0x0 /opt/devkitpro/devkitPPC/lib/gcc/powerpc-eabi/4.6.1/crtbegin.o
 .rela.text.SDL_ResetKeyboard
                0x00000000        0x0 /opt/devkitpro/devkitPPC/lib/gcc/powerpc-eabi/4.6.1/crtbegin.o
 .rela.text.SDL_PrivateKeyboard
                0x00000000        0x0 /opt/devkitpro/devkitPPC/lib/gcc/powerpc-eabi/4.6.1/crtbegin.o
 .rela.text.SDL_CheckKeyRepeat
                0x00000000        0x0 /opt/devkitpro/devkitPPC/lib/gcc/powerpc-eabi/4.6.1/crtbegin.o
 .rela.text.SDL_EnableKeyRepeat
                0x00000000        0x0 /opt/devkitpro/devkitPPC/lib/gcc/powerpc-eabi/4.6.1/crtbegin.o
 .rela.text.SDL_GetKeyRepeat
                0x00000000        0x0 /opt/devkitpro/devkitPPC/lib/gcc/powerpc-eabi/4.6.1/crtbegin.o
 .rela.text.SDL_ResetMouse
                0x00000000        0x0 /opt/devkitpro/devkitPPC/lib/gcc/powerpc-eabi/4.6.1/crtbegin.o
 .rela.text.SDL_PrivateMouseMotion
                0x00000000        0x0 /opt/devkitpro/devkitPPC/lib/gcc/powerpc-eabi/4.6.1/crtbegin.o
 .rela.text.SDL_PrivateMouseButton
                0x00000000        0x0 /opt/devkitpro/devkitPPC/lib/gcc/powerpc-eabi/4.6.1/crtbegin.o
 .rela.text.SDL_HandleSIG
                0x00000000        0x0 /opt/devkitpro/devkitPPC/lib/gcc/powerpc-eabi/4.6.1/crtbegin.o
 .rela.text.SDL_PrivateQuit
                0x00000000        0x0 /opt/devkitpro/devkitPPC/lib/gcc/powerpc-eabi/4.6.1/crtbegin.o
 .rela.text.SDL_PrivateResize
                0x00000000        0x0 /opt/devkitpro/devkitPPC/lib/gcc/powerpc-eabi/4.6.1/crtbegin.o
 .rela.text.SDL_PrivateAppActive
                0x00000000        0x0 /opt/devkitpro/devkitPPC/lib/gcc/powerpc-eabi/4.6.1/crtbegin.o
 .rela.text.wiiuse_handshake_expansion
                0x00000000        0x0 /opt/devkitpro/devkitPPC/lib/gcc/powerpc-eabi/4.6.1/crtbegin.o
 .rela.text.wiiuse_handshake
                0x00000000        0x0 /opt/devkitpro/devkitPPC/lib/gcc/powerpc-eabi/4.6.1/crtbegin.o
 .rela.text.wiiuse_init_cmd_queue
                0x00000000        0x0 /opt/devkitpro/devkitPPC/lib/gcc/powerpc-eabi/4.6.1/crtbegin.o
 .rela.text.wiiuse_init
                0x00000000        0x0 /opt/devkitpro/devkitPPC/lib/gcc/powerpc-eabi/4.6.1/crtbegin.o
 .rela.text.bt_alarmhandler
                0x00000000        0x0 /opt/devkitpro/devkitPPC/lib/gcc/powerpc-eabi/4.6.1/crtbegin.o
 .rela.text.__console_init
                0x00000000        0x0 /opt/devkitpro/devkitPPC/lib/gcc/powerpc-eabi/4.6.1/crtbegin.o
 .rela.text.__console_init_ex
                0x00000000        0x0 /opt/devkitpro/devkitPPC/lib/gcc/powerpc-eabi/4.6.1/crtbegin.o
 .rela.text.CON_EnableGecko
                0x00000000        0x0 /opt/devkitpro/devkitPPC/lib/gcc/powerpc-eabi/4.6.1/crtbegin.o
 .rela.text.__lwp_thread_calcheir
                0x00000000        0x0 /opt/devkitpro/devkitPPC/lib/gcc/powerpc-eabi/4.6.1/crtbegin.o
 .rela.text.__lwp_wd_insert_ticks.constprop.4
                0x00000000        0x0 /opt/devkitpro/devkitPPC/lib/gcc/powerpc-eabi/4.6.1/crtbegin.o
 .rela.text.__lwp_rotate_readyqueue
                0x00000000        0x0 /opt/devkitpro/devkitPPC/lib/gcc/powerpc-eabi/4.6.1/crtbegin.o
 .rela.text.__lwp_thread_setpriority
                0x00000000        0x0 /opt/devkitpro/devkitPPC/lib/gcc/powerpc-eabi/4.6.1/crtbegin.o
 .rela.text.__lwp_thread_close
                0x00000000        0x0 /opt/devkitpro/devkitPPC/lib/gcc/powerpc-eabi/4.6.1/crtbegin.o
 .rela.text.__lwp_thread_closeall
                0x00000000        0x0 /opt/devkitpro/devkitPPC/lib/gcc/powerpc-eabi/4.6.1/crtbegin.o
 .rela.text.__lwp_thread_startmultitasking
                0x00000000        0x0 /opt/devkitpro/devkitPPC/lib/gcc/powerpc-eabi/4.6.1/crtbegin.o
 .rela.text.__lwp_thread_stopmultitasking
                0x00000000        0x0 /opt/devkitpro/devkitPPC/lib/gcc/powerpc-eabi/4.6.1/crtbegin.o
 .rela.text.__lwp_thread_coreinit
                0x00000000        0x0 /opt/devkitpro/devkitPPC/lib/gcc/powerpc-eabi/4.6.1/crtbegin.o
 .rela.text.__lwp_cntrl_free
                0x00000000        0x0 /opt/devkitpro/devkitPPC/lib/gcc/powerpc-eabi/4.6.1/crtbegin.o
 .rela.text.__lwp_tqueue_open
                0x00000000        0x0 /opt/devkitpro/devkitPPC/lib/gcc/powerpc-eabi/4.6.1/crtbegin.o
 .rela.text.__lwp_cntrl_open
                0x00000000        0x0 /opt/devkitpro/devkitPPC/lib/gcc/powerpc-eabi/4.6.1/crtbegin.o
 .rela.text.__lwp_sysinit
                0x00000000        0x0 /opt/devkitpro/devkitPPC/lib/gcc/powerpc-eabi/4.6.1/crtbegin.o
 .rela.text.__lwp_thread_isalive
                0x00000000        0x0 /opt/devkitpro/devkitPPC/lib/gcc/powerpc-eabi/4.6.1/crtbegin.o
 .rela.text.__lwp_thread_exists
                0x00000000        0x0 /opt/devkitpro/devkitPPC/lib/gcc/powerpc-eabi/4.6.1/crtbegin.o
 .rela.text.__lwp_thread_context
                0x00000000        0x0 /opt/devkitpro/devkitPPC/lib/gcc/powerpc-eabi/4.6.1/crtbegin.o
 .rela.text.LWP_CreateThread
                0x00000000        0x0 /opt/devkitpro/devkitPPC/lib/gcc/powerpc-eabi/4.6.1/crtbegin.o
 .rela.text.LWP_InitQueue
                0x00000000        0x0 /opt/devkitpro/devkitPPC/lib/gcc/powerpc-eabi/4.6.1/crtbegin.o
 .rela.text.LWP_CloseQueue
                0x00000000        0x0 /opt/devkitpro/devkitPPC/lib/gcc/powerpc-eabi/4.6.1/crtbegin.o
 .rela.text.__lwp_stack_allocate
                0x00000000        0x0 /opt/devkitpro/devkitPPC/lib/gcc/powerpc-eabi/4.6.1/crtbegin.o
 .rela.text.__lwp_stack_free
                0x00000000        0x0 /opt/devkitpro/devkitPPC/lib/gcc/powerpc-eabi/4.6.1/crtbegin.o
 .rela.text.__lwp_watchdog_init
                0x00000000        0x0 /opt/devkitpro/devkitPPC/lib/gcc/powerpc-eabi/4.6.1/crtbegin.o
 .rela.text.__lwp_wd_tickle
                0x00000000        0x0 /opt/devkitpro/devkitPPC/lib/gcc/powerpc-eabi/4.6.1/crtbegin.o
 .rela.text.__lwp_wkspace_heapfree
                0x00000000        0x0 /opt/devkitpro/devkitPPC/lib/gcc/powerpc-eabi/4.6.1/crtbegin.o
 .rela.text.__lwp_wkspace_heapused
                0x00000000        0x0 /opt/devkitpro/devkitPPC/lib/gcc/powerpc-eabi/4.6.1/crtbegin.o
 .rela.text.__lwp_wkspace_init
                0x00000000        0x0 /opt/devkitpro/devkitPPC/lib/gcc/powerpc-eabi/4.6.1/crtbegin.o
 .rela.text.__lwp_objmgr_initinfo
                0x00000000        0x0 /opt/devkitpro/devkitPPC/lib/gcc/powerpc-eabi/4.6.1/crtbegin.o
 .rela.text.__irq_init
                0x00000000        0x0 /opt/devkitpro/devkitPPC/lib/gcc/powerpc-eabi/4.6.1/crtbegin.o
 .rela.text.__lwp_mutex_locksupp.constprop.7
                0x00000000        0x0 /opt/devkitpro/devkitPPC/lib/gcc/powerpc-eabi/4.6.1/crtbegin.o
 .rela.text.__lwp_mutex_init
                0x00000000        0x0 /opt/devkitpro/devkitPPC/lib/gcc/powerpc-eabi/4.6.1/crtbegin.o
 .rela.text.LWP_MutexInit
                0x00000000        0x0 /opt/devkitpro/devkitPPC/lib/gcc/powerpc-eabi/4.6.1/crtbegin.o
 .rela.text.LWP_MutexDestroy
                0x00000000        0x0 /opt/devkitpro/devkitPPC/lib/gcc/powerpc-eabi/4.6.1/crtbegin.o
 .rela.text.LWP_MutexUnlock
                0x00000000        0x0 /opt/devkitpro/devkitPPC/lib/gcc/powerpc-eabi/4.6.1/crtbegin.o
 .rela.text.__call_resetfuncs
                0x00000000        0x0 /opt/devkitpro/devkitPPC/lib/gcc/powerpc-eabi/4.6.1/crtbegin.o
 .rela.text.__locksram
                0x00000000        0x0 /opt/devkitpro/devkitPPC/lib/gcc/powerpc-eabi/4.6.1/crtbegin.o
 .rela.text.__lwp_wd_insert_ticks
                0x00000000        0x0 /opt/devkitpro/devkitPPC/lib/gcc/powerpc-eabi/4.6.1/crtbegin.o
 .rela.text.__unlocksram
                0x00000000        0x0 /opt/devkitpro/devkitPPC/lib/gcc/powerpc-eabi/4.6.1/crtbegin.o
 .rela.text.__sram_writecallback
                0x00000000        0x0 /opt/devkitpro/devkitPPC/lib/gcc/powerpc-eabi/4.6.1/crtbegin.o
 .rela.text.__sram_init
                0x00000000        0x0 /opt/devkitpro/devkitPPC/lib/gcc/powerpc-eabi/4.6.1/crtbegin.o
 .rela.text.__SYS_SyncSram
                0x00000000        0x0 /opt/devkitpro/devkitPPC/lib/gcc/powerpc-eabi/4.6.1/crtbegin.o
 .rela.text.SYS_Init
                0x00000000        0x0 /opt/devkitpro/devkitPPC/lib/gcc/powerpc-eabi/4.6.1/crtbegin.o
 .rela.text.SYS_RemoveAlarm
                0x00000000        0x0 /opt/devkitpro/devkitPPC/lib/gcc/powerpc-eabi/4.6.1/crtbegin.o
 .rela.text.SYS_CancelAlarm
                0x00000000        0x0 /opt/devkitpro/devkitPPC/lib/gcc/powerpc-eabi/4.6.1/crtbegin.o
 .rela.text.__lwp_cond_open
                0x00000000        0x0 /opt/devkitpro/devkitPPC/lib/gcc/powerpc-eabi/4.6.1/crtbegin.o
 .rela.text.__lwp_cond_init
                0x00000000        0x0 /opt/devkitpro/devkitPPC/lib/gcc/powerpc-eabi/4.6.1/crtbegin.o
 .rela.text.LWP_CondInit
                0x00000000        0x0 /opt/devkitpro/devkitPPC/lib/gcc/powerpc-eabi/4.6.1/crtbegin.o
 .rela.text.LWP_CondDestroy
                0x00000000        0x0 /opt/devkitpro/devkitPPC/lib/gcc/powerpc-eabi/4.6.1/crtbegin.o
 .rela.text.__GX_FifoLink
                0x00000000        0x0 /opt/devkitpro/devkitPPC/lib/gcc/powerpc-eabi/4.6.1/crtbegin.o
 .rela.text.__GX_WriteFifoIntEnable
                0x00000000        0x0 /opt/devkitpro/devkitPPC/lib/gcc/powerpc-eabi/4.6.1/crtbegin.o
 .rela.text.__GX_FifoReadEnable
                0x00000000        0x0 /opt/devkitpro/devkitPPC/lib/gcc/powerpc-eabi/4.6.1/crtbegin.o
 .rela.text.__GX_FifoReadDisable
                0x00000000        0x0 /opt/devkitpro/devkitPPC/lib/gcc/powerpc-eabi/4.6.1/crtbegin.o
 .rela.text.__GX_InitRevBits
                0x00000000        0x0 /opt/devkitpro/devkitPPC/lib/gcc/powerpc-eabi/4.6.1/crtbegin.o
 .rela.text.__GXDefTexRegionCallback
                0x00000000        0x0 /opt/devkitpro/devkitPPC/lib/gcc/powerpc-eabi/4.6.1/crtbegin.o
 .rela.text.__GXDefTlutRegionCallback
                0x00000000        0x0 /opt/devkitpro/devkitPPC/lib/gcc/powerpc-eabi/4.6.1/crtbegin.o
 .rela.text.__GX_FlushTextureState
                0x00000000        0x0 /opt/devkitpro/devkitPPC/lib/gcc/powerpc-eabi/4.6.1/crtbegin.o
 .rela.text.__SetSURegs
                0x00000000        0x0 /opt/devkitpro/devkitPPC/lib/gcc/powerpc-eabi/4.6.1/crtbegin.o
 .rela.text.__SETVCDFMT
                0x00000000        0x0 /opt/devkitpro/devkitPPC/lib/gcc/powerpc-eabi/4.6.1/crtbegin.o
 .rela.text.__GX_SetMatrixIndex
                0x00000000        0x0 /opt/devkitpro/devkitPPC/lib/gcc/powerpc-eabi/4.6.1/crtbegin.o
 .rela.text.__GX_SetDirtyState
                0x00000000        0x0 /opt/devkitpro/devkitPPC/lib/gcc/powerpc-eabi/4.6.1/crtbegin.o
 .rela.text.__SETVCDATTR
                0x00000000        0x0 /opt/devkitpro/devkitPPC/lib/gcc/powerpc-eabi/4.6.1/crtbegin.o
 .rela.text.__GX_WriteFifoIntReset.constprop.6
                0x00000000        0x0 /opt/devkitpro/devkitPPC/lib/gcc/powerpc-eabi/4.6.1/crtbegin.o
 .rela.text.__GXCPInterruptHandler
                0x00000000        0x0 /opt/devkitpro/devkitPPC/lib/gcc/powerpc-eabi/4.6.1/crtbegin.o
 .rela.text.GX_Flush
                0x00000000        0x0 /opt/devkitpro/devkitPPC/lib/gcc/powerpc-eabi/4.6.1/crtbegin.o
 .rela.text.GX_EnableBreakPt
                0x00000000        0x0 /opt/devkitpro/devkitPPC/lib/gcc/powerpc-eabi/4.6.1/crtbegin.o
 .rela.text.GX_DisableBreakPt
                0x00000000        0x0 /opt/devkitpro/devkitPPC/lib/gcc/powerpc-eabi/4.6.1/crtbegin.o
 .rela.text.GX_AbortFrame
                0x00000000        0x0 /opt/devkitpro/devkitPPC/lib/gcc/powerpc-eabi/4.6.1/crtbegin.o
 .rela.text.GX_PixModeSync
                0x00000000        0x0 /opt/devkitpro/devkitPPC/lib/gcc/powerpc-eabi/4.6.1/crtbegin.o
 .rela.text.GX_SetMisc
                0x00000000        0x0 /opt/devkitpro/devkitPPC/lib/gcc/powerpc-eabi/4.6.1/crtbegin.o
 .rela.text.GX_SetCopyClamp
                0x00000000        0x0 /opt/devkitpro/devkitPPC/lib/gcc/powerpc-eabi/4.6.1/crtbegin.o
 .rela.text.GX_SetDispCopyGamma
                0x00000000        0x0 /opt/devkitpro/devkitPPC/lib/gcc/powerpc-eabi/4.6.1/crtbegin.o
 .rela.text.GX_SetDispCopyFrame2Field
                0x00000000        0x0 /opt/devkitpro/devkitPPC/lib/gcc/powerpc-eabi/4.6.1/crtbegin.o
 .rela.text.GX_SetDispCopyYScale
                0x00000000        0x0 /opt/devkitpro/devkitPPC/lib/gcc/powerpc-eabi/4.6.1/crtbegin.o
 .rela.text.GX_SetDispCopyDst
                0x00000000        0x0 /opt/devkitpro/devkitPPC/lib/gcc/powerpc-eabi/4.6.1/crtbegin.o
 .rela.text.GX_SetDispCopySrc
                0x00000000        0x0 /opt/devkitpro/devkitPPC/lib/gcc/powerpc-eabi/4.6.1/crtbegin.o
 .rela.text.GX_CopyDisp
                0x00000000        0x0 /opt/devkitpro/devkitPPC/lib/gcc/powerpc-eabi/4.6.1/crtbegin.o
 .rela.text.GX_CopyTex
                0x00000000        0x0 /opt/devkitpro/devkitPPC/lib/gcc/powerpc-eabi/4.6.1/crtbegin.o
 .rela.text.GX_SetTexCopySrc
                0x00000000        0x0 /opt/devkitpro/devkitPPC/lib/gcc/powerpc-eabi/4.6.1/crtbegin.o
 .rela.text.GX_SetTexCopyDst
                0x00000000        0x0 /opt/devkitpro/devkitPPC/lib/gcc/powerpc-eabi/4.6.1/crtbegin.o
 .rela.text.GX_BeginDispList
                0x00000000        0x0 /opt/devkitpro/devkitPPC/lib/gcc/powerpc-eabi/4.6.1/crtbegin.o
 .rela.text.GX_EndDispList
                0x00000000        0x0 /opt/devkitpro/devkitPPC/lib/gcc/powerpc-eabi/4.6.1/crtbegin.o
 .rela.text.GX_CallDispList
                0x00000000        0x0 /opt/devkitpro/devkitPPC/lib/gcc/powerpc-eabi/4.6.1/crtbegin.o
 .rela.text.GX_SetChanCtrl
                0x00000000        0x0 /opt/devkitpro/devkitPPC/lib/gcc/powerpc-eabi/4.6.1/crtbegin.o
 .rela.text.GX_SetChanAmbColor
                0x00000000        0x0 /opt/devkitpro/devkitPPC/lib/gcc/powerpc-eabi/4.6.1/crtbegin.o
 .rela.text.GX_SetChanMatColor
                0x00000000        0x0 /opt/devkitpro/devkitPPC/lib/gcc/powerpc-eabi/4.6.1/crtbegin.o
 .rela.text.GX_SetVtxDesc
                0x00000000        0x0 /opt/devkitpro/devkitPPC/lib/gcc/powerpc-eabi/4.6.1/crtbegin.o
 .rela.text.GX_SetVtxDescv
                0x00000000        0x0 /opt/devkitpro/devkitPPC/lib/gcc/powerpc-eabi/4.6.1/crtbegin.o
 .rela.text.GX_GetVtxDescv
                0x00000000        0x0 /opt/devkitpro/devkitPPC/lib/gcc/powerpc-eabi/4.6.1/crtbegin.o
 .rela.text.GX_SetVtxAttrFmt
                0x00000000        0x0 /opt/devkitpro/devkitPPC/lib/gcc/powerpc-eabi/4.6.1/crtbegin.o
 .rela.text.GX_SetVtxAttrFmtv
                0x00000000        0x0 /opt/devkitpro/devkitPPC/lib/gcc/powerpc-eabi/4.6.1/crtbegin.o
 .rela.text.GX_Begin
                0x00000000        0x0 /opt/devkitpro/devkitPPC/lib/gcc/powerpc-eabi/4.6.1/crtbegin.o
 .rela.text.GX_SetTexCoordGen2
                0x00000000        0x0 /opt/devkitpro/devkitPPC/lib/gcc/powerpc-eabi/4.6.1/crtbegin.o
 .rela.text.GX_SetCurrentMtx
                0x00000000        0x0 /opt/devkitpro/devkitPPC/lib/gcc/powerpc-eabi/4.6.1/crtbegin.o
 .rela.text.GX_SetNumTexGens
                0x00000000        0x0 /opt/devkitpro/devkitPPC/lib/gcc/powerpc-eabi/4.6.1/crtbegin.o
 .rela.text.GX_SetZMode
                0x00000000        0x0 /opt/devkitpro/devkitPPC/lib/gcc/powerpc-eabi/4.6.1/crtbegin.o
 .rela.text.GX_LoadTexObjPreloaded
                0x00000000        0x0 /opt/devkitpro/devkitPPC/lib/gcc/powerpc-eabi/4.6.1/crtbegin.o
 .rela.text.GX_SetTexCoordScaleManually
                0x00000000        0x0 /opt/devkitpro/devkitPPC/lib/gcc/powerpc-eabi/4.6.1/crtbegin.o
 .rela.text.GX_SetTexCoordCylWrap
                0x00000000        0x0 /opt/devkitpro/devkitPPC/lib/gcc/powerpc-eabi/4.6.1/crtbegin.o
 .rela.text.GX_SetTexCoordBias
                0x00000000        0x0 /opt/devkitpro/devkitPPC/lib/gcc/powerpc-eabi/4.6.1/crtbegin.o
 .rela.text.GX_SetBlendMode
                0x00000000        0x0 /opt/devkitpro/devkitPPC/lib/gcc/powerpc-eabi/4.6.1/crtbegin.o
 .rela.text.GX_ClearVtxDesc
                0x00000000        0x0 /opt/devkitpro/devkitPPC/lib/gcc/powerpc-eabi/4.6.1/crtbegin.o
 .rela.text.GX_SetLineWidth
                0x00000000        0x0 /opt/devkitpro/devkitPPC/lib/gcc/powerpc-eabi/4.6.1/crtbegin.o
 .rela.text.GX_SetPointSize
                0x00000000        0x0 /opt/devkitpro/devkitPPC/lib/gcc/powerpc-eabi/4.6.1/crtbegin.o
 .rela.text.GX_SetTevColorIn
                0x00000000        0x0 /opt/devkitpro/devkitPPC/lib/gcc/powerpc-eabi/4.6.1/crtbegin.o
 .rela.text.GX_SetTevAlphaIn
                0x00000000        0x0 /opt/devkitpro/devkitPPC/lib/gcc/powerpc-eabi/4.6.1/crtbegin.o
 .rela.text.GX_SetTevColorOp
                0x00000000        0x0 /opt/devkitpro/devkitPPC/lib/gcc/powerpc-eabi/4.6.1/crtbegin.o
 .rela.text.GX_SetTevAlphaOp
                0x00000000        0x0 /opt/devkitpro/devkitPPC/lib/gcc/powerpc-eabi/4.6.1/crtbegin.o
 .rela.text.GX_SetCullMode
                0x00000000        0x0 /opt/devkitpro/devkitPPC/lib/gcc/powerpc-eabi/4.6.1/crtbegin.o
 .rela.text.GX_SetCoPlanar
                0x00000000        0x0 /opt/devkitpro/devkitPPC/lib/gcc/powerpc-eabi/4.6.1/crtbegin.o
 .rela.text.GX_EnableTexOffsets
                0x00000000        0x0 /opt/devkitpro/devkitPPC/lib/gcc/powerpc-eabi/4.6.1/crtbegin.o
 .rela.text.GX_SetScissor
                0x00000000        0x0 /opt/devkitpro/devkitPPC/lib/gcc/powerpc-eabi/4.6.1/crtbegin.o
 .rela.text.GX_SetNumChans
                0x00000000        0x0 /opt/devkitpro/devkitPPC/lib/gcc/powerpc-eabi/4.6.1/crtbegin.o
 .rela.text.GX_SetTevOrder
                0x00000000        0x0 /opt/devkitpro/devkitPPC/lib/gcc/powerpc-eabi/4.6.1/crtbegin.o
 .rela.text.GX_SetNumTevStages
                0x00000000        0x0 /opt/devkitpro/devkitPPC/lib/gcc/powerpc-eabi/4.6.1/crtbegin.o
 .rela.text.GX_SetTevKColorSel
                0x00000000        0x0 /opt/devkitpro/devkitPPC/lib/gcc/powerpc-eabi/4.6.1/crtbegin.o
 .rela.text.GX_SetTevKAlphaSel
                0x00000000        0x0 /opt/devkitpro/devkitPPC/lib/gcc/powerpc-eabi/4.6.1/crtbegin.o
 .rela.text.GX_SetTevSwapMode
                0x00000000        0x0 /opt/devkitpro/devkitPPC/lib/gcc/powerpc-eabi/4.6.1/crtbegin.o
 .rela.text.GX_SetTevSwapModeTable
                0x00000000        0x0 /opt/devkitpro/devkitPPC/lib/gcc/powerpc-eabi/4.6.1/crtbegin.o
 .rela.text.GX_SetNumIndStages
                0x00000000        0x0 /opt/devkitpro/devkitPPC/lib/gcc/powerpc-eabi/4.6.1/crtbegin.o
 .rela.text.GX_SetIndTexCoordScale
                0x00000000        0x0 /opt/devkitpro/devkitPPC/lib/gcc/powerpc-eabi/4.6.1/crtbegin.o
 .rela.text.GX_SetColorUpdate
                0x00000000        0x0 /opt/devkitpro/devkitPPC/lib/gcc/powerpc-eabi/4.6.1/crtbegin.o
 .rela.text.GX_SetAlphaUpdate
                0x00000000        0x0 /opt/devkitpro/devkitPPC/lib/gcc/powerpc-eabi/4.6.1/crtbegin.o
 .rela.text.GX_SetZCompLoc
                0x00000000        0x0 /opt/devkitpro/devkitPPC/lib/gcc/powerpc-eabi/4.6.1/crtbegin.o
 .rela.text.GX_SetPixelFmt
                0x00000000        0x0 /opt/devkitpro/devkitPPC/lib/gcc/powerpc-eabi/4.6.1/crtbegin.o
 .rela.text.GX_SetDither
                0x00000000        0x0 /opt/devkitpro/devkitPPC/lib/gcc/powerpc-eabi/4.6.1/crtbegin.o
 .rela.text.GX_SetDstAlpha
                0x00000000        0x0 /opt/devkitpro/devkitPPC/lib/gcc/powerpc-eabi/4.6.1/crtbegin.o
 .rela.text.GX_SetFieldMode
                0x00000000        0x0 /opt/devkitpro/devkitPPC/lib/gcc/powerpc-eabi/4.6.1/crtbegin.o
 .rela.text.GX_SetIndTexOrder
                0x00000000        0x0 /opt/devkitpro/devkitPPC/lib/gcc/powerpc-eabi/4.6.1/crtbegin.o
 .rela.text.GX_SetGPMetric
                0x00000000        0x0 /opt/devkitpro/devkitPPC/lib/gcc/powerpc-eabi/4.6.1/crtbegin.o
 .rela.text.GX_Init
                0x00000000        0x0 /opt/devkitpro/devkitPPC/lib/gcc/powerpc-eabi/4.6.1/crtbegin.o
 .rela.text.GX_ReadGPMetric
                0x00000000        0x0 /opt/devkitpro/devkitPPC/lib/gcc/powerpc-eabi/4.6.1/crtbegin.o
 .rela.text.c_decrementer_handler
                0x00000000        0x0 /opt/devkitpro/devkitPPC/lib/gcc/powerpc-eabi/4.6.1/crtbegin.o
 .rela.text.__lwp_mqbox_free
                0x00000000        0x0 /opt/devkitpro/devkitPPC/lib/gcc/powerpc-eabi/4.6.1/crtbegin.o
 .rela.text.__lwp_mqbox_open
                0x00000000        0x0 /opt/devkitpro/devkitPPC/lib/gcc/powerpc-eabi/4.6.1/crtbegin.o
 .rela.text.__lwp_mqbox_init
                0x00000000        0x0 /opt/devkitpro/devkitPPC/lib/gcc/powerpc-eabi/4.6.1/crtbegin.o
 .rela.text.MQ_Init
                0x00000000        0x0 /opt/devkitpro/devkitPPC/lib/gcc/powerpc-eabi/4.6.1/crtbegin.o
 .rela.text.__ios_ioctlvformat_parse
                0x00000000        0x0 /opt/devkitpro/devkitPPC/lib/gcc/powerpc-eabi/4.6.1/crtbegin.o
 .rela.text.__ioctlvfmtCB
                0x00000000        0x0 /opt/devkitpro/devkitPPC/lib/gcc/powerpc-eabi/4.6.1/crtbegin.o
 .rela.text.IOS_IoctlvFormat
                0x00000000        0x0 /opt/devkitpro/devkitPPC/lib/gcc/powerpc-eabi/4.6.1/crtbegin.o
 .rela.text.IOS_IoctlvFormatAsync
                0x00000000        0x0 /opt/devkitpro/devkitPPC/lib/gcc/powerpc-eabi/4.6.1/crtbegin.o
 .rela.text.nanosleep
                0x00000000        0x0 /opt/devkitpro/devkitPPC/lib/gcc/powerpc-eabi/4.6.1/crtbegin.o
 .rela.text.__libc_delete_hook
                0x00000000        0x0 /opt/devkitpro/devkitPPC/lib/gcc/powerpc-eabi/4.6.1/crtbegin.o
 .rela.text.__libc_init
                0x00000000        0x0 /opt/devkitpro/devkitPPC/lib/gcc/powerpc-eabi/4.6.1/crtbegin.o
 .rela.text.__libc_wrapup
                0x00000000        0x0 /opt/devkitpro/devkitPPC/lib/gcc/powerpc-eabi/4.6.1/crtbegin.o
 .rela.text.__CheckARGV
                0x00000000        0x0 /opt/devkitpro/devkitPPC/lib/gcc/powerpc-eabi/4.6.1/crtbegin.o
 .rela.text.__lwp_priority_init
                0x00000000        0x0 /opt/devkitpro/devkitPPC/lib/gcc/powerpc-eabi/4.6.1/crtbegin.o
 .rela.text.__lwp_wd_remove_ticks
                0x00000000        0x0 /opt/devkitpro/devkitPPC/lib/gcc/powerpc-eabi/4.6.1/crtbegin.o
 .rela.text.__lwp_threadqueue_enqueue
                0x00000000        0x0 /opt/devkitpro/devkitPPC/lib/gcc/powerpc-eabi/4.6.1/crtbegin.o
 .rela.text.__lwpmq_initialize
                0x00000000        0x0 /opt/devkitpro/devkitPPC/lib/gcc/powerpc-eabi/4.6.1/crtbegin.o
 .rela.text.__lwpmq_close
                0x00000000        0x0 /opt/devkitpro/devkitPPC/lib/gcc/powerpc-eabi/4.6.1/crtbegin.o
 .rela.text.__systemcall_init
                0x00000000        0x0 /opt/devkitpro/devkitPPC/lib/gcc/powerpc-eabi/4.6.1/crtbegin.o
 .rela.text.__exception_init
                0x00000000        0x0 /opt/devkitpro/devkitPPC/lib/gcc/powerpc-eabi/4.6.1/crtbegin.o
 .rela.text.__exception_close
                0x00000000        0x0 /opt/devkitpro/devkitPPC/lib/gcc/powerpc-eabi/4.6.1/crtbegin.o
 .rela.text.__exception_sethandler
                0x00000000        0x0 /opt/devkitpro/devkitPPC/lib/gcc/powerpc-eabi/4.6.1/crtbegin.o
 .rela.text.__lwp_sema_open
                0x00000000        0x0 /opt/devkitpro/devkitPPC/lib/gcc/powerpc-eabi/4.6.1/crtbegin.o
 .rela.text.__lwp_sema_init
                0x00000000        0x0 /opt/devkitpro/devkitPPC/lib/gcc/powerpc-eabi/4.6.1/crtbegin.o
 .rela.text.LWP_SemInit
                0x00000000        0x0 /opt/devkitpro/devkitPPC/lib/gcc/powerpc-eabi/4.6.1/crtbegin.o
 .rela.text.LWP_SemDestroy
                0x00000000        0x0 /opt/devkitpro/devkitPPC/lib/gcc/powerpc-eabi/4.6.1/crtbegin.o
 .rela.text.kprintf
                0x00000000        0x0 /opt/devkitpro/devkitPPC/lib/gcc/powerpc-eabi/4.6.1/crtbegin.o
 .rela.text.atangent
                0x00000000        0x0 /opt/devkitpro/devkitPPC/lib/gcc/powerpc-eabi/4.6.1/crtbegin.o
 .rela.text.atangentf
                0x00000000        0x0 /opt/devkitpro/devkitPPC/lib/gcc/powerpc-eabi/4.6.1/crtbegin.o
 .rela.text.sinef
                0x00000000        0x0 /opt/devkitpro/devkitPPC/lib/gcc/powerpc-eabi/4.6.1/crtbegin.o
 .rela.text.sqrtf
                0x00000000        0x0 /opt/devkitpro/devkitPPC/lib/gcc/powerpc-eabi/4.6.1/crtbegin.o
 .rela.text.tanf
                0x00000000        0x0 /opt/devkitpro/devkitPPC/lib/gcc/powerpc-eabi/4.6.1/crtbegin.o
 .rela.text._keyboardRead
                0x00000000        0x0 /opt/devkitpro/devkitPPC/lib/gcc/powerpc-eabi/4.6.1/crtbegin.o
 .rela.text._kbd_buf_thread_func
                0x00000000        0x0 /opt/devkitpro/devkitPPC/lib/gcc/powerpc-eabi/4.6.1/crtbegin.o
 .rela.text.KEYBOARD_Init
                0x00000000        0x0 /opt/devkitpro/devkitPPC/lib/gcc/powerpc-eabi/4.6.1/crtbegin.o
 .rela.text.calloc
                0x00000000        0x0 /opt/devkitpro/devkitPPC/lib/gcc/powerpc-eabi/4.6.1/crtbegin.o
 .rela.text.__errno
                0x00000000        0x0 /opt/devkitpro/devkitPPC/lib/gcc/powerpc-eabi/4.6.1/crtbegin.o
 .rela.text.exit
                0x00000000        0x0 /opt/devkitpro/devkitPPC/lib/gcc/powerpc-eabi/4.6.1/crtbegin.o
 .rela.text.fprintf
                0x00000000        0x0 /opt/devkitpro/devkitPPC/lib/gcc/powerpc-eabi/4.6.1/crtbegin.o
 .rela.text.fputs
                0x00000000        0x0 /opt/devkitpro/devkitPPC/lib/gcc/powerpc-eabi/4.6.1/crtbegin.o
 .rela.text._malloc_trim_r
                0x00000000        0x0 /opt/devkitpro/devkitPPC/lib/gcc/powerpc-eabi/4.6.1/crtbegin.o
 .rela.text._free_r
                0x00000000        0x0 /opt/devkitpro/devkitPPC/lib/gcc/powerpc-eabi/4.6.1/crtbegin.o
 .rela.text._findenv
                0x00000000        0x0 /opt/devkitpro/devkitPPC/lib/gcc/powerpc-eabi/4.6.1/crtbegin.o
 .rela.text.getenv
                0x00000000        0x0 /opt/devkitpro/devkitPPC/lib/gcc/powerpc-eabi/4.6.1/crtbegin.o
 .rela.text._findenv_r
                0x00000000        0x0 /opt/devkitpro/devkitPPC/lib/gcc/powerpc-eabi/4.6.1/crtbegin.o
 .rela.text.setvbuf
                0x00000000        0x0 /opt/devkitpro/devkitPPC/lib/gcc/powerpc-eabi/4.6.1/crtbegin.o
 .rela.text._svfprintf_r
                0x00000000        0x0 /opt/devkitpro/devkitPPC/lib/gcc/powerpc-eabi/4.6.1/crtbegin.o
 .rela.text._vfprintf_r
                0x00000000        0x0 /opt/devkitpro/devkitPPC/lib/gcc/powerpc-eabi/4.6.1/crtbegin.o
 .rela.text._wcrtomb_r
                0x00000000        0x0 /opt/devkitpro/devkitPPC/lib/gcc/powerpc-eabi/4.6.1/crtbegin.o
 .rela.text.wcrtomb
                0x00000000        0x0 /opt/devkitpro/devkitPPC/lib/gcc/powerpc-eabi/4.6.1/crtbegin.o
 .rela.text._dtoa_r
                0x00000000        0x0 /opt/devkitpro/devkitPPC/lib/gcc/powerpc-eabi/4.6.1/crtbegin.o
 .rela.text._cleanup_r
                0x00000000        0x0 /opt/devkitpro/devkitPPC/lib/gcc/powerpc-eabi/4.6.1/crtbegin.o
 .rela.text.std.isra.0
                0x00000000        0x0 /opt/devkitpro/devkitPPC/lib/gcc/powerpc-eabi/4.6.1/crtbegin.o
 .rela.text.loadlocale
                0x00000000        0x0 /opt/devkitpro/devkitPPC/lib/gcc/powerpc-eabi/4.6.1/crtbegin.o
 .rela.text.__smakebuf_r
                0x00000000        0x0 /opt/devkitpro/devkitPPC/lib/gcc/powerpc-eabi/4.6.1/crtbegin.o

.rel.fini
 *(.rel.fini)

.rela.fini
 *(.rela.fini)

.rel.rodata
 *(.rel.rodata .rel.rodata.* .rel.gnu.linkonce.r.*)

.rela.rodata
 *(.rela.rodata .rela.rodata.* .rela.gnu.linkonce.r.*)

.rel.data
 *(.rel.data .rel.data.* .rel.gnu.linkonce.d.*)

.rela.data
 *(.rela.data .rela.data.* .rela.gnu.linkonce.d.*)

.rel.tdata
 *(.rel.tdata .rel.tdata.* .rel.gnu.linkonce.td.*)

.rela.tdata
 *(.rela.tdata .rela.tdata.* .rela.gnu.linkonce.td.*)

.rel.tbss
 *(.rel.tbss .rel.tbss.* .rel.gnu.linkonce.tb.*)

.rela.tbss
 *(.rela.tbss .rela.tbss.* .rela.gnu.linkonce.tb.*)

.rel.ctors
 *(.rel.ctors)

.rela.ctors
 *(.rela.ctors)

.rel.dtors
 *(.rel.dtors)

.rela.dtors
 *(.rela.dtors)

.rel.got
 *(.rel.got)

.rela.got
 *(.rela.got)

.rela.got1
 *(.rela.got1)

.rela.got2      0x80004194        0x0
 *(.rela.got2)
 .rela.got2     0x00000000        0x0 /opt/devkitpro/devkitPPC/lib/gcc/powerpc-eabi/4.6.1/crtbegin.o

.rel.sdata
 *(.rel.sdata .rel.sdata.* .rel.gnu.linkonce.s.*)

.rela.sdata     0x80004194        0x0
 *(.rela.sdata .rela.sdata.* .rela.gnu.linkonce.s.*)
 .rela.sdata._ukbd_keymapdata
                0x00000000        0x0 /opt/devkitpro/devkitPPC/lib/gcc/powerpc-eabi/4.6.1/crtbegin.o

.rel.sbss
 *(.rel.sbss .rel.sbss.* .rel.gnu.linkonce.sb.*)

.rela.sbss
 *(.rela.sbss .rela.sbss.* .rel.gnu.linkonce.sb.*)

.rel.sdata2
 *(.rel.sdata2 .rel.sdata2.* .rel.gnu.linkonce.s2.*)

.rela.sdata2
 *(.rela.sdata2 .rela.sdata2.* .rela.gnu.linkonce.s2.*)

.rel.sbss2
 *(.rel.sbss2 .rel.sbss2.* .rel.gnu.linkonce.sb2.*)

.rela.sbss2
 *(.rela.sbss2 .rela.sbss2.* .rela.gnu.linkonce.sb2.*)

.rel.bss
 *(.rel.bss .rel.bss.* .rel.gnu.linkonce.b.*)

.rela.bss
 *(.rela.bss .rela.bss.* .rela.gnu.linkonce.b.*)

.rel.plt
 *(.rel.plt)

.rela.plt
 *(.rela.plt)

.text           0x800041a0    0x5ab60
 *(.text)
 .text          0x800041a0      0x168 /opt/devkitpro/devkitPPC/lib/gcc/powerpc-eabi/4.6.1/crtbegin.o
 .text          0x80004308       0x44 /opt/devkitpro/devkitPPC/lib/gcc/powerpc-eabi/4.6.1/../../../../powerpc-eabi/lib/crtmain.o
                0x8000430c                __crtmain
 *fill*         0x8000434c       0x14 00000000
 .text          0x80004360      0x44c /opt/devkitpro/libogc/lib/wii/libogc.a(lwp_handler.o)
                0x80004360                _cpu_context_save_fp
                0x800044a0                _cpu_context_restore_fp
                0x800045e0                _cpu_context_switch
                0x800046c0                _cpu_context_save
                0x80004740                _cpu_context_restore
 .text          0x800047ac      0x4f4 /opt/devkitpro/libogc/lib/wii/libogc.a(cache_asm.o)
                0x800047ac                DCFlashInvalidate
                0x800047c0                DCEnable
                0x800047d4                DCDisable
                0x800047e8                DCFreeze
                0x800047fc                DCUnfreeze
                0x80004810                DCTouchLoad
                0x80004818                DCBlockZero
                0x80004820                DCBlockStore
                0x80004828                DCBlockFlush
                0x80004830                DCBlockInvalidate
                0x80004838                DCInvalidateRange
                0x80004868                DCFlushRange
                0x8000489c                DCStoreRange
                0x800048d0                DCFlushRangeNoSync
                0x80004900                DCStoreRangeNoSync
                0x80004930                DCZeroRange
                0x80004960                DCTouchRange
                0x80004990                ICInvalidateRange
                0x800049c8                ICFlashInvalidate
                0x800049dc                ICEnable
                0x800049f0                ICDisable
                0x80004a04                ICFreeze
                0x80004a18                ICUnfreeze
                0x80004a2c                ICBlockInvalidate
                0x80004a34                ICSync
                0x80004a3c                L2Init
                0x80004a84                L2Enable
                0x80004aa0                L2Disable
                0x80004ab8                L2GlobalInvalidate
                0x80004b10                __LCEnable
                0x80004bdc                LCDisable
                0x80004c04                LCAllocOneTag
                0x80004c18                LCAllocTags
                0x80004c58                LCLoadBlocks
                0x80004c7c                LCStoreBlocks
 .text          0x80004ca0      0x4a0 /opt/devkitpro/libogc/lib/wii/libogc.a(system_asm.o)
                0x80004ca0                __realmode
                0x80004cb8                __configBATS
                0x80004de8                __InitFPRS
                0x80004f14                __InitPS
                0x80004f70                __InitCache
                0x80004fc8                __InitSystem
                0x80005050                __flush_cache
                0x80005084                __reset
                0x800050f4                __InitBATS
                0x80005110                SYS_SwitchFiber
 .text          0x80005140      0x8dc /opt/devkitpro/libogc/lib/wii/libogc.a(gu_psasm.o)
                0x80005140                ps_guMtxConcat
                0x80005204                ps_guMtxIdentity
                0x80005230                ps_guMtxCopy
                0x80005264                ps_guMtxTranspose
                0x800052b4                ps_guMtxInverse
                0x800053ac                ps_guMtxInvXpose
                0x80005474                ps_guMtxScale
                0x8000549c                ps_guMtxScaleApply
                0x800054f4                ps_guMtxApplyScale
                0x80005558                ps_guMtxTrans
                0x8000558c                ps_guMtxTransApply
                0x800055d8                ps_guMtxApplyTrans
                0x80005654                ps_guMtxRotTrig
                0x80005704                __ps_guMtxRotAxisRadInternal
                0x800057c4                ps_guMtxReflect
                0x80005834                ps_guVecAdd
                0x80005858                ps_guVecSub
                0x8000587c                ps_guVecScale
                0x80005898                ps_guVecNormalize
                0x800058dc                ps_guVecCross
                0x80005918                ps_guVecDotProduct
                0x80005938                ps_guVecMultiply
                0x8000598c                ps_guVecMultiplySR
                0x800059fc                ps_guQuatDotProduct
 .text          0x80005a1c      0x1ac /opt/devkitpro/libogc/lib/wii/libogc.a(irq_handler.o)
                0x80005a1c                irq_exceptionhandler
 .text          0x80005bc8      0x118 /opt/devkitpro/libogc/lib/wii/libogc.a(video_asm.o)
                0x80005bc8                __VIClearFramebuffer
 .text          0x80005ce0      0x1ac /opt/devkitpro/libogc/lib/wii/libogc.a(decrementer_handler.o)
                0x80005ce0                dec_exceptionhandler
 .text          0x80005e8c      0x35c /opt/devkitpro/libogc/lib/wii/libogc.a(exception_handler.o)
                0x80005e8c                exceptionhandler_start
                0x80005f08                exceptionhandler_patch
                0x80005f3c                exceptionhandler_end
                0x80005f40                default_exceptionhandler
                0x80006070                fpu_exceptionhandler
                0x800061b8                systemcallhandler_start
                0x800061e4                systemcallhandler_end
 .text          0x800061e8       0x40 /opt/devkitpro/devkitPPC/lib/gcc/powerpc-eabi/4.6.1/libgcc.a(_ashldi3.o)
                0x800061e8                __ashldi3
 .text          0x80006228      0x448 /opt/devkitpro/devkitPPC/lib/gcc/powerpc-eabi/4.6.1/libgcc.a(_divdi3.o)
                0x80006228                __divdi3
 .text          0x80006670      0x430 /opt/devkitpro/devkitPPC/lib/gcc/powerpc-eabi/4.6.1/libgcc.a(_moddi3.o)
                0x80006670                __moddi3
 .text          0x80006aa0      0x400 /opt/devkitpro/devkitPPC/lib/gcc/powerpc-eabi/4.6.1/libgcc.a(_udivdi3.o)
                0x80006aa0                __udivdi3
 .text          0x80006ea0      0x3d4 /opt/devkitpro/devkitPPC/lib/gcc/powerpc-eabi/4.6.1/libgcc.a(_umoddi3.o)
                0x80006ea0                __umoddi3
 .text          0x80007274       0x48 /opt/devkitpro/devkitPPC/lib/gcc/powerpc-eabi/4.6.1/libgcc.a(eabi.o)
                0x80007274                __eabi
 .text          0x800072bc       0x4c /opt/devkitpro/devkitPPC/lib/gcc/powerpc-eabi/4.6.1/libgcc.a(crtsavfpr.o)
                0x800072bc                _savefpr_14
                0x800072c0                _savefpr_15
                0x800072c4                _savefpr_16
                0x800072c8                _savefpr_17
                0x800072cc                _savefpr_18
                0x800072d0                _savefpr_19
                0x800072d4                _savefpr_20
                0x800072d8                _savefpr_21
                0x800072dc                _savefpr_22
                0x800072e0                _savefpr_23
                0x800072e4                _savefpr_24
                0x800072e8                _savefpr_25
                0x800072ec                _savefpr_26
                0x800072f0                _savefpr_27
                0x800072f4                _savefpr_28
                0x800072f8                _savefpr_29
                0x800072fc                _savefpr_30
                0x80007300                _savefpr_31
 .text          0x80007308       0x4c /opt/devkitpro/devkitPPC/lib/gcc/powerpc-eabi/4.6.1/libgcc.a(crtsavgpr.o)
                0x80007308                _savegpr_14
                0x8000730c                _savegpr_15
                0x80007310                _savegpr_16
                0x80007314                _savegpr_17
                0x80007318                _savegpr_18
                0x8000731c                _savegpr_19
                0x80007320                _savegpr_20
                0x80007324                _savegpr_21
                0x80007328                _savegpr_22
                0x8000732c                _savegpr_23
                0x80007330                _savegpr_24
                0x80007334                _savegpr_25
                0x80007338                _savegpr_26
                0x8000733c                _savegpr_27
                0x80007340                _savegpr_28
                0x80007344                _savegpr_29
                0x80007348                _savegpr_30
                0x8000734c                _savegpr_31
 .text          0x80007354       0x4c /opt/devkitpro/devkitPPC/lib/gcc/powerpc-eabi/4.6.1/libgcc.a(crtresgpr.o)
                0x80007354                _restgpr_14
                0x80007358                _restgpr_15
                0x8000735c                _restgpr_16
                0x80007360                _restgpr_17
                0x80007364                _restgpr_18
                0x80007368                _restgpr_19
                0x8000736c                _restgpr_20
                0x80007370                _restgpr_21
                0x80007374                _restgpr_22
                0x80007378                _restgpr_23
                0x8000737c                _restgpr_24
                0x80007380                _restgpr_25
                0x80007384                _restgpr_26
                0x80007388                _restgpr_27
                0x8000738c                _restgpr_28
                0x80007390                _restgpr_29
                0x80007394                _restgpr_30
                0x80007398                _restgpr_31
 .text          0x800073a0       0x58 /opt/devkitpro/devkitPPC/lib/gcc/powerpc-eabi/4.6.1/libgcc.a(crtresxfpr.o)
                0x800073a0                _restfpr_14_x
                0x800073a4                _restfpr_15_x
                0x800073a8                _restfpr_16_x
                0x800073ac                _restfpr_17_x
                0x800073b0                _restfpr_18_x
                0x800073b4                _restfpr_19_x
                0x800073b8                _restfpr_20_x
                0x800073bc                _restfpr_21_x
                0x800073c0                _restfpr_22_x
                0x800073c4                _restfpr_23_x
                0x800073c8                _restfpr_24_x
                0x800073cc                _restfpr_25_x
                0x800073d0                _restfpr_26_x
                0x800073d4                _restfpr_27_x
                0x800073d8                _restfpr_28_x
                0x800073dc                _restfpr_29_x
                0x800073e0                _restfpr_30_x
                0x800073e4                _restfpr_31_x
 .text          0x800073f8       0x58 /opt/devkitpro/devkitPPC/lib/gcc/powerpc-eabi/4.6.1/libgcc.a(crtresxgpr.o)
                0x800073f8                _restgpr_14_x
                0x800073fc                _restgpr_15_x
                0x80007400                _restgpr_16_x
                0x80007404                _restgpr_17_x
                0x80007408                _restgpr_18_x
                0x8000740c                _restgpr_19_x
                0x80007410                _restgpr_20_x
                0x80007414                _restgpr_21_x
                0x80007418                _restgpr_22_x
                0x8000741c                _restgpr_23_x
                0x80007420                _restgpr_24_x
                0x80007424                _restgpr_25_x
                0x80007428                _restgpr_26_x
                0x8000742c                _restgpr_27_x
                0x80007430                _restgpr_28_x
                0x80007434                _restgpr_29_x
                0x80007438                _restgpr_30_x
                0x8000743c                _restgpr_31_x
 .text          0x80007450       0x28 /opt/devkitpro/devkitPPC/lib/gcc/powerpc-eabi/4.6.1/../../../../powerpc-eabi/lib/libsysbase.a(abort.o)
                0x80007450                abort
 .text          0x80007478      0x2ec /opt/devkitpro/devkitPPC/lib/gcc/powerpc-eabi/4.6.1/../../../../powerpc-eabi/lib/libsysbase.a(iosupport.o)
                0x80007478                setDefaultDevice
                0x80007490                FindDevice
                0x800075b4                RemoveDevice
                0x80007604                AddDevice
                0x80007720                GetDeviceOpTab
 .text          0x80007764       0x28 /opt/devkitpro/devkitPPC/lib/gcc/powerpc-eabi/4.6.1/../../../../powerpc-eabi/lib/libsysbase.a(_exit.o)
                0x80007764                _exit
 .text          0x8000778c       0x90 /opt/devkitpro/devkitPPC/lib/gcc/powerpc-eabi/4.6.1/../../../../powerpc-eabi/lib/libsysbase.a(build_argv.o)
                0x8000778c                build_argv
 .text          0x8000781c      0x168 /opt/devkitpro/devkitPPC/lib/gcc/powerpc-eabi/4.6.1/../../../../powerpc-eabi/lib/libsysbase.a(syscall_support.o)
                0x8000781c                __libc_lock_init
                0x8000785c                __libc_lock_close
                0x8000789c                __libc_lock_release
                0x800078dc                __libc_lock_acquire
                0x8000791c                __malloc_lock
                0x80007950                __malloc_unlock
 .text          0x80007984       0x98 /opt/devkitpro/devkitPPC/lib/gcc/powerpc-eabi/4.6.1/../../../../powerpc-eabi/lib/libsysbase.a(close.o)
                0x80007984                _close_r
 .text          0x80007a1c       0xc8 /opt/devkitpro/devkitPPC/lib/gcc/powerpc-eabi/4.6.1/../../../../powerpc-eabi/lib/libsysbase.a(fstat.o)
                0x80007a1c                _fstat_r
 .text          0x80007ae4       0x10 /opt/devkitpro/devkitPPC/lib/gcc/powerpc-eabi/4.6.1/../../../../powerpc-eabi/lib/libsysbase.a(getpid.o)
                0x80007ae4                _getpid_r
 .text          0x80007af4        0x8 /opt/devkitpro/devkitPPC/lib/gcc/powerpc-eabi/4.6.1/../../../../powerpc-eabi/lib/libsysbase.a(isatty.o)
                0x80007af4                _isatty_r
 .text          0x80007afc       0x10 /opt/devkitpro/devkitPPC/lib/gcc/powerpc-eabi/4.6.1/../../../../powerpc-eabi/lib/libsysbase.a(kill.o)
                0x80007afc                _kill_r
 .text          0x80007b0c       0xcc /opt/devkitpro/devkitPPC/lib/gcc/powerpc-eabi/4.6.1/../../../../powerpc-eabi/lib/libsysbase.a(lseek.o)
                0x80007b0c                _lseek_r
 .text          0x80007bd8      0x14c /opt/devkitpro/devkitPPC/lib/gcc/powerpc-eabi/4.6.1/../../../../powerpc-eabi/lib/libsysbase.a(open.o)
                0x80007bd8                _open_r
 .text          0x80007d24       0xac /opt/devkitpro/devkitPPC/lib/gcc/powerpc-eabi/4.6.1/../../../../powerpc-eabi/lib/libsysbase.a(read.o)
                0x80007d24                _read_r
 .text          0x80007dd0       0x50 /opt/devkitpro/devkitPPC/lib/gcc/powerpc-eabi/4.6.1/../../../../powerpc-eabi/lib/libsysbase.a(sbrk.o)
                0x80007dd0                _sbrk_r
 .text          0x80007e20       0xac /opt/devkitpro/devkitPPC/lib/gcc/powerpc-eabi/4.6.1/../../../../powerpc-eabi/lib/libsysbase.a(write.o)
                0x80007e20                _write_r
 .text          0x80007ecc       0x6c /opt/devkitpro/devkitPPC/lib/gcc/powerpc-eabi/4.6.1/../../../../powerpc-eabi/lib/libsysbase.a(flock.o)
                0x80007ecc                __flockfile
                0x80007f14                __funlockfile
 .text          0x80007f38      0x174 /opt/devkitpro/devkitPPC/lib/gcc/powerpc-eabi/4.6.1/../../../../powerpc-eabi/lib/libsysbase.a(handle_manager.o)
                0x80007f38                __release_handle
                0x80007f94                __alloc_handle
                0x80008088                __get_handle
 .text          0x800080ac       0x6c /opt/devkitpro/devkitPPC/lib/gcc/powerpc-eabi/4.6.1/crtend.o
 *(.text.*)
 .text.initvideo
                0x80008118       0xa8 template.o
                0x80008118                initvideo
 .text.initsdl  0x800081c0       0xc8 template.o
                0x800081c0                initsdl
 .text.updatesdl
                0x80008288       0x28 template.o
                0x80008288                updatesdl
 .text.quitvideo
                0x800082b0       0x14 template.o
                0x800082b0                quitvideo
 .text.quitsdl  0x800082c4       0x18 template.o
                0x800082c4                quitsdl
 .text.init     0x800082dc       0x48 template.o
                0x800082dc                init
 .text.update   0x80008324       0x4c template.o
                0x80008324                update
 .text.quit     0x80008370       0x30 template.o
                0x80008370                quit
 .text.clearscreen
                0x800083a0       0x3c template.o
                0x800083a0                clearscreen
 .text.SDL_main
                0x800083dc       0xa4 template.o
                0x800083dc                SDL_main
 .text.SDL_InitSubSystem
                0x80008480      0x1bc /opt/devkitpro/libogc/lib/wii/libSDL.a(SDL.o)
                0x80008480                SDL_InitSubSystem
 .text.SDL_Init
                0x8000863c       0x58 /opt/devkitpro/libogc/lib/wii/libSDL.a(SDL.o)
                0x8000863c                SDL_Init
 .text.SDL_Quit
                0x80008694       0xb8 /opt/devkitpro/libogc/lib/wii/libSDL.a(SDL.o)
                0x80008694                SDL_Quit
 .text.SDL_SetError
                0x8000874c      0x298 /opt/devkitpro/libogc/lib/wii/libSDL.a(SDL_error.o)
                0x8000874c                SDL_SetError
 .text.SDL_GetError
                0x800089e4      0x1e8 /opt/devkitpro/libogc/lib/wii/libSDL.a(SDL_error.o)
                0x800089e4                SDL_GetError
 .text.SDL_ClearError
                0x80008bcc       0x28 /opt/devkitpro/libogc/lib/wii/libSDL.a(SDL_error.o)
                0x80008bcc                SDL_ClearError
 .text.SDL_Error
                0x80008bf4       0x70 /opt/devkitpro/libogc/lib/wii/libSDL.a(SDL_error.o)
                0x80008bf4                SDL_Error
 .text.SDL_Parachute
                0x80008c64       0x3c /opt/devkitpro/libogc/lib/wii/libSDL.a(SDL_fatal.o)
 .text.SDL_InstallParachute
                0x80008ca0       0x70 /opt/devkitpro/libogc/lib/wii/libSDL.a(SDL_fatal.o)
                0x80008ca0                SDL_InstallParachute
 .text.SDL_UninstallParachute
                0x80008d10       0x74 /opt/devkitpro/libogc/lib/wii/libSDL.a(SDL_fatal.o)
                0x80008d10                SDL_UninstallParachute
 .text.SDL_UnlockAudio_Default
                0x80008d84       0x4c /opt/devkitpro/libogc/lib/wii/libSDL.a(SDL_audio.o)
 .text.SDL_LockAudio_Default
                0x80008dd0       0x4c /opt/devkitpro/libogc/lib/wii/libSDL.a(SDL_audio.o)
 .text.SDL_AudioQuit
                0x80008e1c       0xd8 /opt/devkitpro/libogc/lib/wii/libSDL.a(SDL_audio.o)
                0x80008e1c                SDL_AudioQuit
 .text.SDL_AudioInit
                0x80008ef4      0x130 /opt/devkitpro/libogc/lib/wii/libSDL.a(SDL_audio.o)
                0x80008ef4                SDL_AudioInit
 .text.SDL_CalculateAudioSpec
                0x80009024       0x54 /opt/devkitpro/libogc/lib/wii/libSDL.a(SDL_audio.o)
                0x80009024                SDL_CalculateAudioSpec
 .text.SDL_ConvertAudio
                0x80009078       0x74 /opt/devkitpro/libogc/lib/wii/libSDL.a(SDL_audiocvt.o)
                0x80009078                SDL_ConvertAudio
 .text.WIIAUD_WaitAudio
                0x800090ec        0x4 /opt/devkitpro/libogc/lib/wii/libSDL.a(SDL_wiiaudio.o)
 .text.WIIAUD_PlayAudio
                0x800090f0        0x4 /opt/devkitpro/libogc/lib/wii/libSDL.a(SDL_wiiaudio.o)
 .text.WIIAUD_GetAudioBuf
                0x800090f4        0x8 /opt/devkitpro/libogc/lib/wii/libSDL.a(SDL_wiiaudio.o)
 .text.WIIAUD_Available
                0x800090fc        0x8 /opt/devkitpro/libogc/lib/wii/libSDL.a(SDL_wiiaudio.o)
 .text.WIIAUD_CreateDevice
                0x80009104      0x104 /opt/devkitpro/libogc/lib/wii/libSDL.a(SDL_wiiaudio.o)
 .text.WIIAUD_DeleteDevice
                0x80009208       0x50 /opt/devkitpro/libogc/lib/wii/libSDL.a(SDL_wiiaudio.o)
 .text.WIIAUD_CloseAudio
                0x80009258       0x2c /opt/devkitpro/libogc/lib/wii/libSDL.a(SDL_wiiaudio.o)
 .text.DMACallback
                0x80009284       0x5c /opt/devkitpro/libogc/lib/wii/libSDL.a(SDL_wiiaudio.o)
 .text.AudioThread
                0x800092e0      0x1fc /opt/devkitpro/libogc/lib/wii/libSDL.a(SDL_wiiaudio.o)
 .text.WII_AudioStart
                0x800094dc       0xd8 /opt/devkitpro/libogc/lib/wii/libSDL.a(SDL_wiiaudio.o)
                0x800094dc                WII_AudioStart
 .text.WIIAUD_OpenAudio
                0x800095b4       0xb4 /opt/devkitpro/libogc/lib/wii/libSDL.a(SDL_wiiaudio.o)
 .text.SDL_CDROMInit
                0x80009668       0x4c /opt/devkitpro/libogc/lib/wii/libSDL.a(SDL_cdrom.o)
                0x80009668                SDL_CDROMInit
 .text.SDL_CDROMQuit
                0x800096b4       0x2c /opt/devkitpro/libogc/lib/wii/libSDL.a(SDL_cdrom.o)
                0x800096b4                SDL_CDROMQuit
 .text.SDL_SYS_CDInit
                0x800096e0        0x8 /opt/devkitpro/libogc/lib/wii/libSDL.a(SDL_syscdrom.o)
                0x800096e0                SDL_SYS_CDInit
 .text.SDL_SYS_CDQuit
                0x800096e8        0x4 /opt/devkitpro/libogc/lib/wii/libSDL.a(SDL_syscdrom.o)
                0x800096e8                SDL_SYS_CDQuit
 .text.SDL_JoystickInit
                0x800096ec       0xc4 /opt/devkitpro/libogc/lib/wii/libSDL.a(SDL_joystick.o)
                0x800096ec                SDL_JoystickInit
 .text.SDL_JoystickQuit
                0x800097b0       0x58 /opt/devkitpro/libogc/lib/wii/libSDL.a(SDL_joystick.o)
                0x800097b0                SDL_JoystickQuit
 .text.SDL_PrivateJoystickAxis
                0x80009808       0xb8 /opt/devkitpro/libogc/lib/wii/libSDL.a(SDL_joystick.o)
                0x80009808                SDL_PrivateJoystickAxis
 .text.SDL_PrivateJoystickHat
                0x800098c0       0xb4 /opt/devkitpro/libogc/lib/wii/libSDL.a(SDL_joystick.o)
                0x800098c0                SDL_PrivateJoystickHat
 .text.SDL_PrivateJoystickButton
                0x80009974       0xfc /opt/devkitpro/libogc/lib/wii/libSDL.a(SDL_joystick.o)
                0x80009974                SDL_PrivateJoystickButton
 .text.SDL_JoystickUpdate
                0x80009a70       0x60 /opt/devkitpro/libogc/lib/wii/libSDL.a(SDL_joystick.o)
                0x80009a70                SDL_JoystickUpdate
 .text.WPAD_Stick
                0x80009ad0      0x144 /opt/devkitpro/libogc/lib/wii/libSDL.a(SDL_sysjoystick.o)
 .text.SDL_SYS_JoystickInit
                0x80009c14        0x8 /opt/devkitpro/libogc/lib/wii/libSDL.a(SDL_sysjoystick.o)
                0x80009c14                SDL_SYS_JoystickInit
 .text.SDL_SYS_JoystickUpdate
                0x80009c1c      0x7d8 /opt/devkitpro/libogc/lib/wii/libSDL.a(SDL_sysjoystick.o)
                0x80009c1c                SDL_SYS_JoystickUpdate
 .text.SDL_SYS_JoystickQuit
                0x8000a3f4        0x4 /opt/devkitpro/libogc/lib/wii/libSDL.a(SDL_sysjoystick.o)
                0x8000a3f4                SDL_SYS_JoystickQuit
 .text.ShutdownCB
                0x8000a3f8       0x18 /opt/devkitpro/libogc/lib/wii/libSDL.a(SDL_wii_main.o)
 .text.ResetCB  0x8000a410       0x18 /opt/devkitpro/libogc/lib/wii/libSDL.a(SDL_wii_main.o)
 .text.RestartHomebrewChannel
                0x8000a428       0x24 /opt/devkitpro/libogc/lib/wii/libSDL.a(SDL_wii_main.o)
                0x8000a428                RestartHomebrewChannel
 .text.Terminate
                0x8000a44c       0x70 /opt/devkitpro/libogc/lib/wii/libSDL.a(SDL_wii_main.o)
                0x8000a44c                Terminate
 .text.startup.main
                0x8000a4bc       0xc8 /opt/devkitpro/libogc/lib/wii/libSDL.a(SDL_wii_main.o)
                0x8000a4bc                main
 .text.SDL_getenv
                0x8000a584       0xcc /opt/devkitpro/libogc/lib/wii/libSDL.a(SDL_getenv.o)
                0x8000a584                SDL_getenv
 .text.SDL_revcpy
                0x8000a650       0x38 /opt/devkitpro/libogc/lib/wii/libSDL.a(SDL_string.o)
                0x8000a650                SDL_revcpy
 .text.SDL_ltoa
                0x8000a688      0x140 /opt/devkitpro/libogc/lib/wii/libSDL.a(SDL_string.o)
                0x8000a688                SDL_ltoa
 .text.SDL_lltoa
                0x8000a7c8      0x1a8 /opt/devkitpro/libogc/lib/wii/libSDL.a(SDL_string.o)
                0x8000a7c8                SDL_lltoa
 .text.SDL_vsnprintf
                0x8000a970      0xa58 /opt/devkitpro/libogc/lib/wii/libSDL.a(SDL_string.o)
                0x8000a970                SDL_vsnprintf
 .text.SDL_snprintf
                0x8000b3c8       0x7c /opt/devkitpro/libogc/lib/wii/libSDL.a(SDL_string.o)
                0x8000b3c8                SDL_snprintf
 .text.SDL_DelThread
                0x8000b444      0x118 /opt/devkitpro/libogc/lib/wii/libSDL.a(SDL_thread.o)
 .text.SDL_GetErrBuf
                0x8000b55c       0xd8 /opt/devkitpro/libogc/lib/wii/libSDL.a(SDL_thread.o)
                0x8000b55c                SDL_GetErrBuf
 .text.SDL_RunThread
                0x8000b634       0x6c /opt/devkitpro/libogc/lib/wii/libSDL.a(SDL_thread.o)
                0x8000b634                SDL_RunThread
 .text.SDL_CreateThread
                0x8000b6a0      0x1dc /opt/devkitpro/libogc/lib/wii/libSDL.a(SDL_thread.o)
                0x8000b6a0                SDL_CreateThread
 .text.SDL_WaitThread
                0x8000b87c       0x5c /opt/devkitpro/libogc/lib/wii/libSDL.a(SDL_thread.o)
                0x8000b87c                SDL_WaitThread
 .text.SDL_CreateMutex
                0x8000b8d8       0x5c /opt/devkitpro/libogc/lib/wii/libSDL.a(SDL_sysmutex.o)
                0x8000b8d8                SDL_CreateMutex
 .text.SDL_DestroyMutex
                0x8000b934       0x3c /opt/devkitpro/libogc/lib/wii/libSDL.a(SDL_sysmutex.o)
                0x8000b934                SDL_DestroyMutex
 .text.SDL_mutexP
                0x8000b970       0x44 /opt/devkitpro/libogc/lib/wii/libSDL.a(SDL_sysmutex.o)
                0x8000b970                SDL_mutexP
 .text.SDL_mutexV
                0x8000b9b4       0x44 /opt/devkitpro/libogc/lib/wii/libSDL.a(SDL_sysmutex.o)
                0x8000b9b4                SDL_mutexV
 .text.SDL_CreateSemaphore
                0x8000b9f8       0xe0 /opt/devkitpro/libogc/lib/wii/libSDL.a(SDL_syssem.o)
                0x8000b9f8                SDL_CreateSemaphore
 .text.SDL_DestroySemaphore
                0x8000bad8       0x8c /opt/devkitpro/libogc/lib/wii/libSDL.a(SDL_syssem.o)
                0x8000bad8                SDL_DestroySemaphore
 .text.SDL_SemWait
                0x8000bb64       0xd0 /opt/devkitpro/libogc/lib/wii/libSDL.a(SDL_syssem.o)
                0x8000bb64                SDL_SemWait
 .text.SDL_SemPost
                0x8000bc34       0x7c /opt/devkitpro/libogc/lib/wii/libSDL.a(SDL_syssem.o)
                0x8000bc34                SDL_SemPost
 .text.run_thread
                0x8000bcb0       0x24 /opt/devkitpro/libogc/lib/wii/libSDL.a(SDL_systhread.o)
                0x8000bcb0                run_thread
 .text.SDL_SYS_CreateThread
                0x8000bcd4       0x40 /opt/devkitpro/libogc/lib/wii/libSDL.a(SDL_systhread.o)
                0x8000bcd4                SDL_SYS_CreateThread
 .text.SDL_SYS_SetupThread
                0x8000bd14        0x4 /opt/devkitpro/libogc/lib/wii/libSDL.a(SDL_systhread.o)
                0x8000bd14                SDL_SYS_SetupThread
 .text.SDL_ThreadID
                0x8000bd18       0x20 /opt/devkitpro/libogc/lib/wii/libSDL.a(SDL_systhread.o)
                0x8000bd18                SDL_ThreadID
 .text.SDL_SYS_WaitThread
                0x8000bd38       0x28 /opt/devkitpro/libogc/lib/wii/libSDL.a(SDL_systhread.o)
                0x8000bd38                SDL_SYS_WaitThread
 .text.SDL_SetTimer.constprop.0
                0x8000bd60       0xf8 /opt/devkitpro/libogc/lib/wii/libSDL.a(SDL_timer.o)
 .text.SDL_SetTimerThreaded
                0x8000be58       0x50 /opt/devkitpro/libogc/lib/wii/libSDL.a(SDL_timer.o)
                0x8000be58                SDL_SetTimerThreaded
 .text.SDL_TimerInit
                0x8000bea8       0xd4 /opt/devkitpro/libogc/lib/wii/libSDL.a(SDL_timer.o)
                0x8000bea8                SDL_TimerInit
 .text.SDL_TimerQuit
                0x8000bf7c       0x9c /opt/devkitpro/libogc/lib/wii/libSDL.a(SDL_timer.o)
                0x8000bf7c                SDL_TimerQuit
 .text.SDL_ThreadedTimerCheck
                0x8000c018      0x1bc /opt/devkitpro/libogc/lib/wii/libSDL.a(SDL_timer.o)
                0x8000c018                SDL_ThreadedTimerCheck
 .text.RunTimer
                0x8000c1d4       0xb0 /opt/devkitpro/libogc/lib/wii/libSDL.a(SDL_systimer.o)
 .text.SDL_StartTicks
                0x8000c284        0x4 /opt/devkitpro/libogc/lib/wii/libSDL.a(SDL_systimer.o)
                0x8000c284                SDL_StartTicks
 .text.SDL_GetTicks
                0x8000c288       0x34 /opt/devkitpro/libogc/lib/wii/libSDL.a(SDL_systimer.o)
                0x8000c288                SDL_GetTicks
 .text.SDL_Delay
                0x8000c2bc       0x4c /opt/devkitpro/libogc/lib/wii/libSDL.a(SDL_systimer.o)
                0x8000c2bc                SDL_Delay
 .text.SDL_SYS_TimerInit
                0x8000c308       0x54 /opt/devkitpro/libogc/lib/wii/libSDL.a(SDL_systimer.o)
                0x8000c308                SDL_SYS_TimerInit
 .text.SDL_SYS_TimerQuit
                0x8000c35c       0x54 /opt/devkitpro/libogc/lib/wii/libSDL.a(SDL_systimer.o)
                0x8000c35c                SDL_SYS_TimerQuit
 .text.SDL_SYS_StopTimer
                0x8000c3b0        0x4 /opt/devkitpro/libogc/lib/wii/libSDL.a(SDL_systimer.o)
                0x8000c3b0                SDL_SYS_StopTimer
 .text.SDL_MouseRect
                0x8000c3b4       0xdc /opt/devkitpro/libogc/lib/wii/libSDL.a(SDL_cursor.o)
                0x8000c3b4                SDL_MouseRect
 .text.SDL_DrawCursorNoLock
                0x8000c490      0xb90 /opt/devkitpro/libogc/lib/wii/libSDL.a(SDL_cursor.o)
                0x8000c490                SDL_DrawCursorNoLock
 .text.SDL_DrawCursor
                0x8000d020       0xf8 /opt/devkitpro/libogc/lib/wii/libSDL.a(SDL_cursor.o)
                0x8000d020                SDL_DrawCursor
 .text.SDL_EraseCursorNoLock
                0x8000d118      0x1e0 /opt/devkitpro/libogc/lib/wii/libSDL.a(SDL_cursor.o)
                0x8000d118                SDL_EraseCursorNoLock
 .text.SDL_MoveCursor
                0x8000d2f8      0x2bc /opt/devkitpro/libogc/lib/wii/libSDL.a(SDL_cursor.o)
                0x8000d2f8                SDL_MoveCursor
 .text.SDL_EraseCursor
                0x8000d5b4       0xf8 /opt/devkitpro/libogc/lib/wii/libSDL.a(SDL_cursor.o)
                0x8000d5b4                SDL_EraseCursor
 .text.SDL_SetCursor
                0x8000d6ac      0x20c /opt/devkitpro/libogc/lib/wii/libSDL.a(SDL_cursor.o)
                0x8000d6ac                SDL_SetCursor
 .text.SDL_ShowCursor
                0x8000d8b8       0xe4 /opt/devkitpro/libogc/lib/wii/libSDL.a(SDL_cursor.o)
                0x8000d8b8                SDL_ShowCursor
 .text.SDL_FreeCursor
                0x8000d99c       0xbc /opt/devkitpro/libogc/lib/wii/libSDL.a(SDL_cursor.o)
                0x8000d99c                SDL_FreeCursor
 .text.SDL_CursorQuit
                0x8000da58       0x9c /opt/devkitpro/libogc/lib/wii/libSDL.a(SDL_cursor.o)
                0x8000da58                SDL_CursorQuit
 .text.SDL_CursorInit
                0x8000daf4      0x1c8 /opt/devkitpro/libogc/lib/wii/libSDL.a(SDL_cursor.o)
                0x8000daf4                SDL_CursorInit
 .text.SDL_ResetCursor
                0x8000dcbc       0x54 /opt/devkitpro/libogc/lib/wii/libSDL.a(SDL_cursor.o)
                0x8000dcbc                SDL_ResetCursor
 .text.Map1to1  0x8000dd10      0x154 /opt/devkitpro/libogc/lib/wii/libSDL.a(SDL_pixels.o)
 .text.MapNto1.isra.1
                0x8000de64       0xcc /opt/devkitpro/libogc/lib/wii/libSDL.a(SDL_pixels.o)
 .text.SDL_AllocFormat
                0x8000df30      0x674 /opt/devkitpro/libogc/lib/wii/libSDL.a(SDL_pixels.o)
                0x8000df30                SDL_AllocFormat
 .text.SDL_ReallocFormat
                0x8000e5a4      0x124 /opt/devkitpro/libogc/lib/wii/libSDL.a(SDL_pixels.o)
                0x8000e5a4                SDL_ReallocFormat
 .text.SDL_FormatChanged
                0x8000e6c8       0x84 /opt/devkitpro/libogc/lib/wii/libSDL.a(SDL_pixels.o)
                0x8000e6c8                SDL_FormatChanged
 .text.SDL_FreeFormat
                0x8000e74c       0x5c /opt/devkitpro/libogc/lib/wii/libSDL.a(SDL_pixels.o)
                0x8000e74c                SDL_FreeFormat
 .text.SDL_DitherColors
                0x8000e7a8       0x6c /opt/devkitpro/libogc/lib/wii/libSDL.a(SDL_pixels.o)
                0x8000e7a8                SDL_DitherColors
 .text.SDL_CalculatePitch
                0x8000e814       0x50 /opt/devkitpro/libogc/lib/wii/libSDL.a(SDL_pixels.o)
                0x8000e814                SDL_CalculatePitch
 .text.SDL_MapRGB
                0x8000e864       0xc8 /opt/devkitpro/libogc/lib/wii/libSDL.a(SDL_pixels.o)
                0x8000e864                SDL_MapRGB
 .text.SDL_AllocBlitMap
                0x8000e92c       0xdc /opt/devkitpro/libogc/lib/wii/libSDL.a(SDL_pixels.o)
                0x8000e92c                SDL_AllocBlitMap
 .text.SDL_InvalidateMap
                0x8000ea08       0x58 /opt/devkitpro/libogc/lib/wii/libSDL.a(SDL_pixels.o)
                0x8000ea08                SDL_InvalidateMap
 .text.SDL_MapSurface
                0x8000ea60      0x3c8 /opt/devkitpro/libogc/lib/wii/libSDL.a(SDL_pixels.o)
                0x8000ea60                SDL_MapSurface
 .text.SDL_FreeBlitMap
                0x8000ee28       0x70 /opt/devkitpro/libogc/lib/wii/libSDL.a(SDL_pixels.o)
                0x8000ee28                SDL_FreeBlitMap
 .text.SDL_FreeSurface.part.3
                0x8000ee98      0x158 /opt/devkitpro/libogc/lib/wii/libSDL.a(SDL_surface.o)
 .text.SDL_SetClipRect
                0x8000eff0      0x138 /opt/devkitpro/libogc/lib/wii/libSDL.a(SDL_surface.o)
                0x8000eff0                SDL_SetClipRect
 .text.SDL_LowerBlit
                0x8000f128      0x150 /opt/devkitpro/libogc/lib/wii/libSDL.a(SDL_surface.o)
                0x8000f128                SDL_LowerBlit
 .text.SDL_FillRect
                0x8000f278      0x660 /opt/devkitpro/libogc/lib/wii/libSDL.a(SDL_surface.o)
                0x8000f278                SDL_FillRect
 .text.SDL_LockSurface
                0x8000f8d8       0xb4 /opt/devkitpro/libogc/lib/wii/libSDL.a(SDL_surface.o)
                0x8000f8d8                SDL_LockSurface
 .text.SDL_UnlockSurface
                0x8000f98c       0x94 /opt/devkitpro/libogc/lib/wii/libSDL.a(SDL_surface.o)
                0x8000f98c                SDL_UnlockSurface
 .text.SDL_FreeSurface
                0x8000fa20       0x48 /opt/devkitpro/libogc/lib/wii/libSDL.a(SDL_surface.o)
                0x8000fa20                SDL_FreeSurface
 .text.SDL_CreateRGBSurface
                0x8000fa68      0x330 /opt/devkitpro/libogc/lib/wii/libSDL.a(SDL_surface.o)
                0x8000fa68                SDL_CreateRGBSurface
 .text.SDL_WM_GrabInputRaw
                0x8000fd98       0xec /opt/devkitpro/libogc/lib/wii/libSDL.a(SDL_video.o)
 .text.SDL_UpdateRects.constprop.3
                0x8000fe84      0x21c /opt/devkitpro/libogc/lib/wii/libSDL.a(SDL_video.o)
 .text.SDL_VideoModeOK
                0x800100a0      0x1d0 /opt/devkitpro/libogc/lib/wii/libSDL.a(SDL_video.o)
                0x800100a0                SDL_VideoModeOK
 .text.SDL_Flip
                0x80010270      0x1c8 /opt/devkitpro/libogc/lib/wii/libSDL.a(SDL_video.o)
                0x80010270                SDL_Flip
 .text.SDL_SetVideoMode
                0x80010438      0x8b0 /opt/devkitpro/libogc/lib/wii/libSDL.a(SDL_video.o)
                0x80010438                SDL_SetVideoMode
 .text.SDL_VideoQuit
                0x80010ce8      0x150 /opt/devkitpro/libogc/lib/wii/libSDL.a(SDL_video.o)
                0x80010ce8                SDL_VideoQuit
 .text.SDL_VideoInit
                0x80010e38      0x26c /opt/devkitpro/libogc/lib/wii/libSDL.a(SDL_video.o)
                0x80010e38                SDL_VideoInit
 .text.WII_VideoInit
                0x800110a4       0x68 /opt/devkitpro/libogc/lib/wii/libSDL.a(SDL_wiivideo.o)
 .text.WII_ListModes
                0x8001110c        0xc /opt/devkitpro/libogc/lib/wii/libSDL.a(SDL_wiivideo.o)
 .text.WII_AllocHWSurface
                0x80011118        0x8 /opt/devkitpro/libogc/lib/wii/libSDL.a(SDL_wiivideo.o)
 .text.WII_FreeHWSurface
                0x80011120        0x4 /opt/devkitpro/libogc/lib/wii/libSDL.a(SDL_wiivideo.o)
 .text.WII_LockHWSurface
                0x80011124        0x8 /opt/devkitpro/libogc/lib/wii/libSDL.a(SDL_wiivideo.o)
 .text.WII_UnlockHWSurface
                0x8001112c        0x4 /opt/devkitpro/libogc/lib/wii/libSDL.a(SDL_wiivideo.o)
 .text.WII_SetColors
                0x80011130       0x58 /opt/devkitpro/libogc/lib/wii/libSDL.a(SDL_wiivideo.o)
 .text.WII_Available
                0x80011188        0x8 /opt/devkitpro/libogc/lib/wii/libSDL.a(SDL_wiivideo.o)
 .text.WII_DeleteDevice
                0x80011190       0x38 /opt/devkitpro/libogc/lib/wii/libSDL.a(SDL_wiivideo.o)
 .text.WII_CreateDevice
                0x800111c8      0x188 /opt/devkitpro/libogc/lib/wii/libSDL.a(SDL_wiivideo.o)
 .text.WII_UpdateRect
                0x80011350      0x554 /opt/devkitpro/libogc/lib/wii/libSDL.a(SDL_wiivideo.o)
 .text.WII_UpdateRects
                0x800118a4       0x6c /opt/devkitpro/libogc/lib/wii/libSDL.a(SDL_wiivideo.o)
 .text.draw_init
                0x80011910      0x1c4 /opt/devkitpro/libogc/lib/wii/libSDL.a(SDL_wiivideo.o)
 .text.flip_thread
                0x80011ad4      0x2c0 /opt/devkitpro/libogc/lib/wii/libSDL.a(SDL_wiivideo.o)
 .text.SetupGX  0x80011d94      0x1e0 /opt/devkitpro/libogc/lib/wii/libSDL.a(SDL_wiivideo.o)
 .text.WII_FlipHWSurface
                0x80011f74      0x3bc /opt/devkitpro/libogc/lib/wii/libSDL.a(SDL_wiivideo.o)
 .text.WII_SetVideoMode
                0x80012330      0x2b0 /opt/devkitpro/libogc/lib/wii/libSDL.a(SDL_wiivideo.o)
 .text.WII_VideoQuit
                0x800125e0       0x64 /opt/devkitpro/libogc/lib/wii/libSDL.a(SDL_wiivideo.o)
 .text.WII_InitVideoSystem
                0x80012644      0x1cc /opt/devkitpro/libogc/lib/wii/libSDL.a(SDL_wiivideo.o)
                0x80012644                WII_InitVideoSystem
 .text.SDL_GobbleEvents
                0x80012810      0x158 /opt/devkitpro/libogc/lib/wii/libSDL.a(SDL_events.o)
 .text.SDL_PeepEvents.constprop.1
                0x80012968      0x310 /opt/devkitpro/libogc/lib/wii/libSDL.a(SDL_events.o)
 .text.SDL_Lock_EventThread
                0x80012c78       0x78 /opt/devkitpro/libogc/lib/wii/libSDL.a(SDL_events.o)
                0x80012c78                SDL_Lock_EventThread
 .text.SDL_Unlock_EventThread
                0x80012cf0       0x4c /opt/devkitpro/libogc/lib/wii/libSDL.a(SDL_events.o)
                0x80012cf0                SDL_Unlock_EventThread
 .text.SDL_StopEventLoop
                0x80012d3c       0xac /opt/devkitpro/libogc/lib/wii/libSDL.a(SDL_events.o)
                0x80012d3c                SDL_StopEventLoop
 .text.SDL_StartEventLoop
                0x80012de8      0x1d4 /opt/devkitpro/libogc/lib/wii/libSDL.a(SDL_events.o)
                0x80012de8                SDL_StartEventLoop
 .text.SDL_PeepEvents
                0x80012fbc      0x36c /opt/devkitpro/libogc/lib/wii/libSDL.a(SDL_events.o)
                0x80012fbc                SDL_PeepEvents
 .text.SDL_PushEvent
                0x80013328       0x3c /opt/devkitpro/libogc/lib/wii/libSDL.a(SDL_events.o)
                0x80013328                SDL_PushEvent
 .text.SDL_KeyboardInit
                0x80013364      0xbd8 /opt/devkitpro/libogc/lib/wii/libSDL.a(SDL_keyboard.o)
                0x80013364                SDL_KeyboardInit
 .text.SDL_KeyboardQuit
                0x80013f3c        0x4 /opt/devkitpro/libogc/lib/wii/libSDL.a(SDL_keyboard.o)
                0x80013f3c                SDL_KeyboardQuit
 .text.SDL_ResetKeyboard
                0x80013f40      0x1e0 /opt/devkitpro/libogc/lib/wii/libSDL.a(SDL_keyboard.o)
                0x80013f40                SDL_ResetKeyboard
 .text.SDL_PrivateKeyboard
                0x80014120      0x3b0 /opt/devkitpro/libogc/lib/wii/libSDL.a(SDL_keyboard.o)
                0x80014120                SDL_PrivateKeyboard
 .text.SDL_CheckKeyRepeat
                0x800144d0       0xb8 /opt/devkitpro/libogc/lib/wii/libSDL.a(SDL_keyboard.o)
                0x800144d0                SDL_CheckKeyRepeat
 .text.SDL_MouseInit
                0x80014588       0x34 /opt/devkitpro/libogc/lib/wii/libSDL.a(SDL_mouse.o)
                0x80014588                SDL_MouseInit
 .text.SDL_MouseQuit
                0x800145bc        0x4 /opt/devkitpro/libogc/lib/wii/libSDL.a(SDL_mouse.o)
                0x800145bc                SDL_MouseQuit
 .text.SDL_ResetMouse
                0x800145c0      0x44c /opt/devkitpro/libogc/lib/wii/libSDL.a(SDL_mouse.o)
                0x800145c0                SDL_ResetMouse
 .text.SDL_GetMouseState
                0x80014a0c       0x34 /opt/devkitpro/libogc/lib/wii/libSDL.a(SDL_mouse.o)
                0x80014a0c                SDL_GetMouseState
 .text.SDL_GetRelativeMouseState
                0x80014a40       0x40 /opt/devkitpro/libogc/lib/wii/libSDL.a(SDL_mouse.o)
                0x80014a40                SDL_GetRelativeMouseState
 .text.SDL_PrivateMouseMotion
                0x80014a80      0x22c /opt/devkitpro/libogc/lib/wii/libSDL.a(SDL_mouse.o)
                0x80014a80                SDL_PrivateMouseMotion
 .text.SDL_PrivateMouseButton
                0x80014cac      0x268 /opt/devkitpro/libogc/lib/wii/libSDL.a(SDL_mouse.o)
                0x80014cac                SDL_PrivateMouseButton
 .text.SDL_HandleSIG
                0x80014f14       0x8c /opt/devkitpro/libogc/lib/wii/libSDL.a(SDL_quit.o)
 .text.SDL_QuitInit
                0x80014fa0       0x68 /opt/devkitpro/libogc/lib/wii/libSDL.a(SDL_quit.o)
                0x80014fa0                SDL_QuitInit
 .text.SDL_QuitQuit
                0x80015008       0x6c /opt/devkitpro/libogc/lib/wii/libSDL.a(SDL_quit.o)
                0x80015008                SDL_QuitQuit
 .text.SDL_PrivateResize
                0x80015074      0x144 /opt/devkitpro/libogc/lib/wii/libSDL.a(SDL_resize.o)
                0x80015074                SDL_PrivateResize
 .text.SDL_CreateCond
                0x800151b8       0x78 /opt/devkitpro/libogc/lib/wii/libSDL.a(SDL_syscond.o)
                0x800151b8                SDL_CreateCond
 .text.SDL_DestroyCond
                0x80015230       0x3c /opt/devkitpro/libogc/lib/wii/libSDL.a(SDL_syscond.o)
                0x80015230                SDL_DestroyCond
 .text.SDL_CondSignal
                0x8001526c       0x54 /opt/devkitpro/libogc/lib/wii/libSDL.a(SDL_syscond.o)
                0x8001526c                SDL_CondSignal
 .text.SDL_CondWaitTimeout
                0x800152c0       0xd4 /opt/devkitpro/libogc/lib/wii/libSDL.a(SDL_syscond.o)
                0x800152c0                SDL_CondWaitTimeout
 .text.copy_opaque_16
                0x80015394      0x108 /opt/devkitpro/libogc/lib/wii/libSDL.a(SDL_RLEaccel.o)
 .text.uncopy_opaque_16
                0x8001549c      0x128 /opt/devkitpro/libogc/lib/wii/libSDL.a(SDL_RLEaccel.o)
 .text.copy_transl_565
                0x800155c4       0xf0 /opt/devkitpro/libogc/lib/wii/libSDL.a(SDL_RLEaccel.o)
 .text.copy_transl_555
                0x800156b4       0xf0 /opt/devkitpro/libogc/lib/wii/libSDL.a(SDL_RLEaccel.o)
 .text.uncopy_transl_16
                0x800157a4      0x114 /opt/devkitpro/libogc/lib/wii/libSDL.a(SDL_RLEaccel.o)
 .text.copy_32  0x800158b8       0xe8 /opt/devkitpro/libogc/lib/wii/libSDL.a(SDL_RLEaccel.o)
 .text.uncopy_32
                0x800159a0      0x100 /opt/devkitpro/libogc/lib/wii/libSDL.a(SDL_RLEaccel.o)
 .text.getpix_8
                0x80015aa0        0x8 /opt/devkitpro/libogc/lib/wii/libSDL.a(SDL_RLEaccel.o)
 .text.getpix_16
                0x80015aa8        0x8 /opt/devkitpro/libogc/lib/wii/libSDL.a(SDL_RLEaccel.o)
 .text.getpix_24
                0x80015ab0       0x20 /opt/devkitpro/libogc/lib/wii/libSDL.a(SDL_RLEaccel.o)
 .text.getpix_32
                0x80015ad0        0x8 /opt/devkitpro/libogc/lib/wii/libSDL.a(SDL_RLEaccel.o)
 .text.UnRLEAlpha
                0x80015ad8      0x230 /opt/devkitpro/libogc/lib/wii/libSDL.a(SDL_RLEaccel.o)
 .text.SDL_RLEBlit
                0x80015d08     0x233c /opt/devkitpro/libogc/lib/wii/libSDL.a(SDL_RLEaccel.o)
                0x80015d08                SDL_RLEBlit
 .text.SDL_RLEAlphaBlit
                0x80018044      0xadc /opt/devkitpro/libogc/lib/wii/libSDL.a(SDL_RLEaccel.o)
                0x80018044                SDL_RLEAlphaBlit
 .text.SDL_RLESurface
                0x80018b20      0xd48 /opt/devkitpro/libogc/lib/wii/libSDL.a(SDL_RLEaccel.o)
                0x80018b20                SDL_RLESurface
 .text.SDL_UnRLESurface
                0x80019868      0x140 /opt/devkitpro/libogc/lib/wii/libSDL.a(SDL_RLEaccel.o)
                0x80019868                SDL_UnRLESurface
 .text.SDL_SoftBlit
                0x800199a8      0x218 /opt/devkitpro/libogc/lib/wii/libSDL.a(SDL_blit.o)
 .text.SDL_BlitCopy
                0x80019bc0       0xa4 /opt/devkitpro/libogc/lib/wii/libSDL.a(SDL_blit.o)
 .text.SDL_BlitCopyOverlap
                0x80019c64      0x12c /opt/devkitpro/libogc/lib/wii/libSDL.a(SDL_blit.o)
 .text.SDL_CalculateBlit
                0x80019d90      0x3ec /opt/devkitpro/libogc/lib/wii/libSDL.a(SDL_blit.o)
                0x80019d90                SDL_CalculateBlit
 .text.BlitBto1
                0x8001a17c       0xfc /opt/devkitpro/libogc/lib/wii/libSDL.a(SDL_blit_0.o)
 .text.BlitBto2
                0x8001a278       0xb8 /opt/devkitpro/libogc/lib/wii/libSDL.a(SDL_blit_0.o)
 .text.BlitBto3
                0x8001a330       0xcc /opt/devkitpro/libogc/lib/wii/libSDL.a(SDL_blit_0.o)
 .text.BlitBto4
                0x8001a3fc       0xb8 /opt/devkitpro/libogc/lib/wii/libSDL.a(SDL_blit_0.o)
 .text.BlitBto1Key
                0x8001a4b4      0x114 /opt/devkitpro/libogc/lib/wii/libSDL.a(SDL_blit_0.o)
 .text.BlitBto2Key
                0x8001a5c8       0xd8 /opt/devkitpro/libogc/lib/wii/libSDL.a(SDL_blit_0.o)
 .text.BlitBto4Key
                0x8001a6a0       0xd8 /opt/devkitpro/libogc/lib/wii/libSDL.a(SDL_blit_0.o)
 .text.BlitBtoNAlpha
                0x8001a778      0x30c /opt/devkitpro/libogc/lib/wii/libSDL.a(SDL_blit_0.o)
 .text.BlitBtoNAlphaKey
                0x8001aa84      0x324 /opt/devkitpro/libogc/lib/wii/libSDL.a(SDL_blit_0.o)
 .text.BlitBto3Key
                0x8001ada8       0xec /opt/devkitpro/libogc/lib/wii/libSDL.a(SDL_blit_0.o)
 .text.SDL_CalculateBlit0
                0x8001ae94       0xc4 /opt/devkitpro/libogc/lib/wii/libSDL.a(SDL_blit_0.o)
                0x8001ae94                SDL_CalculateBlit0
 .text.Blit1to1
                0x8001af58      0x144 /opt/devkitpro/libogc/lib/wii/libSDL.a(SDL_blit_1.o)
 .text.Blit1to2
                0x8001b09c      0x164 /opt/devkitpro/libogc/lib/wii/libSDL.a(SDL_blit_1.o)
 .text.Blit1to3
                0x8001b200      0x204 /opt/devkitpro/libogc/lib/wii/libSDL.a(SDL_blit_1.o)
 .text.Blit1to4
                0x8001b404      0x160 /opt/devkitpro/libogc/lib/wii/libSDL.a(SDL_blit_1.o)
 .text.Blit1to1Key
                0x8001b564      0x2bc /opt/devkitpro/libogc/lib/wii/libSDL.a(SDL_blit_1.o)
 .text.Blit1to2Key
                0x8001b820      0x1b8 /opt/devkitpro/libogc/lib/wii/libSDL.a(SDL_blit_1.o)
 .text.Blit1to3Key
                0x8001b9d8      0x254 /opt/devkitpro/libogc/lib/wii/libSDL.a(SDL_blit_1.o)
 .text.Blit1to4Key
                0x8001bc2c      0x1b8 /opt/devkitpro/libogc/lib/wii/libSDL.a(SDL_blit_1.o)
 .text.Blit1toNAlpha
                0x8001bde4      0x878 /opt/devkitpro/libogc/lib/wii/libSDL.a(SDL_blit_1.o)
 .text.Blit1toNAlphaKey
                0x8001c65c      0xf24 /opt/devkitpro/libogc/lib/wii/libSDL.a(SDL_blit_1.o)
 .text.SDL_CalculateBlit1
                0x8001d580       0xa4 /opt/devkitpro/libogc/lib/wii/libSDL.a(SDL_blit_1.o)
                0x8001d580                SDL_CalculateBlit1
 .text.Blit_RGB888_index8
                0x8001d624      0x36c /opt/devkitpro/libogc/lib/wii/libSDL.a(SDL_blit_N.o)
 .text.Blit_RGB888_RGB555
                0x8001d990      0x1e0 /opt/devkitpro/libogc/lib/wii/libSDL.a(SDL_blit_N.o)
 .text.Blit_RGB888_RGB565
                0x8001db70      0x1e0 /opt/devkitpro/libogc/lib/wii/libSDL.a(SDL_blit_N.o)
 .text.Blit_RGB565_32
                0x8001dd50      0x214 /opt/devkitpro/libogc/lib/wii/libSDL.a(SDL_blit_N.o)
 .text.Blit_RGB565_ARGB8888
                0x8001df64        0xc /opt/devkitpro/libogc/lib/wii/libSDL.a(SDL_blit_N.o)
 .text.Blit_RGB565_ABGR8888
                0x8001df70        0xc /opt/devkitpro/libogc/lib/wii/libSDL.a(SDL_blit_N.o)
 .text.Blit_RGB565_RGBA8888
                0x8001df7c        0xc /opt/devkitpro/libogc/lib/wii/libSDL.a(SDL_blit_N.o)
 .text.Blit_RGB565_BGRA8888
                0x8001df88        0xc /opt/devkitpro/libogc/lib/wii/libSDL.a(SDL_blit_N.o)
 .text.Blit_RGB888_index8_map
                0x8001df94      0x1f0 /opt/devkitpro/libogc/lib/wii/libSDL.a(SDL_blit_N.o)
 .text.BlitNto1
                0x8001e184      0xe34 /opt/devkitpro/libogc/lib/wii/libSDL.a(SDL_blit_N.o)
 .text.Blit4to4MaskAlpha
                0x8001efb8      0x274 /opt/devkitpro/libogc/lib/wii/libSDL.a(SDL_blit_N.o)
 .text.BlitNtoN
                0x8001f22c      0xf9c /opt/devkitpro/libogc/lib/wii/libSDL.a(SDL_blit_N.o)
 .text.BlitNtoNCopyAlpha
                0x800201c8      0x2dc /opt/devkitpro/libogc/lib/wii/libSDL.a(SDL_blit_N.o)
 .text.BlitNto1Key
                0x800204a4     0x1094 /opt/devkitpro/libogc/lib/wii/libSDL.a(SDL_blit_N.o)
 .text.Blit2to2Key
                0x80021538      0x1b4 /opt/devkitpro/libogc/lib/wii/libSDL.a(SDL_blit_N.o)
 .text.BlitNtoNKey
                0x800216ec      0xe84 /opt/devkitpro/libogc/lib/wii/libSDL.a(SDL_blit_N.o)
 .text.BlitNtoNKeyCopyAlpha
                0x80022570     0x1214 /opt/devkitpro/libogc/lib/wii/libSDL.a(SDL_blit_N.o)
 .text.SDL_CalculateBlitN
                0x80023784      0x3c0 /opt/devkitpro/libogc/lib/wii/libSDL.a(SDL_blit_N.o)
                0x80023784                SDL_CalculateBlitN
 .text.PumpEvents
                0x80023b44      0x33c /opt/devkitpro/libogc/lib/wii/libSDL.a(SDL_wiievents.o)
                0x80023b44                PumpEvents
 .text.WII_PumpEvents
                0x80023e80       0x4c /opt/devkitpro/libogc/lib/wii/libSDL.a(SDL_wiievents.o)
                0x80023e80                WII_PumpEvents
 .text.WII_InitOSKeymap
                0x80023ecc      0x338 /opt/devkitpro/libogc/lib/wii/libSDL.a(SDL_wiievents.o)
                0x80023ecc                WII_InitOSKeymap
 .text.SDL_HasMMX
                0x80024204       0x4c /opt/devkitpro/libogc/lib/wii/libSDL.a(SDL_cpuinfo.o)
                0x80024204                SDL_HasMMX
 .text.SDL_AppActiveInit
                0x80024250       0x14 /opt/devkitpro/libogc/lib/wii/libSDL.a(SDL_active.o)
                0x80024250                SDL_AppActiveInit
 .text.SDL_AppActiveQuit
                0x80024264        0x4 /opt/devkitpro/libogc/lib/wii/libSDL.a(SDL_active.o)
                0x80024264                SDL_AppActiveQuit
 .text.BlitNto1SurfaceAlpha
                0x80024268      0x63c /opt/devkitpro/libogc/lib/wii/libSDL.a(SDL_blit_A.o)
 .text.BlitNto1PixelAlpha
                0x800248a4      0x790 /opt/devkitpro/libogc/lib/wii/libSDL.a(SDL_blit_A.o)
 .text.BlitNto1SurfaceAlphaKey
                0x80025034      0xc18 /opt/devkitpro/libogc/lib/wii/libSDL.a(SDL_blit_A.o)
 .text.BlitRGBtoRGBSurfaceAlpha
                0x80025c4c      0x3bc /opt/devkitpro/libogc/lib/wii/libSDL.a(SDL_blit_A.o)
 .text.BlitRGBtoRGBPixelAlpha
                0x80026008      0x2ac /opt/devkitpro/libogc/lib/wii/libSDL.a(SDL_blit_A.o)
 .text.Blit16to16SurfaceAlpha128
                0x800262b4      0x29c /opt/devkitpro/libogc/lib/wii/libSDL.a(SDL_blit_A.o)
 .text.Blit565to565SurfaceAlpha
                0x80026550      0x1d8 /opt/devkitpro/libogc/lib/wii/libSDL.a(SDL_blit_A.o)
 .text.Blit555to555SurfaceAlpha
                0x80026728      0x1d8 /opt/devkitpro/libogc/lib/wii/libSDL.a(SDL_blit_A.o)
 .text.BlitARGBto565PixelAlpha
                0x80026900      0x294 /opt/devkitpro/libogc/lib/wii/libSDL.a(SDL_blit_A.o)
 .text.BlitARGBto555PixelAlpha
                0x80026b94      0x294 /opt/devkitpro/libogc/lib/wii/libSDL.a(SDL_blit_A.o)
 .text.BlitNtoNSurfaceAlpha
                0x80026e28      0xee0 /opt/devkitpro/libogc/lib/wii/libSDL.a(SDL_blit_A.o)
 .text.BlitNtoNSurfaceAlphaKey
                0x80027d08      0xad8 /opt/devkitpro/libogc/lib/wii/libSDL.a(SDL_blit_A.o)
 .text.BlitNtoNPixelAlpha
                0x800287e0     0x128c /opt/devkitpro/libogc/lib/wii/libSDL.a(SDL_blit_A.o)
 .text.SDL_CalculateAlphaBlit
                0x80029a6c      0x220 /opt/devkitpro/libogc/lib/wii/libSDL.a(SDL_blit_A.o)
                0x80029a6c                SDL_CalculateAlphaBlit
 .text.__wpad_assign_slot
                0x80029c8c      0x220 /opt/devkitpro/libogc/lib/wii/libwiiuse.a(wpad.o)
                0x80029c8c                __wpad_assign_slot
 .text.__wpad_def_powcb
                0x80029eac       0x20 /opt/devkitpro/libogc/lib/wii/libwiiuse.a(wpad.o)
 .text.__wpad_setfmt
                0x80029ecc       0xf0 /opt/devkitpro/libogc/lib/wii/libwiiuse.a(wpad.o)
 .text.__readlinkkey_finished
                0x80029fbc       0x30 /opt/devkitpro/libogc/lib/wii/libwiiuse.a(wpad.o)
 .text.__wpad_patch_finished
                0x80029fec       0x2c /opt/devkitpro/libogc/lib/wii/libwiiuse.a(wpad.o)
 .text.__wpad_eventCB
                0x8002a018      0x958 /opt/devkitpro/libogc/lib/wii/libwiiuse.a(wpad.o)
 .text.__wpad_disconnectCB
                0x8002a970       0xe8 /opt/devkitpro/libogc/lib/wii/libwiiuse.a(wpad.o)
                0x8002a970                __wpad_disconnectCB
 .text.__wpad_timeouthandler
                0x8002aa58       0x98 /opt/devkitpro/libogc/lib/wii/libwiiuse.a(wpad.o)
 .text.__initcore_finished
                0x8002aaf0       0x40 /opt/devkitpro/libogc/lib/wii/libwiiuse.a(wpad.o)
 .text.__wpad_init_finished
                0x8002ab30      0x134 /opt/devkitpro/libogc/lib/wii/libwiiuse.a(wpad.o)
 .text.WPAD_ReadEvent
                0x8002ac64      0x580 /opt/devkitpro/libogc/lib/wii/libwiiuse.a(wpad.o)
                0x8002ac64                WPAD_ReadEvent
 .text.WPAD_ReadPending
                0x8002b1e4      0x10c /opt/devkitpro/libogc/lib/wii/libwiiuse.a(wpad.o)
                0x8002b1e4                WPAD_ReadPending
 .text.WPAD_SetDataFormat
                0x8002b2f0      0x114 /opt/devkitpro/libogc/lib/wii/libwiiuse.a(wpad.o)
                0x8002b2f0                WPAD_SetDataFormat
 .text.WPAD_SetVRes
                0x8002b404       0xe0 /opt/devkitpro/libogc/lib/wii/libwiiuse.a(wpad.o)
                0x8002b404                WPAD_SetVRes
 .text.WPAD_Probe
                0x8002b4e4       0xd4 /opt/devkitpro/libogc/lib/wii/libwiiuse.a(wpad.o)
                0x8002b4e4                WPAD_Probe
 .text.WPAD_SetPowerButtonCallback
                0x8002b5b8       0x50 /opt/devkitpro/libogc/lib/wii/libwiiuse.a(wpad.o)
                0x8002b5b8                WPAD_SetPowerButtonCallback
 .text.WPAD_Shutdown
                0x8002b608       0xdc /opt/devkitpro/libogc/lib/wii/libwiiuse.a(wpad.o)
                0x8002b608                WPAD_Shutdown
 .text.WPAD_Init
                0x8002b6e4      0x240 /opt/devkitpro/libogc/lib/wii/libwiiuse.a(wpad.o)
                0x8002b6e4                WPAD_Init
 .text.__wpad_onreset
                0x8002b924       0x2c /opt/devkitpro/libogc/lib/wii/libwiiuse.a(wpad.o)
 .text.WPAD_ScanPads
                0x8002b950        0xc /opt/devkitpro/libogc/lib/wii/libwiiuse.a(wpad.o)
                0x8002b950                WPAD_ScanPads
 .text.WPAD_Data
                0x8002b95c       0x24 /opt/devkitpro/libogc/lib/wii/libwiiuse.a(wpad.o)
                0x8002b95c                WPAD_Data
 .text.WPAD_ButtonsDown
                0x8002b980       0x28 /opt/devkitpro/libogc/lib/wii/libwiiuse.a(wpad.o)
                0x8002b980                WPAD_ButtonsDown
 .text.WPAD_ButtonsHeld
                0x8002b9a8       0x28 /opt/devkitpro/libogc/lib/wii/libwiiuse.a(wpad.o)
                0x8002b9a8                WPAD_ButtonsHeld
 .text.WPAD_Expansion
                0x8002b9d0       0x4c /opt/devkitpro/libogc/lib/wii/libwiiuse.a(wpad.o)
                0x8002b9d0                WPAD_Expansion
 .text.motion_plus_disconnected
                0x8002ba1c       0x10 /opt/devkitpro/libogc/lib/wii/libwiiuse.a(motion_plus.o)
                0x8002ba1c                motion_plus_disconnected
 .text.motion_plus_event
                0x8002ba2c       0x64 /opt/devkitpro/libogc/lib/wii/libwiiuse.a(motion_plus.o)
                0x8002ba2c                motion_plus_event
 .text.calculate_gforce
                0x8002ba90      0x114 /opt/devkitpro/libogc/lib/wii/libwiiuse.a(dynamics.o)
                0x8002ba90                calculate_gforce
 .text.calc_joystick_state
                0x8002bba4      0x21c /opt/devkitpro/libogc/lib/wii/libwiiuse.a(dynamics.o)
                0x8002bba4                calc_joystick_state
 .text.apply_smoothing
                0x8002bdc0      0x148 /opt/devkitpro/libogc/lib/wii/libwiiuse.a(dynamics.o)
                0x8002bdc0                apply_smoothing
 .text.calculate_orientation
                0x8002bf08      0x29c /opt/devkitpro/libogc/lib/wii/libwiiuse.a(dynamics.o)